[1,0]<stdout>:a2ap-dgx010:410106:410106 [2] NCCL INFO Channel 14/0 : 2[2] -> 3[3] via P2P/IPC
[1,0]<stdout>:a2ap-dgx010:410108:410108 [4] NCCL INFO Channel 12/0 : 4[5] -> 5[4] via P2P/IPC
[1,0]<stdout>:a2ap-dgx010:410107:410107 [3] NCCL INFO Channel 00/0 : 3[3] -> 5[4] via P2P/IPC
[1,0]<stdout>:a2ap-dgx010:410108:410108 [4] NCCL INFO Channel 15/0 : 4[5] -> 5[4] via P2P/IPC
[1,0]<stdout>:a2ap-dgx010:410131:410131 [6] NCCL INFO Channel 12/0 : 6[6] -> 7[7] via P2P/IPC
[1,0]<stdout>:a2ap-dgx010:410107:410107 [3] NCCL INFO Channel 02/0 : 3[3] -> 5[4] via P2P/IPC
[1,0]<stdout>:a2ap-dgx010:410131:410131 [6] NCCL INFO Channel 14/0 : 6[6] -> 7[7] via P2P/IPC
[1,0]<stdout>:a2ap-dgx010:410104:410104 [0] NCCL INFO Channel 00/0 : 0[1] -> 2[2] via P2P/IPC
[1,0]<stdout>:a2ap-dgx010:410105:410105 [1] NCCL INFO Channel 01/0 : 1[0] -> 7[7] via P2P/IPC
[1,0]<stdout>:a2ap-dgx010:410107:410107 [3] NCCL INFO Channel 06/0 : 3[3] -> 5[4] via P2P/IPC
[1,0]<stdout>:a2ap-dgx010:410104:410104 [0] NCCL INFO Channel 04/0 : 0[1] -> 2[2] via P2P/IPC
[1,0]<stdout>:a2ap-dgx010:410105:410105 [1] NCCL INFO Channel 03/0 : 1[0] -> 7[7] via P2P/IPC
[1,0]<stdout>:a2ap-dgx010:410104:410104 [0] NCCL INFO Channel 06/0 : 0[1] -> 2[2] via P2P/IPC
[1,0]<stdout>:a2ap-dgx010:410105:410105 [1] NCCL INFO Channel 05/0 : 1[0] -> 7[7] via P2P/IPC
[1,0]<stdout>:a2ap-dgx010:410107:410107 [3] NCCL INFO Channel 08/0 : 3[3] -> 5[4] via P2P/IPC
[1,0]<stdout>:a2ap-dgx010:410104:410104 [0] NCCL INFO Channel 08/0 : 0[1] -> 2[2] via P2P/IPC
[1,0]<stdout>:a2ap-dgx010:410108:410108 [4] NCCL INFO Channel 00/0 : 4[5] -> 6[6] via P2P/IPC
[1,0]<stdout>:a2ap-dgx010:410105:410105 [1] NCCL INFO Channel 07/0 : 1[0] -> 7[7] via P2P/IPC
[1,0]<stdout>:a2ap-dgx010:410104:410104 [0] NCCL INFO Channel 12/0 : 0[1] -> 2[2] via P2P/IPC
[1,0]<stdout>:a2ap-dgx010:410107:410107 [3] NCCL INFO Channel 10/0 : 3[3] -> 5[4] via P2P/IPC
[1,0]<stdout>:a2ap-dgx010:410108:410108 [4] NCCL INFO Channel 02/0 : 4[5] -> 6[6] via P2P/IPC
[1,0]<stdout>:a2ap-dgx010:410105:410105 [1] NCCL INFO Channel 09/0 : 1[0] -> 7[7] via P2P/IPC
[1,0]<stdout>:a2ap-dgx010:410104:410104 [0] NCCL INFO Channel 14/0 : 0[1] -> 2[2] via P2P/IPC
[1,0]<stdout>:a2ap-dgx010:410107:410107 [3] NCCL INFO Channel 14/0 : 3[3] -> 5[4] via P2P/IPC
[1,0]<stdout>:a2ap-dgx010:410108:410108 [4] NCCL INFO Channel 04/0 : 4[5] -> 6[6] via P2P/IPC
[1,0]<stdout>:a2ap-dgx010:410105:410105 [1] NCCL INFO Channel 11/0 : 1[0] -> 7[7] via P2P/IPC
[1,0]<stdout>:a2ap-dgx010:410108:410108 [4] NCCL INFO Channel 08/0 : 4[5] -> 6[6] via P2P/IPC
[1,0]<stdout>:a2ap-dgx010:410104:410104 [0] NCCL INFO Channel 01/0 : 0[1] -> 9[1] [send] via NET/IB/15/GDRDMA
[1,0]<stdout>:a2ap-dgx010:410106:410106 [2] NCCL INFO Channel 02/0 : 2[2] -> 10[2] [send] via NET/IB/16/GDRDMA
[1,0]<stdout>:a2ap-dgx010:410104:410104 [0] NCCL INFO Channel 09/0 : 0[1] -> 9[1] [send] via NET/IB/15/GDRDMA
[1,0]<stdout>:a2ap-dgx010:410106:410106 [2] NCCL INFO Channel 10/0 : 2[2] -> 10[2] [send] via NET/IB/16/GDRDMA
[1,0]<stdout>:a2ap-dgx010:410105:410105 [1] NCCL INFO Channel 13/0 : 1[0] -> 7[7] via P2P/IPC
[1,0]<stdout>:a2ap-dgx010:410108:410108 [4] NCCL INFO Channel 10/0 : 4[5] -> 6[6] via P2P/IPC
[1,0]<stdout>:a2ap-dgx010:410105:410105 [1] NCCL INFO Channel 15/0 : 1[0] -> 7[7] via P2P/IPC
[1,0]<stdout>:a2ap-dgx010:410108:410108 [4] NCCL INFO Channel 12/0 : 4[5] -> 6[6] via P2P/IPC
[1,0]<stdout>:a2ap-dgx010:410109:410109 [5] NCCL INFO Channel 04/0 : 5[4] -> 12[4] [send] via NET/IB/18/GDRDMA
[1,0]<stdout>:a2ap-dgx010:410107:410107 [3] NCCL INFO Channel 03/0 : 3[3] -> 11[3] [send] via NET/IB/17/GDRDMA
[1,0]<stdout>:a2ap-dgx010:410109:410109 [5] NCCL INFO Channel 12/0 : 5[4] -> 12[4] [send] via NET/IB/18/GDRDMA
[1,0]<stdout>:a2ap-dgx010:410107:410107 [3] NCCL INFO Channel 11/0 : 3[3] -> 11[3] [send] via NET/IB/17/GDRDMA
[1,0]<stdout>:a2ap-dgx010:410108:410108 [4] NCCL INFO Channel 05/0 : 4[5] -> 13[5] [send] via NET/IB/21/GDRDMA
[1,0]<stdout>:a2ap-dgx010:410131:410131 [6] NCCL INFO Channel 06/0 : 6[6] -> 14[6] [send] via NET/IB/22/GDRDMA
[1,0]<stdout>:a2ap-dgx010:410108:410108 [4] NCCL INFO Channel 13/0 : 4[5] -> 13[5] [send] via NET/IB/21/GDRDMA
[1,0]<stdout>:a2ap-dgx010:410131:410131 [6] NCCL INFO Channel 14/0 : 6[6] -> 14[6] [send] via NET/IB/22/GDRDMA
[1,0]<stdout>:a2ap-dgx010:410105:410105 [1] NCCL INFO Channel 00/0 : 1[0] -> 8[0] [send] via NET/IB/12/GDRDMA
[1,0]<stdout>:a2ap-dgx010:410132:410132 [7] NCCL INFO Channel 07/0 : 7[7] -> 15[7] [send] via NET/IB/23/GDRDMA
[1,0]<stdout>:a2ap-dgx010:410105:410105 [1] NCCL INFO Channel 08/0 : 1[0] -> 8[0] [send] via NET/IB/12/GDRDMA
[1,0]<stdout>:a2ap-dgx010:410132:410132 [7] NCCL INFO Channel 15/0 : 7[7] -> 15[7] [send] via NET/IB/23/GDRDMA
[1,0]<stdout>:a2ap-dgx010:410131:410131 [6] NCCL INFO Channel 01/0 : 6[6] -> 4[5] via P2P/IPC
[1,0]<stdout>:a2ap-dgx010:410131:410131 [6] NCCL INFO Channel 03/0 : 6[6] -> 4[5] via P2P/IPC
[1,0]<stdout>:a2ap-dgx010:410131:410131 [6] NCCL INFO Channel 05/0 : 6[6] -> 4[5] via P2P/IPC
[1,0]<stdout>:a2ap-dgx010:410109:410109 [5] NCCL INFO Channel 01/0 : 5[4] -> 3[3] via P2P/IPC
[1,0]<stdout>:a2ap-dgx010:410106:410106 [2] NCCL INFO Channel 01/0 : 2[2] -> 0[1] via P2P/IPC
[1,0]<stdout>:a2ap-dgx010:410132:410132 [7] NCCL INFO Channel 02/0 : 7[7] -> 1[0] via P2P/IPC
[1,0]<stdout>:a2ap-dgx010:410131:410131 [6] NCCL INFO Channel 07/0 : 6[6] -> 4[5] via P2P/IPC
[1,0]<stdout>:a2ap-dgx010:410106:410106 [2] NCCL INFO Channel 03/0 : 2[2] -> 0[1] via P2P/IPC
[1,0]<stdout>:a2ap-dgx010:410109:410109 [5] NCCL INFO Channel 03/0 : 5[4] -> 3[3] via P2P/IPC
[1,0]<stdout>:a2ap-dgx010:410132:410132 [7] NCCL INFO Channel 04/0 : 7[7] -> 1[0] via P2P/IPC
[1,0]<stdout>:a2ap-dgx010:410109:410109 [5] NCCL INFO Channel 05/0 : 5[4] -> 3[3] via P2P/IPC
[1,0]<stdout>:a2ap-dgx010:410131:410131 [6] NCCL INFO Channel 09/0 : 6[6] -> 4[5] via P2P/IPC
[1,0]<stdout>:a2ap-dgx010:410106:410106 [2] NCCL INFO Channel 05/0 : 2[2] -> 0[1] via P2P/IPC
[1,0]<stdout>:a2ap-dgx010:410109:410109 [5] NCCL INFO Channel 07/0 : 5[4] -> 3[3] via P2P/IPC
[1,0]<stdout>:a2ap-dgx010:410131:410131 [6] NCCL INFO Channel 11/0 : 6[6] -> 4[5] via P2P/IPC
[1,0]<stdout>:a2ap-dgx010:410106:410106 [2] NCCL INFO Channel 07/0 : 2[2] -> 0[1] via P2P/IPC
[1,0]<stdout>:a2ap-dgx010:410109:410109 [5] NCCL INFO Channel 09/0 : 5[4] -> 3[3] via P2P/IPC
[1,0]<stdout>:a2ap-dgx010:410131:410131 [6] NCCL INFO Channel 13/0 : 6[6] -> 4[5] via P2P/IPC
[1,0]<stdout>:a2ap-dgx010:410106:410106 [2] NCCL INFO Channel 09/0 : 2[2] -> 0[1] via P2P/IPC
[1,0]<stdout>:a2ap-dgx010:410109:410109 [5] NCCL INFO Channel 11/0 : 5[4] -> 3[3] via P2P/IPC
[1,0]<stdout>:a2ap-dgx010:410131:410131 [6] NCCL INFO Channel 15/0 : 6[6] -> 4[5] via P2P/IPC
[1,0]<stdout>:a2ap-dgx010:410106:410106 [2] NCCL INFO Channel 11/0 : 2[2] -> 0[1] via P2P/IPC
[1,0]<stdout>:a2ap-dgx010:410109:410109 [5] NCCL INFO Channel 13/0 : 5[4] -> 3[3] via P2P/IPC
[1,0]<stdout>:a2ap-dgx010:410106:410106 [2] NCCL INFO Channel 13/0 : 2[2] -> 0[1] via P2P/IPC
[1,0]<stdout>:a2ap-dgx010:410109:410109 [5] NCCL INFO Channel 15/0 : 5[4] -> 3[3] via P2P/IPC
[1,0]<stdout>:a2ap-dgx010:410132:410132 [7] NCCL INFO Channel 06/0 : 7[7] -> 1[0] via P2P/IPC
[1,0]<stdout>:a2ap-dgx010:410132:410132 [7] NCCL INFO Channel 10/0 : 7[7] -> 1[0] via P2P/IPC
[1,0]<stdout>:a2ap-dgx010:410106:410106 [2] NCCL INFO Channel 15/0 : 2[2] -> 0[1] via P2P/IPC
[1,0]<stdout>:a2ap-dgx010:410132:410132 [7] NCCL INFO Channel 12/0 : 7[7] -> 1[0] via P2P/IPC
[1,0]<stdout>:a2ap-dgx010:410132:410132 [7] NCCL INFO Channel 14/0 : 7[7] -> 1[0] via P2P/IPC
[1,0]<stdout>:a2ap-dgx010:410132:410132 [7] NCCL INFO Channel 01/0 : 7[7] -> 6[6] via P2P/IPC
[1,0]<stdout>:a2ap-dgx010:410105:410105 [1] NCCL INFO Channel 00/0 : 1[0] -> 0[1] via P2P/IPC
[1,0]<stdout>:a2ap-dgx010:410107:410107 [3] NCCL INFO Channel 01/0 : 3[3] -> 2[2] via P2P/IPC
[1,0]<stdout>:a2ap-dgx010:410109:410109 [5] NCCL INFO Channel 00/0 : 5[4] -> 4[5] via P2P/IPC
[1,0]<stdout>:a2ap-dgx010:410105:410105 [1] NCCL INFO Channel 02/0 : 1[0] -> 0[1] via P2P/IPC
[1,0]<stdout>:a2ap-dgx010:410107:410107 [3] NCCL INFO Channel 02/0 : 3[3] -> 2[2] via P2P/IPC
[1,0]<stdout>:a2ap-dgx010:410109:410109 [5] NCCL INFO Channel 02/0 : 5[4] -> 4[5] via P2P/IPC
[1,0]<stdout>:a2ap-dgx010:410105:410105 [1] NCCL INFO Channel 04/0 : 1[0] -> 0[1] via P2P/IPC
[1,0]<stdout>:a2ap-dgx010:410107:410107 [3] NCCL INFO Channel 05/0 : 3[3] -> 2[2] via P2P/IPC
[1,0]<stdout>:a2ap-dgx010:410109:410109 [5] NCCL INFO Channel 04/0 : 5[4] -> 4[5] via P2P/IPC
[1,0]<stdout>:a2ap-dgx010:410105:410105 [1] NCCL INFO Channel 06/0 : 1[0] -> 0[1] via P2P/IPC
[1,0]<stdout>:a2ap-dgx010:410107:410107 [3] NCCL INFO Channel 07/0 : 3[3] -> 2[2] via P2P/IPC
[1,0]<stdout>:a2ap-dgx010:410109:410109 [5] NCCL INFO Channel 06/0 : 5[4] -> 4[5] via P2P/IPC
[1,0]<stdout>:a2ap-dgx010:410105:410105 [1] NCCL INFO Channel 08/0 : 1[0] -> 0[1] via P2P/IPC
[1,0]<stdout>:a2ap-dgx010:410132:410132 [7] NCCL INFO Channel 03/0 : 7[7] -> 6[6] via P2P/IPC
[1,0]<stdout>:a2ap-dgx010:410109:410109 [5] NCCL INFO Channel 08/0 : 5[4] -> 4[5] via P2P/IPC
[1,0]<stdout>:a2ap-dgx010:410105:410105 [1] NCCL INFO Channel 10/0 : 1[0] -> 0[1] via P2P/IPC
[1,0]<stdout>:a2ap-dgx010:410132:410132 [7] NCCL INFO Channel 05/0 : 7[7] -> 6[6] via P2P/IPC
[1,0]<stdout>:a2ap-dgx010:410109:410109 [5] NCCL INFO Channel 10/0 : 5[4] -> 4[5] via P2P/IPC
[1,0]<stdout>:a2ap-dgx010:410105:410105 [1] NCCL INFO Channel 12/0 : 1[0] -> 0[1] via P2P/IPC
[1,0]<stdout>:a2ap-dgx010:410132:410132 [7] NCCL INFO Channel 06/0 : 7[7] -> 6[6] via P2P/IPC
[1,0]<stdout>:a2ap-dgx010:410109:410109 [5] NCCL INFO Channel 12/0 : 5[4] -> 4[5] via P2P/IPC
[1,0]<stdout>:a2ap-dgx010:410105:410105 [1] NCCL INFO Channel 14/0 : 1[0] -> 0[1] via P2P/IPC
[1,0]<stdout>:a2ap-dgx010:410132:410132 [7] NCCL INFO Channel 09/0 : 7[7] -> 6[6] via P2P/IPC
[1,0]<stdout>:a2ap-dgx010:410109:410109 [5] NCCL INFO Channel 14/0 : 5[4] -> 4[5] via P2P/IPC
[1,0]<stdout>:a2ap-dgx010:410132:410132 [7] NCCL INFO Channel 11/0 : 7[7] -> 6[6] via P2P/IPC
[1,0]<stdout>:a2ap-dgx010:410132:410132 [7] NCCL INFO Channel 13/0 : 7[7] -> 6[6] via P2P/IPC
[1,0]<stdout>:a2ap-dgx010:410132:410132 [7] NCCL INFO Channel 14/0 : 7[7] -> 6[6] via P2P/IPC
[1,0]<stdout>:a2ap-dgx010:410107:410107 [3] NCCL INFO Channel 09/0 : 3[3] -> 2[2] via P2P/IPC
[1,0]<stdout>:a2ap-dgx010:410107:410107 [3] NCCL INFO Channel 10/0 : 3[3] -> 2[2] via P2P/IPC
[1,0]<stdout>:a2ap-dgx010:410107:410107 [3] NCCL INFO Channel 13/0 : 3[3] -> 2[2] via P2P/IPC
[1,0]<stdout>:a2ap-dgx010:410107:410107 [3] NCCL INFO Channel 15/0 : 3[3] -> 2[2] via P2P/IPC
[1,0]<stdout>:a2ap-dgx010:410131:410131 [6] NCCL INFO Connected all trees
[1,0]<stdout>:a2ap-dgx010:410132:410132 [7] NCCL INFO Connected all trees
[1,0]<stdout>:a2ap-dgx010:410104:410104 [0] NCCL INFO Connected all trees
[1,0]<stdout>:a2ap-dgx010:410105:410105 [1] NCCL INFO Connected all trees
[1,0]<stdout>:a2ap-dgx010:410109:410109 [5] NCCL INFO Connected all trees
[1,0]<stdout>:a2ap-dgx010:410108:410108 [4] NCCL INFO Connected all trees
[1,0]<stdout>:a2ap-dgx010:410107:410107 [3] NCCL INFO Connected all trees
[1,0]<stdout>:a2ap-dgx010:410106:410106 [2] NCCL INFO Connected all trees
[1,0]<stdout>:a2ap-dgx010:410132:410132 [7] NCCL INFO threadThresholds 8/8/64 | 128/8/64 | 512 | 512
[1,0]<stdout>:a2ap-dgx010:410132:410132 [7] NCCL INFO 16 coll channels, 16 collnet channels, 0 nvls channels, 16 p2p channels, 2 p2p channels per peer
[1,0]<stdout>:a2ap-dgx010:410131:410131 [6] NCCL INFO threadThresholds 8/8/64 | 128/8/64 | 512 | 512
[1,0]<stdout>:a2ap-dgx010:410131:410131 [6] NCCL INFO 16 coll channels, 16 collnet channels, 0 nvls channels, 16 p2p channels, 2 p2p channels per peer
[1,0]<stdout>:a2ap-dgx010:410107:410107 [3] NCCL INFO threadThresholds 8/8/64 | 128/8/64 | 512 | 512
[1,0]<stdout>:a2ap-dgx010:410107:410107 [3] NCCL INFO 16 coll channels, 16 collnet channels, 0 nvls channels, 16 p2p channels, 2 p2p channels per peer
[1,0]<stdout>:a2ap-dgx010:410106:410106 [2] NCCL INFO threadThresholds 8/8/64 | 128/8/64 | 512 | 512
[1,0]<stdout>:a2ap-dgx010:410106:410106 [2] NCCL INFO 16 coll channels, 16 collnet channels, 0 nvls channels, 16 p2p channels, 2 p2p channels per peer
[1,0]<stdout>:a2ap-dgx010:410109:410109 [5] NCCL INFO threadThresholds 8/8/64 | 128/8/64 | 512 | 512
[1,0]<stdout>:a2ap-dgx010:410109:410109 [5] NCCL INFO 16 coll channels, 16 collnet channels, 0 nvls channels, 16 p2p channels, 2 p2p channels per peer
[1,0]<stdout>:a2ap-dgx010:410104:410104 [0] NCCL INFO threadThresholds 8/8/64 | 128/8/64 | 512 | 512
[1,0]<stdout>:a2ap-dgx010:410104:410104 [0] NCCL INFO 16 coll channels, 16 collnet channels, 0 nvls channels, 16 p2p channels, 2 p2p channels per peer
[1,0]<stdout>:a2ap-dgx010:410108:410108 [4] NCCL INFO threadThresholds 8/8/64 | 128/8/64 | 512 | 512
[1,0]<stdout>:a2ap-dgx010:410108:410108 [4] NCCL INFO 16 coll channels, 16 collnet channels, 0 nvls channels, 16 p2p channels, 2 p2p channels per peer
[1,0]<stdout>:a2ap-dgx010:410104:410104 [0] NCCL INFO CC Off, workFifoBytes 1048576
[1,0]<stdout>:a2ap-dgx010:410105:410105 [1] NCCL INFO threadThresholds 8/8/64 | 128/8/64 | 512 | 512
[1,0]<stdout>:a2ap-dgx010:410105:410105 [1] NCCL INFO 16 coll channels, 16 collnet channels, 0 nvls channels, 16 p2p channels, 2 p2p channels per peer
[1,0]<stdout>:a2ap-dgx010:410105:410105 [1] NCCL INFO TUNER/Plugin: Could not find: libnccl-tuner.so. Using internal tuner plugin.
[1,0]<stdout>:a2ap-dgx010:410106:410106 [2] NCCL INFO TUNER/Plugin: Could not find: libnccl-tuner.so. Using internal tuner plugin.
[1,0]<stdout>:a2ap-dgx010:410132:410132 [7] NCCL INFO TUNER/Plugin: Could not find: libnccl-tuner.so. Using internal tuner plugin.
[1,0]<stdout>:a2ap-dgx010:410106:410106 [2] NCCL INFO ncclCommInitRank comm 0x55556181e190 rank 2 nranks 16 cudaDev 2 nvmlDev 2 busId 52000 commId 0x6f1483de9f0e1dbd - Init COMPLETE
[1,0]<stdout>:a2ap-dgx010:410105:410105 [1] NCCL INFO ncclCommInitRank comm 0x555561797650 rank 1 nranks 16 cudaDev 1 nvmlDev 0 busId 1b000 commId 0x6f1483de9f0e1dbd - Init COMPLETE
[1,0]<stdout>:a2ap-dgx010:410106:410106 [2] NCCL INFO Init timings - ncclCommInitRank: rank 2 nranks 16 total 7.00 (kernels 1.67, alloc 2.46, bootstrap 0.06, allgathers 0.15, topo 1.45, graphs 0.01, connections 1.14, rest 0.06)
[1,0]<stdout>:a2ap-dgx010:410105:410105 [1] NCCL INFO Init timings - ncclCommInitRank: rank 1 nranks 16 total 7.00 (kernels 1.68, alloc 2.48, bootstrap 0.04, allgathers 0.16, topo 1.44, graphs 0.01, connections 1.19, rest 0.01)
[1,0]<stdout>:a2ap-dgx010:410132:410132 [7] NCCL INFO ncclCommInitRank comm 0x555561797b80 rank 7 nranks 16 cudaDev 7 nvmlDev 7 busId df000 commId 0x6f1483de9f0e1dbd - Init COMPLETE
[1,0]<stdout>:a2ap-dgx010:410132:410132 [7] NCCL INFO Init timings - ncclCommInitRank: rank 7 nranks 16 total 7.00 (kernels 1.68, alloc 2.49, bootstrap 0.03, allgathers 0.15, topo 1.45, graphs 0.01, connections 1.07, rest 0.13)
[1,0]<stdout>:a2ap-dgx010:410107:410107 [3] NCCL INFO TUNER/Plugin: Could not find: libnccl-tuner.so. Using internal tuner plugin.
[1,0]<stdout>:a2ap-dgx010:410107:410107 [3] NCCL INFO ncclCommInitRank comm 0x555561795aa0 rank 3 nranks 16 cudaDev 3 nvmlDev 3 busId 61000 commId 0x6f1483de9f0e1dbd - Init COMPLETE
[1,0]<stdout>:a2ap-dgx010:410107:410107 [3] NCCL INFO Init timings - ncclCommInitRank: rank 3 nranks 16 total 7.00 (kernels 1.68, alloc 2.49, bootstrap 0.03, allgathers 0.15, topo 1.45, graphs 0.01, connections 1.11, rest 0.09)
[1,0]<stdout>:a2ap-dgx010:410131:410131 [6] NCCL INFO TUNER/Plugin: Could not find: libnccl-tuner.so. Using internal tuner plugin.
[1,0]<stdout>:a2ap-dgx010:410131:410131 [6] NCCL INFO ncclCommInitRank comm 0x555561807a70 rank 6 nranks 16 cudaDev 6 nvmlDev 6 busId d1000 commId 0x6f1483de9f0e1dbd - Init COMPLETE
[1,0]<stdout>:a2ap-dgx010:410108:410108 [4] NCCL INFO TUNER/Plugin: Could not find: libnccl-tuner.so. Using internal tuner plugin.
[1,0]<stdout>:a2ap-dgx010:410131:410131 [6] NCCL INFO Init timings - ncclCommInitRank: rank 6 nranks 16 total 7.00 (kernels 1.67, alloc 2.49, bootstrap 0.03, allgathers 0.15, topo 1.45, graphs 0.01, connections 1.07, rest 0.13)
[1,0]<stdout>:a2ap-dgx010:410108:410108 [4] NCCL INFO ncclCommInitRank comm 0x555561798410 rank 4 nranks 16 cudaDev 4 nvmlDev 5 busId c3000 commId 0x6f1483de9f0e1dbd - Init COMPLETE
[1,0]<stdout>:a2ap-dgx010:410108:410108 [4] NCCL INFO Init timings - ncclCommInitRank: rank 4 nranks 16 total 7.00 (kernels 1.84, alloc 2.32, bootstrap 0.04, allgathers 0.15, topo 1.45, graphs 0.01, connections 1.18, rest 0.02)
[1,0]<stdout>:a2ap-dgx010:410104:410104 [0] NCCL INFO TUNER/Plugin: Could not find: libnccl-tuner.so. Using internal tuner plugin.
[1,0]<stdout>:a2ap-dgx010:410104:410104 [0] NCCL INFO ncclCommInitRank comm 0x5555617970a0 rank 0 nranks 16 cudaDev 0 nvmlDev 1 busId 43000 commId 0x6f1483de9f0e1dbd - Init COMPLETE
[1,0]<stdout>:a2ap-dgx010:410104:410104 [0] NCCL INFO Init timings - ncclCommInitRank: rank 0 nranks 16 total 7.34 (kernels 0.87, alloc 1.71, bootstrap 1.95, allgathers 0.15, topo 1.45, graphs 0.01, connections 1.17, rest 0.03)
[1,0]<stdout>:a2ap-dgx010:410109:410109 [5] NCCL INFO TUNER/Plugin: Could not find: libnccl-tuner.so. Using internal tuner plugin.
[1,0]<stdout>:a2ap-dgx010:410109:410109 [5] NCCL INFO ncclCommInitRank comm 0x5555617961f0 rank 5 nranks 16 cudaDev 5 nvmlDev 4 busId 9d000 commId 0x6f1483de9f0e1dbd - Init COMPLETE
[1,0]<stdout>:a2ap-dgx010:410109:410109 [5] NCCL INFO Init timings - ncclCommInitRank: rank 5 nranks 16 total 7.01 (kernels 1.99, alloc 2.21, bootstrap 0.00, allgathers 0.15, topo 1.45, graphs 0.01, connections 1.17, rest 0.03)
[1,0]<stdout>:a2ap-dgx010:410106:410106 [2] NCCL INFO Using network IB
[1,0]<stdout>:a2ap-dgx010:410106:410106 [2] NCCL INFO ncclCommInitRank comm 0x55556dd39cd0 rank 2 nranks 16 cudaDev 2 nvmlDev 2 busId 52000 commId 0x625fe66c1b5a7349 - Init START
[1,0]<stdout>:a2ap-dgx010:410131:410131 [6] NCCL INFO Using network IB
[1,0]<stdout>:a2ap-dgx010:410109:410109 [5] NCCL INFO Using network IB
[1,0]<stdout>:a2ap-dgx010:410131:410131 [6] NCCL INFO ncclCommInitRank comm 0x55556dd3b530 rank 6 nranks 16 cudaDev 6 nvmlDev 6 busId d1000 commId 0x625fe66c1b5a7349 - Init START
[1,0]<stdout>:a2ap-dgx010:410109:410109 [5] NCCL INFO ncclCommInitRank comm 0x55556dd38740 rank 5 nranks 16 cudaDev 5 nvmlDev 4 busId 9d000 commId 0x625fe66c1b5a7349 - Init START
[1,0]<stdout>:a2ap-dgx010:410104:410104 [0] NCCL INFO Using network IB
[1,0]<stdout>:a2ap-dgx010:410104:410104 [0] NCCL INFO ncclCommInitRank comm 0x55556dd658c0 rank 0 nranks 16 cudaDev 0 nvmlDev 1 busId 43000 commId 0x625fe66c1b5a7349 - Init START
[1,0]<stdout>:a2ap-dgx010:410105:410105 [1] NCCL INFO Using network IB
[1,0]<stdout>:a2ap-dgx010:410105:410105 [1] NCCL INFO ncclCommInitRank comm 0x55556dd36db0 rank 1 nranks 16 cudaDev 1 nvmlDev 0 busId 1b000 commId 0x625fe66c1b5a7349 - Init START
[1,0]<stdout>:a2ap-dgx010:410107:410107 [3] NCCL INFO Using network IB
[1,0]<stdout>:a2ap-dgx010:410107:410107 [3] NCCL INFO ncclCommInitRank comm 0x55556dd37f50 rank 3 nranks 16 cudaDev 3 nvmlDev 3 busId 61000 commId 0x625fe66c1b5a7349 - Init START
[1,0]<stdout>:a2ap-dgx010:410108:410108 [4] NCCL INFO Using network IB
[1,0]<stdout>:a2ap-dgx010:410108:410108 [4] NCCL INFO ncclCommInitRank comm 0x55556dd376c0 rank 4 nranks 16 cudaDev 4 nvmlDev 5 busId c3000 commId 0x625fe66c1b5a7349 - Init START
[1,0]<stdout>:a2ap-dgx010:410132:410132 [7] NCCL INFO Using network IB
[1,0]<stdout>:a2ap-dgx010:410132:410132 [7] NCCL INFO ncclCommInitRank comm 0x55556dd3b970 rank 7 nranks 16 cudaDev 7 nvmlDev 7 busId df000 commId 0x625fe66c1b5a7349 - Init START
[1,0]<stdout>:a2ap-dgx010:410108:410108 [4] NCCL INFO Bootstrap timings total 0.001215 (create 0.000023, send 0.000083, recv 0.000109, ring 0.000893, delay 0.000000)
[1,0]<stdout>:a2ap-dgx010:410132:410132 [7] NCCL INFO Bootstrap timings total 0.001059 (create 0.000024, send 0.000089, recv 0.000082, ring 0.000716, delay 0.000000)
[1,0]<stdout>:a2ap-dgx010:410131:410131 [6] NCCL INFO Bootstrap timings total 0.025999 (create 0.000029, send 0.000078, recv 0.025005, ring 0.000762, delay 0.000000)
[1,0]<stdout>:a2ap-dgx010:410109:410109 [5] NCCL INFO Bootstrap timings total 0.025861 (create 0.000026, send 0.000080, recv 0.000118, ring 0.000889, delay 0.000000)
[1,0]<stdout>:a2ap-dgx010:410108:410108 [4] NCCL INFO MNNVL busId 0xc3000 fabric UUID 0.0 cliqueId 0x0 state 3 healthMask 0x0
[1,0]<stdout>:a2ap-dgx010:410107:410107 [3] NCCL INFO Bootstrap timings total 0.001710 (create 0.000027, send 0.000082, recv 0.000539, ring 0.000961, delay 0.000000)
[1,0]<stdout>:a2ap-dgx010:410132:410132 [7] NCCL INFO MNNVL busId 0xdf000 fabric UUID 0.0 cliqueId 0x0 state 3 healthMask 0x0
[1,0]<stdout>:a2ap-dgx010:410131:410131 [6] NCCL INFO MNNVL busId 0xd1000 fabric UUID 0.0 cliqueId 0x0 state 3 healthMask 0x0
[1,0]<stdout>:a2ap-dgx010:410107:410107 [3] NCCL INFO MNNVL busId 0x61000 fabric UUID 0.0 cliqueId 0x0 state 3 healthMask 0x0
[1,0]<stdout>:a2ap-dgx010:410106:410106 [2] NCCL INFO Bootstrap timings total 0.029921 (create 0.000022, send 0.000076, recv 0.028287, ring 0.001411, delay 0.000000)
[1,0]<stdout>:a2ap-dgx010:410109:410109 [5] NCCL INFO MNNVL busId 0x9d000 fabric UUID 0.0 cliqueId 0x0 state 3 healthMask 0x0
[1,0]<stdout>:a2ap-dgx010:410104:410104 [0] NCCL INFO Bootstrap timings total 0.025715 (create 0.000027, send 0.000087, recv 0.023948, ring 0.000348, delay 0.000000)
[1,0]<stdout>:a2ap-dgx010:410105:410105 [1] NCCL INFO Bootstrap timings total 0.002169 (create 0.000024, send 0.000074, recv 0.000441, ring 0.001529, delay 0.000000)
[1,0]<stdout>:a2ap-dgx010:410106:410106 [2] NCCL INFO MNNVL busId 0x52000 fabric UUID 0.0 cliqueId 0x0 state 3 healthMask 0x0
[1,0]<stdout>:a2ap-dgx010:410104:410104 [0] NCCL INFO MNNVL busId 0x43000 fabric UUID 0.0 cliqueId 0x0 state 3 healthMask 0x0
[1,0]<stdout>:a2ap-dgx010:410105:410105 [1] NCCL INFO MNNVL busId 0x1b000 fabric UUID 0.0 cliqueId 0x0 state 3 healthMask 0x0
[1,0]<stdout>:a2ap-dgx010:410106:410106 [2] NCCL INFO Setting affinity for GPU 2 to ff,ffffffff,ffff0000,00000000,00ffffff,ffffffff
[1,0]<stdout>:a2ap-dgx010:410107:410107 [3] NCCL INFO Setting affinity for GPU 3 to ff,ffffffff,ffff0000,00000000,00ffffff,ffffffff
[1,0]<stdout>:a2ap-dgx010:410105:410105 [1] NCCL INFO Setting affinity for GPU 0 to ff,ffffffff,ffff0000,00000000,00ffffff,ffffffff
[1,0]<stdout>:a2ap-dgx010:410104:410104 [0] NCCL INFO Setting affinity for GPU 1 to ff,ffffffff,ffff0000,00000000,00ffffff,ffffffff
[1,0]<stdout>:a2ap-dgx010:410108:410108 [4] NCCL INFO Setting affinity for GPU 5 to ffffffff,ffffff00,00000000,0000ffff,ffffffff,ff000000,00000000
[1,0]<stdout>:a2ap-dgx010:410131:410131 [6] NCCL INFO Setting affinity for GPU 6 to ffffffff,ffffff00,00000000,0000ffff,ffffffff,ff000000,00000000
[1,0]<stdout>:a2ap-dgx010:410132:410132 [7] NCCL INFO Setting affinity for GPU 7 to ffffffff,ffffff00,00000000,0000ffff,ffffffff,ff000000,00000000
[1,0]<stdout>:a2ap-dgx010:410109:410109 [5] NCCL INFO Setting affinity for GPU 4 to ffffffff,ffffff00,00000000,0000ffff,ffffffff,ff000000,00000000
[1,0]<stdout>:a2ap-dgx010:410131:410131 [6] NCCL INFO comm 0x55556dd3b530 rank 6 nRanks 16 nNodes 2 localRanks 8 localRank 6 MNNVL 0
[1,0]<stdout>:a2ap-dgx010:410108:410108 [4] NCCL INFO comm 0x55556dd376c0 rank 4 nRanks 16 nNodes 2 localRanks 8 localRank 4 MNNVL 0
[1,0]<stdout>:a2ap-dgx010:410107:410107 [3] NCCL INFO comm 0x55556dd37f50 rank 3 nRanks 16 nNodes 2 localRanks 8 localRank 3 MNNVL 0
[1,0]<stdout>:a2ap-dgx010:410106:410106 [2] NCCL INFO comm 0x55556dd39cd0 rank 2 nRanks 16 nNodes 2 localRanks 8 localRank 2 MNNVL 0
[1,0]<stdout>:a2ap-dgx010:410104:410104 [0] NCCL INFO comm 0x55556dd658c0 rank 0 nRanks 16 nNodes 2 localRanks 8 localRank 0 MNNVL 0
[1,0]<stdout>:a2ap-dgx010:410105:410105 [1] NCCL INFO comm 0x55556dd36db0 rank 1 nRanks 16 nNodes 2 localRanks 8 localRank 1 MNNVL 0
[1,0]<stdout>:a2ap-dgx010:410132:410132 [7] NCCL INFO comm 0x55556dd3b970 rank 7 nRanks 16 nNodes 2 localRanks 8 localRank 7 MNNVL 0
[1,0]<stdout>:a2ap-dgx010:410109:410109 [5] NCCL INFO comm 0x55556dd38740 rank 5 nRanks 16 nNodes 2 localRanks 8 localRank 5 MNNVL 0
[1,0]<stdout>:a2ap-dgx010:410104:410104 [0] NCCL INFO Channel 00/16 :  0  9 10 11 12 13 14 15  8  1  7  6  4  5  3  2
[1,0]<stdout>:a2ap-dgx010:410108:410108 [4] NCCL INFO Trees [0] 6/-1/-1->4->5 [1] 6/-1/-1->4->5 [2] 6/-1/-1->4->5 [3] 6/-1/-1->4->5 [4] 6/-1/-1->4->5 [5] 6/13/-1->4->-1 [6] -1/-1/-1->4->5 [7] 6/-1/-1->4->5 [8] 6/-1/-1->4->5 [9] 6/-1/-1->4->5 [10] 6/-1/-1->4->5 [11] 6/-1/-1->4->5 [12] 6/-1/-1->4->5 [13] 6/-1/-1->4->13 [14] -1/-1/-1->4->5 [15] 6/-1/-1->4->5
[1,0]<stdout>:a2ap-dgx010:410131:410131 [6] NCCL INFO Trees [0] 7/-1/-1->6->4 [1] 7/-1/-1->6->4 [2] 7/-1/-1->6->4 [3] 7/-1/-1->6->4 [4] 7/-1/-1->6->4 [5] 7/-1/-1->6->4 [6] 7/14/-1->6->-1 [7] -1/-1/-1->6->4 [8] 7/-1/-1->6->4 [9] 7/-1/-1->6->4 [10] 7/-1/-1->6->4 [11] 7/-1/-1->6->4 [12] 7/-1/-1->6->4 [13] 7/-1/-1->6->4 [14] 7/-1/-1->6->14 [15] -1/-1/-1->6->4
[1,0]<stdout>:a2ap-dgx010:410108:410108 [4] NCCL INFO P2P Chunksize set to 131072
[1,0]<stdout>:a2ap-dgx010:410131:410131 [6] NCCL INFO P2P Chunksize set to 131072
[1,0]<stdout>:a2ap-dgx010:410104:410104 [0] NCCL INFO Channel 01/16 :  0  2  3  5  4  6  7  1  8 15 14 13 12 11 10  9
[1,0]<stdout>:a2ap-dgx010:410106:410106 [2] NCCL INFO Trees [0] 3/-1/-1->2->0 [1] 3/-1/-1->2->0 [2] 3/10/-1->2->-1 [3] -1/-1/-1->2->0 [4] 3/-1/-1->2->0 [5] 3/-1/-1->2->0 [6] 3/-1/-1->2->0 [7] 3/-1/-1->2->0 [8] 3/-1/-1->2->0 [9] 3/-1/-1->2->0 [10] 3/-1/-1->2->10 [11] -1/-1/-1->2->0 [12] 3/-1/-1->2->0 [13] 3/-1/-1->2->0 [14] 3/-1/-1->2->0 [15] 3/-1/-1->2->0
[1,0]<stdout>:a2ap-dgx010:410107:410107 [3] NCCL INFO Trees [0] 5/-1/-1->3->2 [1] 5/-1/-1->3->2 [2] 5/-1/-1->3->2 [3] 5/11/-1->3->-1 [4] -1/-1/-1->3->2 [5] 5/-1/-1->3->2 [6] 5/-1/-1->3->2 [7] 5/-1/-1->3->2 [8] 5/-1/-1->3->2 [9] 5/-1/-1->3->2 [10] 5/-1/-1->3->2 [11] 5/-1/-1->3->11 [12] -1/-1/-1->3->2 [13] 5/-1/-1->3->2 [14] 5/-1/-1->3->2 [15] 5/-1/-1->3->2
[1,0]<stdout>:a2ap-dgx010:410106:410106 [2] NCCL INFO P2P Chunksize set to 131072
[1,0]<stdout>:a2ap-dgx010:410107:410107 [3] NCCL INFO P2P Chunksize set to 131072
[1,0]<stdout>:a2ap-dgx010:410104:410104 [0] NCCL INFO Channel 02/16 :  0  1  7  6  4  5  3 11 12 13 14 15  8  9 10  2
[1,0]<stdout>:a2ap-dgx010:410105:410105 [1] NCCL INFO Trees [0] 0/8/-1->1->-1 [1] -1/-1/-1->1->7 [2] 0/-1/-1->1->7 [3] 0/-1/-1->1->7 [4] 0/-1/-1->1->7 [5] 0/-1/-1->1->7 [6] 0/-1/-1->1->7 [7] 0/-1/-1->1->7 [8] 0/-1/-1->1->8 [9] -1/-1/-1->1->7 [10] 0/-1/-1->1->7 [11] 0/-1/-1->1->7 [12] 0/-1/-1->1->7 [13] 0/-1/-1->1->7 [14] 0/-1/-1->1->7 [15] 0/-1/-1->1->7
[1,0]<stdout>:a2ap-dgx010:410105:410105 [1] NCCL INFO P2P Chunksize set to 131072
[1,0]<stdout>:a2ap-dgx010:410104:410104 [0] NCCL INFO Channel 03/16 :  0  2 10  9  8 15 14 13 12 11  3  5  4  6  7  1
[1,0]<stdout>:a2ap-dgx010:410104:410104 [0] NCCL INFO Channel 04/16 :  0  1  7  6  4 13 14 15  8  9 10 11 12  5  3  2
[1,0]<stdout>:a2ap-dgx010:410104:410104 [0] NCCL INFO Channel 05/16 :  0  2  3  5 12 11 10  9  8 15 14 13  4  6  7  1
[1,0]<stdout>:a2ap-dgx010:410104:410104 [0] NCCL INFO Channel 06/16 :  0  1  7 15  8  9 10 11 12 13 14  6  4  5  3  2
[1,0]<stdout>:a2ap-dgx010:410109:410109 [5] NCCL INFO Trees [0] 4/-1/-1->5->3 [1] 4/-1/-1->5->3 [2] 4/-1/-1->5->3 [3] 4/-1/-1->5->3 [4] 4/12/-1->5->-1 [5] -1/-1/-1->5->3 [6] 4/-1/-1->5->3 [7] 4/-1/-1->5->3 [8] 4/-1/-1->5->3 [9] 4/-1/-1->5->3 [10] 4/-1/-1->5->3 [11] 4/-1/-1->5->3 [12] 4/-1/-1->5->12 [13] -1/-1/-1->5->3 [14] 4/-1/-1->5->3 [15] 4/-1/-1->5->3
[1,0]<stdout>:a2ap-dgx010:4[1,0]<stdout>:10132:410132 [7] NCCL INFO Trees [0] -1/-1/-1->7->6 [1] 1/-1/-1->7->6 [2] 1/-1/-1->7->6 [3] 1/-1/-1->7->6 [4] 1/-1/-1->7->6 [5] 1/-1/-1->7->6 [6] 1/-1/-1->7->6 [7] 1/15/-1->7->-1 [8] -1/-1/-1->7->6 [9] 1/-1/-1->7->6 [10] 1/-1/-1->7->6 [11] 1/-1/-1->7->6 [12] 1/-1/-1->7->6 [13] 1/-1/-1->7->6 [14] 1/-1/-1->7->6 [15] 1/-1/-1->7->15
[1,0]<stdout>:a2ap-dgx010:410104:410104 [0] NCCL INFO Channel 07/16 :  0  2  3  5  4  6 14 13 12 11 10  9  8 15  7  1
[1,0]<stdout>:a2ap-dgx010:410132:410132 [7] NCCL INFO P2P Chunksize set to 131072
[1,0]<stdout>:a2ap-dgx010:410109:410109 [5] NCCL INFO P2P Chunksize set to 131072
[1,0]<stdout>:a2ap-dgx010:410104:410104 [0] NCCL INFO Channel 08/16 :  0  9 10 11 12 13 14 15  8  1  7  6  4  5  3  2
[1,0]<stdout>:a2ap-dgx010:410104:410104 [0] NCCL INFO Channel 09/16 :  0  2  3  5  4  6  7  1  8 15 14 13 12 11 10  9
[1,0]<stdout>:a2ap-dgx010:410104:410104 [0] NCCL INFO Channel 10/16 :  0  1  7  6  4  5  3 11 12 13 14 15  8  9 10  2
[1,0]<stdout>:a2ap-dgx010:410104:410104 [0] NCCL INFO Channel 11/16 :  0  2 10  9  8 15 14 13 12 11  3  5  4  6  7  1
[1,0]<stdout>:a2ap-dgx010:410104:410104 [0] NCCL INFO Channel 12/16 :  0  1  7  6  4 13 14 15  8  9 10 11 12  5  3  2
[1,0]<stdout>:a2ap-dgx010:410104:410104 [0] NCCL INFO Channel 13/16 :  0  2  3  5 12 11 10  9  8 15 14 13  4  6  7  1
[1,0]<stdout>:a2ap-dgx010:410104:410104 [0] NCCL INFO Channel 14/16 :  0  1  7 15  8  9 10 11 12 13 14  6  4  5  3  2
[1,0]<stdout>:a2ap-dgx010:410104:410104 [0] NCCL INFO Channel 15/16 :  0  2  3  5  4  6 14 13 12 11 10  9  8 15  7  1
[1,0]<stdout>:a2ap-dgx010:410104:410104 [0] NCCL INFO Trees [0] 2/-1/-1->0->1 [1] 2/9/-1->0->-1 [2] -1/-1/-1->0->1 [3] 2/-1/-1->0->1 [4] 2/-1/-1->0->1 [5] 2/-1/-1->0->1 [6] 2/-1/-1->0->1 [7] 2/-1/-1->0->1 [8] 2/-1/-1->0->1 [9] 2/-1/-1->0->9 [10] -1/-1/-1->0->1 [11] 2/-1/-1->0->1 [12] 2/-1/-1->0->1 [13] 2/-1/-1->0->1 [14] 2/-1/-1->0->1 [15] 2/-1/-1->0->1
[1,0]<stdout>:a2ap-dgx010:410104:410104 [0] NCCL INFO P2P Chunksize set to 131072
[1,0]<stdout>:a2ap-dgx010:410104:410104 [0] NCCL INFO Check P2P Type intraNodeP2pSupport 1 directMode 0
[1,0]<stdout>:a2ap-dgx010:410108:413443 [4] NCCL INFO [Proxy Service UDS] Device 4 CPU core 173
[1,0]<stdout>:a2ap-dgx010:410106:413440 [2] NCCL INFO [Proxy Service] Device 2 CPU core 142
[1,0]<stdout>:a2ap-dgx010:410105:413442 [1] NCCL INFO [Proxy Service] Device 1 CPU core 145
[1,0]<stdout>:a2ap-dgx010:410104:413445 [0] NCCL INFO [Proxy Service] Device 0 CPU core 151
[1,0]<stdout>:a2ap-dgx010:410108:413438 [4] NCCL INFO [Proxy Service] Device 4 CPU core 59
[1,0]<stdout>:a2ap-dgx010:410109:413451 [5] NCCL INFO [Proxy Service] Device 5 CPU core 62
[1,0]<stdout>:a2ap-dgx010:410107:413441 [3] NCCL INFO [Proxy Service] Device 3 CPU core 142
[1,0]<stdout>:a2ap-dgx010:410131:413439 [6] NCCL INFO [Proxy Service] Device 6 CPU core 76
[1,0]<stdout>:a2ap-dgx010:410106:413447 [2] NCCL INFO [Proxy Service UDS] Device 2 CPU core 42
[1,0]<stdout>:a2ap-dgx010:410105:413448 [1] NCCL INFO [Proxy Service UDS] Device 1 CPU core 154
[1,0]<stdout>:a2ap-dgx010:410131:413444 [6] NCCL INFO [Proxy Service UDS] Device 6 CPU core 189
[1,0]<stdout>:a2ap-dgx010:410104:413449 [0] NCCL INFO [Proxy Service UDS] Device 0 CPU core 44
[1,0]<stdout>:a2ap-dgx010:410107:413446 [3] NCCL INFO [Proxy Service UDS] Device 3 CPU core 151
[1,0]<stdout>:a2ap-dgx010:410132:413450 [7] NCCL INFO [Proxy Service] Device 7 CPU core 62
[1,0]<stdout>:a2ap-dgx010:410109:413453 [5] NCCL INFO [Proxy Service UDS] Device 5 CPU core 176
[1,0]<stdout>:a2ap-dgx010:410132:413452 [7] NCCL INFO [Proxy Service UDS] Device 7 CPU core 177
[1,0]<stdout>:a2ap-dgx010:410104:410104 [0] NCCL INFO Channel 02/0 : 0[1] -> 1[0] via P2P/IPC
[1,0]<stdout>:a2ap-dgx010:410106:410106 [2] NCCL INFO Channel 01/0 : 2[2] -> 3[3] via P2P/IPC
[1,0]<stdout>:a2ap-dgx010:410108:410108 [4] NCCL INFO Channel 00/0 : 4[5] -> 5[4] via P2P/IPC
[1,0]<stdout>:a2ap-dgx010:410131:410131 [6] NCCL INFO Channel 01/0 : 6[6] -> 7[7] via P2P/IPC
[1,0]<stdout>:a2ap-dgx010:410108:410108 [4] NCCL INFO Channel 02/0 : 4[5] -> 5[4] via P2P/IPC
[1,0]<stdout>:a2ap-dgx010:410106:410106 [2] NCCL INFO Channel 05/0 : 2[2] -> 3[3] via P2P/IPC
[1,0]<stdout>:a2ap-dgx010:410131:410131 [6] NCCL INFO Channel 03/0 : 6[6] -> 7[7] via P2P/IPC
[1,0]<stdout>:a2ap-dgx010:410108:410108 [4] NCCL INFO Channel 06/0 : 4[5] -> 5[4] via P2P/IPC
[1,0]<stdout>:a2ap-dgx010:410106:410106 [2] NCCL INFO Channel 07/0 : 2[2] -> 3[3] via P2P/IPC
[1,0]<stdout>:a2ap-dgx010:410131:410131 [6] NCCL INFO Channel 05/0 : 6[6] -> 7[7] via P2P/IPC
[1,0]<stdout>:a2ap-dgx010:410108:410108 [4] NCCL INFO Channel 08/0 : 4[5] -> 5[4] via P2P/IPC
[1,0]<stdout>:a2ap-dgx010:410106:410106 [2] NCCL INFO Channel 09/0 : 2[2] -> 3[3] via P2P/IPC
[1,0]<stdout>:a2ap-dgx010:410108:410108 [4] NCCL INFO Channel 10/0 : 4[5] -> 5[4] via P2P/IPC
[1,0]<stdout>:a2ap-dgx010:410108:410108 [4] NCCL INFO Channel 14/0 : 4[5] -> 5[4] via P2P/IPC
[1,0]<stdout>:a2ap-dgx010:410106:410106 [2] NCCL INFO Channel 13/0 : 2[2] -> 3[3] via P2P/IPC
[1,0]<stdout>:a2ap-dgx010:410131:410131 [6] NCCL INFO Channel 09/0 : 6[6] -> 7[7] via P2P/IPC
[1,0]<stdout>:a2ap-dgx010:410106:410106 [2] NCCL INFO Channel 15/0 : 2[2] -> 3[3] via P2P/IPC
[1,0]<stdout>:a2ap-dgx010:410104:410104 [0] NCCL INFO Channel 04/0 : 0[1] -> 1[0] via P2P/IPC
[1,0]<stdout>:a2ap-dgx010:410131:410131 [6] NCCL INFO Channel 11/0 : 6[6] -> 7[7] via P2P/IPC
[1,0]<stdout>:a2ap-dgx010:410108:410108 [4] NCCL INFO Channel 01/0 : 4[5] -> 6[6] via P2P/IPC
[1,0]<stdout>:a2ap-dgx010:410107:410107 [3] NCCL INFO Channel 01/0 : 3[3] -> 5[4] via P2P/IPC
[1,0]<stdout>:a2ap-dgx010:410104:410104 [0] NCCL INFO Channel 06/0 : 0[1] -> 1[0] via P2P/IPC
[1,0]<stdout>:a2ap-dgx010:410131:410131 [6] NCCL INFO Channel 13/0 : 6[6] -> 7[7] via P2P/IPC
[1,0]<stdout>:a2ap-dgx010:410108:410108 [4] NCCL INFO Channel 03/0 : 4[5] -> 6[6] via P2P/IPC
[1,0]<stdout>:a2ap-dgx010:410107:410107 [3] NCCL INFO Channel 03/0 : 3[3] -> 5[4] via P2P/IPC
[1,0]<stdout>:a2ap-dgx010:410104:410104 [0] NCCL INFO Channel 10/0 : 0[1] -> 1[0] via P2P/IPC
[1,0]<stdout>:a2ap-dgx010:410108:410108 [4] NCCL INFO Channel 05/0 : 4[5] -> 6[6] via P2P/IPC
[1,0]<stdout>:a2ap-dgx010:410104:410104 [0] NCCL INFO Channel 12/0 : 0[1] -> 1[0] via P2P/IPC
[1,0]<stdout>:a2ap-dgx010:410107:410107 [3] NCCL INFO Channel 05/0 : 3[3] -> 5[4] via P2P/IPC
[1,0]<stdout>:a2ap-dgx010:410104:410104 [0] NCCL INFO Channel 14/0 : 0[1] -> 1[0] via P2P/IPC
[1,0]<stdout>:a2ap-dgx010:410108:410108 [4] NCCL INFO Channel 07/0 : 4[5] -> 6[6] via P2P/IPC
[1,0]<stdout>:a2ap-dgx010:410107:410107 [3] NCCL INFO Channel 07/0 : 3[3] -> 5[4] via P2P/IPC
[1,0]<stdout>:a2ap-dgx010:410108:410108 [4] NCCL INFO Channel 09/0 : 4[5] -> 6[6] via P2P/IPC
[1,0]<stdout>:a2ap-dgx010:410104:410104 [0] NCCL INFO Channel 01/0 : 0[1] -> 2[2] via P2P/IPC
[1,0]<stdout>:a2ap-dgx010:410105:410105 [1] NCCL INFO Channel 00/0 : 1[0] -> 7[7] via P2P/IPC
[1,0]<stdout>:a2ap-dgx010:410107:410107 [3] NCCL INFO Channel 09/0 : 3[3] -> 5[4] via P2P/IPC
[1,0]<stdout>:a2ap-dgx010:410108:410108 [4] NCCL INFO Channel 11/0 : 4[5] -> 6[6] via P2P/IPC
[1,0]<stdout>:a2ap-dgx010:410104:410104 [0] NCCL INFO Channel 03/0 : 0[1] -> 2[2] via P2P/IPC
[1,0]<stdout>:a2ap-dgx010:410108:410108 [4] NCCL INFO Channel 13/0 : 4[5] -> 6[6] via P2P/IPC
[1,0]<stdout>:a2ap-dgx010:410104:410104 [0] NCCL INFO Channel 05/0 : 0[1] -> 2[2] via P2P/IPC
[1,0]<stdout>:a2ap-dgx010:410108:410108 [4] NCCL INFO Channel 15/0 : 4[5] -> 6[6] via P2P/IPC
[1,0]<stdout>:a2ap-dgx010:410104:410104 [0] NCCL INFO Channel 07/0 : 0[1] -> 2[2] via P2P/IPC
[1,0]<stdout>:a2ap-dgx010:410104:410104 [0] NCCL INFO Channel 09/0 : 0[1] -> 2[2] via P2P/IPC
[1,0]<stdout>:a2ap-dgx010:410104:410104 [0] NCCL INFO Channel 11/0 : 0[1] -> 2[2] via P2P/IPC
[1,0]<stdout>:a2ap-dgx010:410104:410104 [0] NCCL INFO Channel 13/0 : 0[1] -> 2[2] via P2P/IPC
[1,0]<stdout>:a2ap-dgx010:410105:410105 [1] NCCL INFO Channel 02/0 : 1[0] -> 7[7] via P2P/IPC
[1,0]<stdout>:a2ap-dgx010:410104:410104 [0] NCCL INFO Channel 15/0 : 0[1] -> 2[2] via P2P/IPC
[1,0]<stdout>:a2ap-dgx010:410107:410107 [3] NCCL INFO Channel 11/0 : 3[3] -> 5[4] via P2P/IPC
[1,0]<stdout>:a2ap-dgx010:410105:410105 [1] NCCL INFO Channel 04/0 : 1[0] -> 7[7] via P2P/IPC
[1,0]<stdout>:a2ap-dgx010:410107:410107 [3] NCCL INFO Channel 13/0 : 3[3] -> 5[4] via P2P/IPC
[1,0]<stdout>:a2ap-dgx010:410107:410107 [3] NCCL INFO Channel 15/0 : 3[3] -> 5[4] via P2P/IPC
[1,0]<stdout>:a2ap-dgx010:410105:410105 [1] NCCL INFO Channel 06/0 : 1[0] -> 7[7] via P2P/IPC
[1,0]<stdout>:a2ap-dgx010:410131:410131 [6] NCCL INFO Channel 06/0 : 14[6] -> 6[6] [receive] via NET/IB/22/GDRDMA
[1,0]<stdout>:a2ap-dgx010:410131:410131 [6] NCCL INFO Channel 14/0 : 14[6] -> 6[6] [receive] via NET/IB/22/GDRDMA
[1,0]<stdout>:a2ap-dgx010:410131:410131 [6] NCCL INFO Channel 07/0 : 6[6] -> 14[6] [send] via NET/IB/22/GDRDMA
[1,0]<stdout>:a2ap-dgx010:410131:413457 [6] NCCL INFO [Proxy Progress] Device 6 CPU core 87
[1,0]<stdout>:a2ap-dgx010:410131:410131 [6] NCCL INFO Channel 15/0 : 6[6] -> 14[6] [send] via NET/IB/22/GDRDMA
[1,0]<stdout>:a2ap-dgx010:410131:410131 [6] NCCL INFO Channel 00/0 : 6[6] -> 4[5] via P2P/IPC
[1,0]<stdout>:a2ap-dgx010:410105:410105 [1] NCCL INFO Channel 08/0 : 1[0] -> 7[7] via P2P/IPC
[1,0]<stdout>:a2ap-dgx010:410108:410108 [4] NCCL INFO Channel 05/0 : 13[5] -> 4[5] [receive] via NET/IB/21/GDRDMA
[1,0]<stdout>:a2ap-dgx010:410108:410108 [4] NCCL INFO Channel 13/0 : 13[5] -> 4[5] [receive] via NET/IB/21/GDRDMA
[1,0]<stdout>:a2ap-dgx010:410108:413458 [4] NCCL INFO [Proxy Progress] Device 4 CPU core 178
[1,0]<stdout>:a2ap-dgx010:410108:410108 [4] NCCL INFO Channel 04/0 : 4[5] -> 13[5] [send] via NET/IB/21/GDRDMA
[1,0]<stdout>:a2ap-dgx010:410108:410108 [4] NCCL INFO Channel 12/0 : 4[5] -> 13[5] [send] via NET/IB/21/GDRDMA
[1,0]<stdout>:a2ap-dgx010:410104:410104 [0] NCCL INFO Channel 01/0 : 9[1] -> 0[1] [receive] via NET/IB/15/GDRDMA
[1,0]<stdout>:a2ap-dgx010:410106:413460 [2] NCCL INFO [Proxy Progress] Device 2 CPU core 49
[1,0]<stdout>:a2ap-dgx010:410104:413459 [0] NCCL INFO [Proxy Progress] Device 0 CPU core 46
[1,0]<stdout>:a2ap-dgx010:410106:410106 [2] NCCL INFO Channel 02/0 : 10[2] -> 2[2] [receive] via NET/IB/16/GDRDMA
[1,0]<stdout>:a2ap-dgx010:410104:410104 [0] NCCL INFO Channel 09/0 : 9[1] -> 0[1] [receive] via NET/IB/15/GDRDMA
[1,0]<stdout>:a2ap-dgx010:410106:410106 [2] NCCL INFO Channel 10/0 : 10[2] -> 2[2] [receive] via NET/IB/16/GDRDMA
[1,0]<stdout>:a2ap-dgx010:410106:410106 [2] NCCL INFO Channel 03/0 : 2[2] -> 10[2] [send] via NET/IB/16/GDRDMA
[1,0]<stdout>:a2ap-dgx010:410104:410104 [0] NCCL INFO Channel 00/0 : 0[1] -> 9[1] [send] via NET/IB/15/GDRDMA
[1,0]<stdout>:a2ap-dgx010:410106:410106 [2] NCCL INFO Channel 11/0 : 2[2] -> 10[2] [send] via NET/IB/16/GDRDMA
[1,0]<stdout>:a2ap-dgx010:410104:410104 [0] NCCL INFO Channel 08/0 : 0[1] -> 9[1] [send] via NET/IB/15/GDRDMA
[1,0]<stdout>:a2ap-dgx010:410131:410131 [6] NCCL INFO Channel 02/0 : 6[6] -> 4[5] via P2P/IPC
[1,0]<stdout>:a2ap-dgx010:410105:410105 [1] NCCL INFO Channel 10/0 : 1[0] -> 7[7] via P2P/IPC
[1,0]<stdout>:a2ap-dgx010:410105:410105 [1] NCCL INFO Channel 12/0 : 1[0] -> 7[7] via P2P/IPC
[1,0]<stdout>:a2ap-dgx010:410131:410131 [6] NCCL INFO Channel 04/0 : 6[6] -> 4[5] via P2P/IPC
[1,0]<stdout>:a2ap-dgx010:410105:410105 [1] NCCL INFO Channel 14/0 : 1[0] -> 7[7] via P2P/IPC
[1,0]<stdout>:a2ap-dgx010:410131:410131 [6] NCCL INFO Channel 06/0 : 6[6] -> 4[5] via P2P/IPC
[1,0]<stdout>:a2ap-dgx010:410131:410131 [6] NCCL INFO Channel 08/0 : 6[6] -> 4[5] via P2P/IPC
[1,0]<stdout>:a2ap-dgx010:410109:410109 [5] NCCL INFO Channel 05/0 : 5[4] -> 12[4] [send] via NET/IB/18/GDRDMA
[1,0]<stdout>:a2ap-dgx010:410109:413464 [5] NCCL INFO [Proxy Progress] Device 5 CPU core 180
[1,0]<stdout>:a2ap-dgx010:410109:410109 [5] NCCL INFO Channel 13/0 : 5[4] -> 12[4] [send] via NET/IB/18/GDRDMA
[1,0]<stdout>:a2ap-dgx010:410107:410107 [3] NCCL INFO Channel 03/0 : 11[3] -> 3[3] [receive] via NET/IB/17/GDRDMA
[1,0]<stdout>:a2ap-dgx010:410107:413465 [3] NCCL INFO [Proxy Progress] Device 3 CPU core 54
[1,0]<stdout>:a2ap-dgx010:410107:410107 [3] NCCL INFO Channel 11/0 : 11[3] -> 3[3] [receive] via NET/IB/17/GDRDMA
[1,0]<stdout>:a2ap-dgx010:410107:410107 [3] NCCL INFO Channel 02/0 : 3[3] -> 11[3] [send] via NET/IB/17/GDRDMA
[1,0]<stdout>:a2ap-dgx010:410107:410107 [3] NCCL INFO Channel 10/0 : 3[3] -> 11[3] [send] via NET/IB/17/GDRDMA
[1,0]<stdout>:a2ap-dgx010:410109:410109 [5] NCCL INFO Channel 04/0 : 12[4] -> 5[4] [receive] via NET/IB/18/GDRDMA
[1,0]<stdout>:a2ap-dgx010:410109:410109 [5] NCCL INFO Channel 12/0 : 12[4] -> 5[4] [receive] via NET/IB/18/GDRDMA
[1,0]<stdout>:a2ap-dgx010:410109:410109 [5] NCCL INFO Channel 00/0 : 5[4] -> 3[3] via P2P/IPC
[1,0]<stdout>:a2ap-dgx010:410106:410106 [2] NCCL INFO Channel 00/0 : 2[2] -> 0[1] via P2P/IPC
[1,0]<stdout>:a2ap-dgx010:410131:410131 [6] NCCL INFO Channel 10/0 : 6[6] -> 4[5] via P2P/IPC
[1,0]<stdout>:a2ap-dgx010:410131:410131 [6] NCCL INFO Channel 12/0 : 6[6] -> 4[5] via P2P/IPC
[1,0]<stdout>:a2ap-dgx010:410106:410106 [2] NCCL INFO Channel 02/0 : 2[2] -> 0[1] via P2P/IPC
[1,0]<stdout>:a2ap-dgx010:410131:410131 [6] NCCL INFO Channel 14/0 : 6[6] -> 4[5] via P2P/IPC
[1,0]<stdout>:a2ap-dgx010:410109:410109 [5] NCCL INFO Channel 02/0 : 5[4] -> 3[3] via P2P/IPC
[1,0]<stdout>:a2ap-dgx010:410106:410106 [2] NCCL INFO Channel 04/0 : 2[2] -> 0[1] via P2P/IPC
[1,0]<stdout>:a2ap-dgx010:410105:410105 [1] NCCL INFO Channel 01/0 : 1[0] -> 8[0] [send] via NET/IB/12/GDRDMA
[1,0]<stdout>:a2ap-dgx010:410105:413468 [1] NCCL INFO [Proxy Progress] Device 1 CPU core 50
[1,0]<stdout>:a2ap-dgx010:410132:410132 [7] NCCL INFO Channel 07/0 : 15[7] -> 7[7] [receive] via NET/IB/23/GDRDMA
[1,0]<stdout>:a2ap-dgx010:410105:410105 [1] NCCL INFO Channel 09/0 : 1[0] -> 8[0] [send] via NET/IB/12/GDRDMA
[1,0]<stdout>:a2ap-dgx010:410132:413467 [7] NCCL INFO [Proxy Progress] Device 7 CPU core 70
[1,0]<stdout>:a2ap-dgx010:410132:410132 [7] NCCL INFO Channel 15/0 : 15[7] -> 7[7] [receive] via NET/IB/23/GDRDMA
[1,0]<stdout>:a2ap-dgx010:410132:410132 [7] NCCL INFO Channel 06/0 : 7[7] -> 15[7] [send] via NET/IB/23/GDRDMA
[1,0]<stdout>:a2ap-dgx010:410132:410132 [7] NCCL INFO Channel 14/0 : 7[7] -> 15[7] [send] via NET/IB/23/GDRDMA
[1,0]<stdout>:a2ap-dgx010:410105:410105 [1] NCCL INFO Channel 00/0 : 8[0] -> 1[0] [receive] via NET/IB/12/GDRDMA
[1,0]<stdout>:a2ap-dgx010:410105:410105 [1] NCCL INFO Channel 08/0 : 8[0] -> 1[0] [receive] via NET/IB/12/GDRDMA
[1,0]<stdout>:a2ap-dgx010:410132:410132 [7] NCCL INFO Channel 01/0 : 7[7] -> 1[0] via P2P/IPC
[1,0]<stdout>:a2ap-dgx010:410106:410106 [2] NCCL INFO Channel 06/0 : 2[2] -> 0[1] via P2P/IPC
[1,0]<stdout>:a2ap-dgx010:410132:410132 [7] NCCL INFO Channel 03/0 : 7[7] -> 1[0] via P2P/IPC
[1,0]<stdout>:a2ap-dgx010:410106:410106 [2] NCCL INFO Channel 08/0 : 2[2] -> 0[1] via P2P/IPC
[1,0]<stdout>:a2ap-dgx010:410132:410132 [7] NCCL INFO Channel 05/0 : 7[7] -> 1[0] via P2P/IPC
[1,0]<stdout>:a2ap-dgx010:410109:410109 [5] NCCL INFO Channel 04/0 : 5[4] -> 3[3] via P2P/IPC
[1,0]<stdout>:a2ap-dgx010:410106:410106 [2] NCCL INFO Channel 10/0 : 2[2] -> 0[1] via P2P/IPC
[1,0]<stdout>:a2ap-dgx010:410132:410132 [7] NCCL INFO Channel 07/0 : 7[7] -> 1[0] via P2P/IPC
[1,0]<stdout>:a2ap-dgx010:410109:410109 [5] NCCL INFO Channel 06/0 : 5[4] -> 3[3] via P2P/IPC
[1,0]<stdout>:a2ap-dgx010:410106:410106 [2] NCCL INFO Channel 12/0 : 2[2] -> 0[1] via P2P/IPC
[1,0]<stdout>:a2ap-dgx010:410109:410109 [5] NCCL INFO Channel 08/0 : 5[4] -> 3[3] via P2P/IPC
[1,0]<stdout>:a2ap-dgx010:410132:410132 [7] NCCL INFO Channel 09/0 : 7[7] -> 1[0] via P2P/IPC
[1,0]<stdout>:a2ap-dgx010:410106:410106 [2] NCCL INFO Channel 14/0 : 2[2] -> 0[1] via P2P/IPC
[1,0]<stdout>:a2ap-dgx010:410132:410132 [7] NCCL INFO Channel 11/0 : 7[7] -> 1[0] via P2P/IPC
[1,0]<stdout>:a2ap-dgx010:410109:410109 [5] NCCL INFO Channel 10/0 : 5[4] -> 3[3] via P2P/IPC
[1,0]<stdout>:a2ap-dgx010:410109:410109 [5] NCCL INFO Channel 12/0 : 5[4] -> 3[3] via P2P/IPC
[1,0]<stdout>:a2ap-dgx010:410109:410109 [5] NCCL INFO Channel 14/0 : 5[4] -> 3[3] via P2P/IPC
[1,0]<stdout>:a2ap-dgx010:410132:410132 [7] NCCL INFO Channel 13/0 : 7[7] -> 1[0] via P2P/IPC
[1,0]<stdout>:a2ap-dgx010:410109:410109 [5] NCCL INFO Channel 01/0 : 5[4] -> 4[5] via P2P/IPC
[1,0]<stdout>:a2ap-dgx010:410107:410107 [3] NCCL INFO Channel 00/0 : 3[3] -> 2[2] via P2P/IPC
[1,0]<stdout>:a2ap-dgx010:410109:410109 [5] NCCL INFO Channel 03/0 : 5[4] -> 4[5] via P2P/IPC
[1,0]<stdout>:a2ap-dgx010:410107:410107 [3] NCCL INFO Channel 04/0 : 3[3] -> 2[2] via P2P/IPC
[1,0]<stdout>:a2ap-dgx010:410132:410132 [7] NCCL INFO Channel 15/0 : 7[7] -> 1[0] via P2P/IPC
[1,0]<stdout>:a2ap-dgx010:410109:410109 [5] NCCL INFO Channel 07/0 : 5[4] -> 4[5] via P2P/IPC
[1,0]<stdout>:a2ap-dgx010:410107:410107 [3] NCCL INFO Channel 06/0 : 3[3] -> 2[2] via P2P/IPC
[1,0]<stdout>:a2ap-dgx010:410109:410109 [5] NCCL INFO Channel 09/0 : 5[4] -> 4[5] via P2P/IPC
[1,0]<stdout>:a2ap-dgx010:410107:410107 [3] NCCL INFO Channel 08/0 : 3[3] -> 2[2] via P2P/IPC
[1,0]<stdout>:a2ap-dgx010:410109:410109 [5] NCCL INFO Channel 11/0 : 5[4] -> 4[5] via P2P/IPC
[1,0]<stdout>:a2ap-dgx010:410107:410107 [3] NCCL INFO Channel 12/0 : 3[3] -> 2[2] via P2P/IPC
[1,0]<stdout>:a2ap-dgx010:410107:410107 [3] NCCL INFO Channel 14/0 : 3[3] -> 2[2] via P2P/IPC
[1,0]<stdout>:a2ap-dgx010:410109:410109 [5] NCCL INFO Channel 15/0 : 5[4] -> 4[5] via P2P/IPC
[1,0]<stdout>:a2ap-dgx010:410105:410105 [1] NCCL INFO Channel 03/0 : 1[0] -> 0[1] via P2P/IPC
[1,0]<stdout>:a2ap-dgx010:410132:410132 [7] NCCL INFO Channel 00/0 : 7[7] -> 6[6] via P2P/IPC
[1,0]<stdout>:a2ap-dgx010:410105:410105 [1] NCCL INFO Channel 05/0 : 1[0] -> 0[1] via P2P/IPC
[1,0]<stdout>:a2ap-dgx010:410105:410105 [1] NCCL INFO Channel 07/0 : 1[0] -> 0[1] via P2P/IPC
[1,0]<stdout>:a2ap-dgx010:410105:410105 [1] NCCL INFO Channel 11/0 : 1[0] -> 0[1] via P2P/IPC
[1,0]<stdout>:a2ap-dgx010:410105:410105 [1] NCCL INFO Channel 13/0 : 1[0] -> 0[1] via P2P/IPC
[1,0]<stdout>:a2ap-dgx010:410105:410105 [1] NCCL INFO Channel 15/0 : 1[0] -> 0[1] via P2P/IPC
[1,0]<stdout>:a2ap-dgx010:410132:410132 [7] NCCL INFO Channel 02/0 : 7[7] -> 6[6] via P2P/IPC
[1,0]<stdout>:a2ap-dgx010:410132:410132 [7] NCCL INFO Channel 04/0 : 7[7] -> 6[6] via P2P/IPC
[1,0]<stdout>:a2ap-dgx010:410132:410132 [7] NCCL INFO Channel 08/0 : 7[7] -> 6[6] via P2P/IPC
[1,0]<stdout>:a2ap-dgx010:410132:410132 [7] NCCL INFO Channel 10/0 : 7[7] -> 6[6] via P2P/IPC
[1,0]<stdout>:a2ap-dgx010:410132:410132 [7] NCCL INFO Channel 12/0 : 7[7] -> 6[6] via P2P/IPC
[1,0]<stdout>:a2ap-dgx010:410107:410107 [3] NCCL INFO Connected all rings, use ring PXN 0 GDR 1
[1,0]<stdout>:a2ap-dgx010:410131:410131 [6] NCCL INFO Connected all rings, use ring PXN 0 GDR 1
[1,0]<stdout>:a2ap-dgx010:410108:410108 [4] NCCL INFO Connected all rings, use ring PXN 0 GDR 1
[1,0]<stdout>:a2ap-dgx010:410109:410109 [5] NCCL INFO Connected all rings, use ring PXN 0 GDR 1
[1,0]<stdout>:a2ap-dgx010:410132:410132 [7] NCCL INFO Connected all rings, use ring PXN 0 GDR 1
[1,0]<stdout>:a2ap-dgx010:410131:410131 [6] NCCL INFO Channel 00/0 : 6[6] -> 7[7] via P2P/IPC
[1,0]<stdout>:a2ap-dgx010:410108:410108 [4] NCCL INFO Channel 01/0 : 4[5] -> 5[4] via P2P/IPC
[1,0]<stdout>:a2ap-dgx010:410106:410106 [2] NCCL INFO Connected all rings, use ring PXN 0 GDR 1
[1,0]<stdout>:a2ap-dgx010:410105:410105 [1] NCCL INFO Connected all rings, use ring PXN 0 GDR 1
[1,0]<stdout>:a2ap-dgx010:410106:410106 [2] NCCL INFO Channel 00/0 : 2[2] -> 3[3] via P2P/IPC
[1,0]<stdout>:a2ap-dgx010:410104:410104 [0] NCCL INFO Connected all rings, use ring PXN 0 GDR 1
[1,0]<stdout>:a2ap-dgx010:410104:410104 [0] NCCL INFO Channel 00/0 : 0[1] -> 1[0] via P2P/IPC
[1,0]<stdout>:a2ap-dgx010:410106:410106 [2] NCCL INFO Channel 02/0 : 2[2] -> 3[3] via P2P/IPC
[1,0]<stdout>:a2ap-dgx010:410131:410131 [6] NCCL INFO Channel 02/0 : 6[6] -> 7[7] via P2P/IPC
[1,0]<stdout>:a2ap-dgx010:410106:410106 [2] NCCL INFO Channel 04/0 : 2[2] -> 3[3] via P2P/IPC
[1,0]<stdout>:a2ap-dgx010:410108:410108 [4] NCCL INFO Channel 03/0 : 4[5] -> 5[4] via P2P/IPC
[1,0]<stdout>:a2ap-dgx010:410131:410131 [6] NCCL INFO Channel 04/0 : 6[6] -> 7[7] via P2P/IPC
[1,0]<stdout>:a2ap-dgx010:410104:410104 [0] NCCL INFO Channel 03/0 : 0[1] -> 1[0] via P2P/IPC
[1,0]<stdout>:a2ap-dgx010:410106:410106 [2] NCCL INFO Channel 06/0 : 2[2] -> 3[3] via P2P/IPC
[1,0]<stdout>:a2ap-dgx010:410108:410108 [4] NCCL INFO Channel 04/0 : 4[5] -> 5[4] via P2P/IPC
[1,0]<stdout>:a2ap-dgx010:410131:410131 [6] NCCL INFO Channel 06/0 : 6[6] -> 7[7] via P2P/IPC
[1,0]<stdout>:a2ap-dgx010:410104:410104 [0] NCCL INFO Channel 05/0 : 0[1] -> 1[0] via P2P/IPC
[1,0]<stdout>:a2ap-dgx010:410106:410106 [2] NCCL INFO Channel 08/0 : 2[2] -> 3[3] via P2P/IPC
[1,0]<stdout>:a2ap-dgx010:410108:410108 [4] NCCL INFO Channel 07/0 : 4[5] -> 5[4] via P2P/IPC
[1,0]<stdout>:a2ap-dgx010:410131:410131 [6] NCCL INFO Channel 08/0 : 6[6] -> 7[7] via P2P/IPC
[1,0]<stdout>:a2ap-dgx010:410104:410104 [0] NCCL INFO Channel 07/0 : 0[1] -> 1[0] via P2P/IPC
[1,0]<stdout>:a2ap-dgx010:410106:410106 [2] NCCL INFO Channel 10/0 : 2[2] -> 3[3] via P2P/IPC
[1,0]<stdout>:a2ap-dgx010:410108:410108 [4] NCCL INFO Channel 09/0 : 4[5] -> 5[4] via P2P/IPC
[1,0]<stdout>:a2ap-dgx010:410131:410131 [6] NCCL INFO Channel 10/0 : 6[6] -> 7[7] via P2P/IPC
[1,0]<stdout>:a2ap-dgx010:410104:410104 [0] NCCL INFO Channel 08/0 : 0[1] -> 1[0] via P2P/IPC
[1,0]<stdout>:a2ap-dgx010:410106:410106 [2] NCCL INFO Channel 12/0 : 2[2] -> 3[3] via P2P/IPC
[1,0]<stdout>:a2ap-dgx010:410108:410108 [4] NCCL INFO Channel 11/0 : 4[5] -> 5[4] via P2P/IPC
[1,0]<stdout>:a2ap-dgx010:410131:410131 [6] NCCL INFO Channel 12/0 : 6[6] -> 7[7] via P2P/IPC
[1,0]<stdout>:a2ap-dgx010:410104:410104 [0] NCCL INFO Channel 11/0 : 0[1] -> 1[0] via P2P/IPC
[1,0]<stdout>:a2ap-dgx010:410106:410106 [2] NCCL INFO Channel 14/0 : 2[2] -> 3[3] via P2P/IPC
[1,0]<stdout>:a2ap-dgx010:410108:410108 [4] NCCL INFO Channel 12/0 : 4[5] -> 5[4] via P2P/IPC
[1,0]<stdout>:a2ap-dgx010:410131:410131 [6] NCCL INFO Channel 14/0 : 6[6] -> 7[7] via P2P/IPC
[1,0]<stdout>:a2ap-dgx010:410108:410108 [4] NCCL INFO Channel 15/0 : 4[5] -> 5[4] via P2P/IPC
[1,0]<stdout>:a2ap-dgx010:410107:410107 [3] NCCL INFO Channel 00/0 : 3[3] -> 5[4] via P2P/IPC
[1,0]<stdout>:a2ap-dgx010:410107:410107 [3] NCCL INFO Channel 02/0 : 3[3] -> 5[4] via P2P/IPC
[1,0]<stdout>:a2ap-dgx010:410107:410107 [3] NCCL INFO Channel 06/0 : 3[3] -> 5[4] via P2P/IPC
[1,0]<stdout>:a2ap-dgx010:410104:410104 [0] NCCL INFO Channel 13/0 : 0[1] -> 1[0] via P2P/IPC
[1,0]<stdout>:a2ap-dgx010:410107:410107 [3] NCCL INFO Channel 08/0 : 3[3] -> 5[4] via P2P/IPC
