[1,1]<stderr>:[2025-09-03 15:21:28 DP1 TP10] Config file not found at /scratch/users/industry/ai-hpc/apacsc03/py312/lib/python3.12/site-packages/sglang/srt/layers/moe/fused_moe_triton/configs/triton_3_3_1/E=257,N=128,device_name=NVIDIA_H100_80GB_HBM3,dtype=fp8_w8a8,block_shape=[128, 128].json. Fallback to triton version 3.2.0 and use MoE kernel config from /scratch/users/industry/ai-hpc/apacsc03/py312/lib/python3.12/site-packages/sglang/srt/layers/moe/fused_moe_triton/configs/triton_3_2_0/E=257,N=128,device_name=NVIDIA_H100_80GB_HBM3,dtype=fp8_w8a8,block_shape=[128, 128].json. Performance might be sub-optimal!
[1,1]<stderr>:[2025-09-03 15:21:28 DP1 TP13] Config file not found at /scratch/users/industry/ai-hpc/apacsc03/py312/lib/python3.12/site-packages/sglang/srt/layers/moe/fused_moe_triton/configs/triton_3_3_1/E=257,N=128,device_name=NVIDIA_H100_80GB_HBM3,dtype=fp8_w8a8,block_shape=[128, 128].json. Fallback to triton version 3.2.0 and use MoE kernel config from /scratch/users/industry/ai-hpc/apacsc03/py312/lib/python3.12/site-packages/sglang/srt/layers/moe/fused_moe_triton/configs/triton_3_2_0/E=257,N=128,device_name=NVIDIA_H100_80GB_HBM3,dtype=fp8_w8a8,block_shape=[128, 128].json. Performance might be sub-optimal!
[1,1]<stderr>:[2025-09-03 15:21:28 DP1 TP12] Config file not found at /scratch/users/industry/ai-hpc/apacsc03/py312/lib/python3.12/site-packages/sglang/srt/layers/moe/fused_moe_triton/configs/triton_3_3_1/E=257,N=128,device_name=NVIDIA_H100_80GB_HBM3,dtype=fp8_w8a8,block_shape=[128, 128].json. Fallback to triton version 3.2.0 and use MoE kernel config from /scratch/users/industry/ai-hpc/apacsc03/py312/lib/python3.12/site-packages/sglang/srt/layers/moe/fused_moe_triton/configs/triton_3_2_0/E=257,N=128,device_name=NVIDIA_H100_80GB_HBM3,dtype=fp8_w8a8,block_shape=[128, 128].json. Performance might be sub-optimal!
[1,1]<stderr>:[2025-09-03 15:21:28 DP1 TP8] Config file not found at /scratch/users/industry/ai-hpc/apacsc03/py312/lib/python3.12/site-packages/sglang/srt/layers/moe/fused_moe_triton/configs/triton_3_3_1/E=257,N=128,device_name=NVIDIA_H100_80GB_HBM3,dtype=fp8_w8a8,block_shape=[128, 128].json. Fallback to triton version 3.2.0 and use MoE kernel config from /scratch/users/industry/ai-hpc/apacsc03/py312/lib/python3.12/site-packages/sglang/srt/layers/moe/fused_moe_triton/configs/triton_3_2_0/E=257,N=128,device_name=NVIDIA_H100_80GB_HBM3,dtype=fp8_w8a8,block_shape=[128, 128].json. Performance might be sub-optimal!
[1,1]<stderr>:[2025-09-03 15:21:28 DP1 TP15] Config file not found at /scratch/users/industry/ai-hpc/apacsc03/py312/lib/python3.12/site-packages/sglang/srt/layers/moe/fused_moe_triton/configs/triton_3_3_1/E=257,N=128,device_name=NVIDIA_H100_80GB_HBM3,dtype=fp8_w8a8,block_shape=[128, 128].json. Fallback to triton version 3.2.0 and use MoE kernel config from /scratch/users/industry/ai-hpc/apacsc03/py312/lib/python3.12/site-packages/sglang/srt/layers/moe/fused_moe_triton/configs/triton_3_2_0/E=257,N=128,device_name=NVIDIA_H100_80GB_HBM3,dtype=fp8_w8a8,block_shape=[128, 128].json. Performance might be sub-optimal!
[1,1]<stderr>:[2025-09-03 15:21:28 DP1 TP9] Config file not found at /scratch/users/industry/ai-hpc/apacsc03/py312/lib/python3.12/site-packages/sglang/srt/layers/moe/fused_moe_triton/configs/triton_3_3_1/E=257,N=128,device_name=NVIDIA_H100_80GB_HBM3,dtype=fp8_w8a8,block_shape=[128, 128].json. Fallback to triton version 3.2.0 and use MoE kernel config from /scratch/users/industry/ai-hpc/apacsc03/py312/lib/python3.12/site-packages/sglang/srt/layers/moe/fused_moe_triton/configs/triton_3_2_0/E=257,N=128,device_name=NVIDIA_H100_80GB_HBM3,dtype=fp8_w8a8,block_shape=[128, 128].json. Performance might be sub-optimal!
Capturing batches (bs=8 avail_mem=17.14 GB):  95%|█████████▌| 19/20 [00:20<00:01,  1.85s/it] [1,1]<stderr>:HTTP Error 429 thrown while requesting HEAD https://huggingface.co/deepseek-ai/DeepSeek-R1/resolve/main/tokenizer_config.json
[1,1]<stderr>:[2025-09-03 15:21:44 DP1 TP9] HTTP Error 429 thrown while requesting HEAD https://huggingface.co/deepseek-ai/DeepSeek-R1/resolve/main/tokenizer_config.json
[1,1]<stderr>:Retrying in 1s [Retry 1/5].
[1,1]<stderr>:[2025-09-03 15:21:44 DP1 TP9] Retrying in 1s [Retry 1/5].
[1,0]<stderr>:HTTP Error 429 thrown while requesting HEAD https://huggingface.co/deepseek-ai/DeepSeek-R1/resolve/main/tokenizer_config.json
[1,0]<stderr>:[2025-09-03 15:21:44 DP0 TP2] HTTP Error 429 thrown while requesting HEAD https://huggingface.co/deepseek-ai/DeepSeek-R1/resolve/main/tokenizer_config.json
[1,0]<stderr>:Retrying in 1s [Retry 1/5].
[1,0]<stderr>:[2025-09-03 15:21:44 DP0 TP2] Retrying in 1s [Retry 1/5].
[1,1]<stderr>:HTTP Error 429 thrown while requesting HEAD https://huggingface.co/deepseek-ai/DeepSeek-R1/resolve/main/tokenizer_config.json
[1,1]<stderr>:[2025-09-03 15:21:44 DP1 TP8] HTTP Error 429 thrown while requesting HEAD https://huggingface.co/deepseek-ai/DeepSeek-R1/resolve/main/tokenizer_config.json
[1,1]<stderr>:Retrying in 1s [Retry 1/5].
[1,1]<stderr>:[2025-09-03 15:21:44 DP1 TP8] Retrying in 1s [Retry 1/5].
[1,1]<stderr>:HTTP Error 429 thrown while requesting HEAD https://huggingface.co/deepseek-ai/DeepSeek-R1/resolve/main/tokenizer_config.json
[1,1]<stderr>:[2025-09-03 15:21:44 DP1 TP13] HTTP Error 429 thrown while requesting HEAD https://huggingface.co/deepseek-ai/DeepSeek-R1/resolve/main/tokenizer_config.json
[1,1]<stderr>:Retrying in 1s [Retry 1/5].
[1,1]<stderr>:[2025-09-03 15:21:44 DP1 TP13] Retrying in 1s [Retry 1/5].
[1,1]<stderr>:HTTP Error 429 thrown while requesting HEAD https://huggingface.co/deepseek-ai/DeepSeek-R1/resolve/main/tokenizer_config.json
[1,1]<stderr>:[2025-09-03 15:21:44 DP1 TP10] HTTP Error 429 thrown while requesting HEAD https://huggingface.co/deepseek-ai/DeepSeek-R1/resolve/main/tokenizer_config.json
[1,1]<stderr>:Retrying in 1s [Retry 1/5].
[1,1]<stderr>:[2025-09-03 15:21:44 DP1 TP10] Retrying in 1s [Retry 1/5].
[1,1]<stderr>:HTTP Error 429 thrown while requesting HEAD https://huggingface.co/deepseek-ai/DeepSeek-R1/resolve/main/tokenizer_config.json
[1,1]<stderr>:HTTP Error 429 thrown while requesting HEAD https://huggingface.co/deepseek-ai/DeepSeek-R1/resolve/main/tokenizer_config.json
[1,1]<stderr>:[2025-09-03 15:21:44 DP1 TP12] HTTP Error 429 thrown while requesting HEAD https://huggingface.co/deepseek-ai/DeepSeek-R1/resolve/main/tokenizer_config.json
[1,1]<stderr>:[2025-09-03 15:21:44 DP1 TP11] HTTP Error 429 thrown while requesting HEAD https://huggingface.co/deepseek-ai/DeepSeek-R1/resolve/main/tokenizer_config.json
[1,1]<stderr>:Retrying in 1s [Retry 1/5].
[1,1]<stderr>:Retrying in 1s [Retry 1/5].
[1,1]<stderr>:[2025-09-03 15:21:44 DP1 TP12] Retrying in 1s [Retry 1/5].
[1,1]<stderr>:[2025-09-03 15:21:44 DP1 TP11] Retrying in 1s [Retry 1/5].
[1,1]<stderr>:HTTP Error 429 thrown while requesting HEAD https://huggingface.co/deepseek-ai/DeepSeek-R1/resolve/main/tokenizer_config.json
[1,1]<stderr>:[2025-09-03 15:21:44 DP1 TP15] HTTP Error 429 thrown while requesting HEAD https://huggingface.co/deepseek-ai/DeepSeek-R1/resolve/main/tokenizer_config.json
[1,1]<stderr>:Retrying in 1s [Retry 1/5].
[1,1]<stderr>:[2025-09-03 15:21:44 DP1 TP15] Retrying in 1s [Retry 1/5].
[1,1]<stderr>:HTTP Error 429 thrown while requesting HEAD https://huggingface.co/deepseek-ai/DeepSeek-R1/resolve/main/tokenizer_config.json
[1,1]<stderr>:[2025-09-03 15:21:44 DP1 TP14] HTTP Error 429 thrown while requesting HEAD https://huggingface.co/deepseek-ai/DeepSeek-R1/resolve/main/tokenizer_config.json
[1,1]<stderr>:Retrying in 1s [Retry 1/5].
[1,1]<stderr>:[2025-09-03 15:21:44 DP1 TP14] Retrying in 1s [Retry 1/5].
[1,0]<stderr>:HTTP Error 429 thrown while requesting HEAD https://huggingface.co/deepseek-ai/DeepSeek-R1/resolve/main/tokenizer_config.json
[1,0]<stderr>:[2025-09-03 15:21:44 DP0 TP3] HTTP Error 429 thrown while requesting HEAD https://huggingface.co/deepseek-ai/DeepSeek-R1/resolve/main/tokenizer_config.json
[1,0]<stderr>:Retrying in 1s [Retry 1/5].
[1,0]<stderr>:[2025-09-03 15:21:44 DP0 TP3] Retrying in 1s [Retry 1/5].
[1,0]<stderr>:HTTP Error 429 thrown while requesting HEAD https://huggingface.co/deepseek-ai/DeepSeek-R1/resolve/main/tokenizer_config.json
[1,0]<stderr>:[2025-09-03 15:21:44 DP0 TP6] HTTP Error 429 thrown while requesting HEAD https://huggingface.co/deepseek-ai/DeepSeek-R1/resolve/main/tokenizer_config.json
[1,0]<stderr>:Retrying in 1s [Retry 1/5].
[1,0]<stderr>:[2025-09-03 15:21:44 DP0 TP6] Retrying in 1s [Retry 1/5].
[1,0]<stderr>:HTTP Error 429 thrown while requesting HEAD https://huggingface.co/deepseek-ai/DeepSeek-R1/resolve/main/tokenizer_config.json
[1,0]<stderr>:[2025-09-03 15:21:44 DP0 TP1] HTTP Error 429 thrown while requesting HEAD https://huggingface.co/deepseek-ai/DeepSeek-R1/resolve/main/tokenizer_config.json
[1,0]<stderr>:Retrying in 1s [Retry 1/5].
[1,0]<stderr>:[2025-09-03 15:21:44 DP0 TP1] Retrying in 1s [Retry 1/5].
Capturing batches (bs=8 avail_mem=17.14 GB): 100%|██████████| 20/20 [00:21<00:00,  1.09s/it][1,0]<stderr>:
[1,0]<stderr>:[2025-09-03 15:21:44 DP0 TP0] Capture cuda graph end. Time elapsed: 23.13 s. mem usage=2.41 GB. avail mem=17.11 GB.
[1,0]<stderr>:HTTP Error 429 thrown while requesting HEAD https://huggingface.co/deepseek-ai/DeepSeek-R1/resolve/main/tokenizer_config.json
[1,0]<stderr>:[2025-09-03 15:21:44 DP0 TP7] HTTP Error 429 thrown while requesting HEAD https://huggingface.co/deepseek-ai/DeepSeek-R1/resolve/main/tokenizer_config.json
[1,0]<stderr>:Retrying in 1s [Retry 1/5].
[1,0]<stderr>:[2025-09-03 15:21:44 DP0 TP7] Retrying in 1s [Retry 1/5].
[1,0]<stderr>:HTTP Error 429 thrown while requesting HEAD https://huggingface.co/deepseek-ai/DeepSeek-R1/resolve/main/tokenizer_config.json
[1,0]<stderr>:[2025-09-03 15:21:44 DP0 TP4] HTTP Error 429 thrown while requesting HEAD https://huggingface.co/deepseek-ai/DeepSeek-R1/resolve/main/tokenizer_config.json
[1,0]<stderr>:Retrying in 1s [Retry 1/5].
[1,0]<stderr>:[2025-09-03 15:21:44 DP0 TP4] Retrying in 1s [Retry 1/5].
[1,0]<stderr>:HTTP Error 429 thrown while requesting HEAD https://huggingface.co/deepseek-ai/DeepSeek-R1/resolve/main/tokenizer_config.json
[1,0]<stderr>:[2025-09-03 15:21:44 DP0 TP5] HTTP Error 429 thrown while requesting HEAD https://huggingface.co/deepseek-ai/DeepSeek-R1/resolve/main/tokenizer_config.json
[1,0]<stderr>:Retrying in 1s [Retry 1/5].
[1,0]<stderr>:[2025-09-03 15:21:44 DP0 TP5] Retrying in 1s [Retry 1/5].
[1,0]<stderr>:HTTP Error 429 thrown while requesting HEAD https://huggingface.co/deepseek-ai/DeepSeek-R1/resolve/main/tokenizer_config.json
[1,0]<stderr>:[2025-09-03 15:21:44 DP0 TP0] HTTP Error 429 thrown while requesting HEAD https://huggingface.co/deepseek-ai/DeepSeek-R1/resolve/main/tokenizer_config.json
[1,0]<stderr>:Retrying in 1s [Retry 1/5].
[1,0]<stderr>:[2025-09-03 15:21:44 DP0 TP0] Retrying in 1s [Retry 1/5].
[1,1]<stderr>:HTTP Error 429 thrown while requesting HEAD https://huggingface.co/deepseek-ai/DeepSeek-R1/resolve/main/tokenizer_config.json
[1,1]<stderr>:[2025-09-03 15:21:45 DP1 TP9] HTTP Error 429 thrown while requesting HEAD https://huggingface.co/deepseek-ai/DeepSeek-R1/resolve/main/tokenizer_config.json
[1,1]<stderr>:Retrying in 2s [Retry 2/5].
[1,1]<stderr>:[2025-09-03 15:21:45 DP1 TP9] Retrying in 2s [Retry 2/5].
[1,0]<stderr>:HTTP Error 429 thrown while requesting HEAD https://huggingface.co/deepseek-ai/DeepSeek-R1/resolve/main/tokenizer_config.json
[1,0]<stderr>:[2025-09-03 15:21:45 DP0 TP2] HTTP Error 429 thrown while requesting HEAD https://huggingface.co/deepseek-ai/DeepSeek-R1/resolve/main/tokenizer_config.json
[1,0]<stderr>:Retrying in 2s [Retry 2/5].
[1,0]<stderr>:[2025-09-03 15:21:45 DP0 TP2] Retrying in 2s [Retry 2/5].
[1,1]<stderr>:HTTP Error 429 thrown while requesting HEAD https://huggingface.co/deepseek-ai/DeepSeek-R1/resolve/main/tokenizer_config.json
[1,1]<stderr>:[2025-09-03 15:21:45 DP1 TP10] HTTP Error 429 thrown while requesting HEAD https://huggingface.co/deepseek-ai/DeepSeek-R1/resolve/main/tokenizer_config.json
[1,1]<stderr>:Retrying in 2s [Retry 2/5].
[1,1]<stderr>:[2025-09-03 15:21:45 DP1 TP10] Retrying in 2s [Retry 2/5].
[1,1]<stderr>:HTTP Error 429 thrown while requesting HEAD https://huggingface.co/deepseek-ai/DeepSeek-R1/resolve/main/tokenizer_config.json
[1,1]<stderr>:[2025-09-03 15:21:45 DP1 TP13] HTTP Error 429 thrown while requesting HEAD https://huggingface.co/deepseek-ai/DeepSeek-R1/resolve/main/tokenizer_config.json
[1,1]<stderr>:Retrying in 2s [Retry 2/5].
[1,1]<stderr>:[2025-09-03 15:21:45 DP1 TP13] Retrying in 2s [Retry 2/5].
[1,1]<stderr>:HTTP Error 429 thrown while requesting HEAD https://huggingface.co/deepseek-ai/DeepSeek-R1/resolve/main/tokenizer_config.json
[1,1]<stderr>:[2025-09-03 15:21:45 DP1 TP8] HTTP Error 429 thrown while requesting HEAD https://huggingface.co/deepseek-ai/DeepSeek-R1/resolve/main/tokenizer_config.json
[1,1]<stderr>:Retrying in 2s [Retry 2/5].
[1,1]<stderr>:[2025-09-03 15:21:45 DP1 TP8] Retrying in 2s [Retry 2/5].
[1,1]<stderr>:HTTP Error 429 thrown while requesting HEAD https://huggingface.co/deepseek-ai/DeepSeek-R1/resolve/main/tokenizer_config.json
[1,1]<stderr>:HTTP Error 429 thrown while requesting HEAD https://huggingface.co/deepseek-ai/DeepSeek-R1/resolve/main/tokenizer_config.json
[1,1]<stderr>:[2025-09-03 15:21:45 DP1 TP15] HTTP Error 429 thrown while requesting HEAD https://huggingface.co/deepseek-ai/DeepSeek-R1/resolve/main/tokenizer_config.json
[1,1]<stderr>:[2025-09-03 15:21:45 DP1 TP12] HTTP Error 429 thrown while requesting HEAD https://huggingface.co/deepseek-ai/DeepSeek-R1/resolve/main/tokenizer_config.json
[1,1]<stderr>:Retrying in 2s [Retry 2/5].
[1,1]<stderr>:[2025-09-03 15:21:45 DP1 TP15] Retrying in 2s [Retry 2/5].
[1,1]<stderr>:Retrying in 2s [Retry 2/5].
[1,1]<stderr>:[2025-09-03 15:21:45 DP1 TP12] Retrying in 2s [Retry 2/5].
[1,1]<stderr>:HTTP Error 429 thrown while requesting HEAD https://huggingface.co/deepseek-ai/DeepSeek-R1/resolve/main/tokenizer_config.json
[1,1]<stderr>:[2025-09-03 15:21:45 DP1 TP11] HTTP Error 429 thrown while requesting HEAD https://huggingface.co/deepseek-ai/DeepSeek-R1/resolve/main/tokenizer_config.json
[1,1]<stderr>:Retrying in 2s [Retry 2/5].
[1,1]<stderr>:[2025-09-03 15:21:45 DP1 TP11] Retrying in 2s [Retry 2/5].
[1,1]<stderr>:HTTP Error 429 thrown while requesting HEAD https://huggingface.co/deepseek-ai/DeepSeek-R1/resolve/main/tokenizer_config.json
[1,1]<stderr>:[2025-09-03 15:21:45 DP1 TP14] HTTP Error 429 thrown while requesting HEAD https://huggingface.co/deepseek-ai/DeepSeek-R1/resolve/main/tokenizer_config.json
[1,1]<stderr>:Retrying in 2s [Retry 2/5].
[1,1]<stderr>:[2025-09-03 15:21:45 DP1 TP14] Retrying in 2s [Retry 2/5].
[1,0]<stderr>:HTTP Error 429 thrown while requesting HEAD https://huggingface.co/deepseek-ai/DeepSeek-R1/resolve/main/tokenizer_config.json
[1,0]<stderr>:[2025-09-03 15:21:45 DP0 TP3] HTTP Error 429 thrown while requesting HEAD https://huggingface.co/deepseek-ai/DeepSeek-R1/resolve/main/tokenizer_config.json
[1,0]<stderr>:Retrying in 2s [Retry 2/5].
[1,0]<stderr>:[2025-09-03 15:21:45 DP0 TP3] Retrying in 2s [Retry 2/5].
[1,0]<stderr>:HTTP Error 429 thrown while requesting HEAD https://huggingface.co/deepseek-ai/DeepSeek-R1/resolve/main/tokenizer_config.json
[1,0]<stderr>:[2025-09-03 15:21:45 DP0 TP1] HTTP Error 429 thrown while requesting HEAD https://huggingface.co/deepseek-ai/DeepSeek-R1/resolve/main/tokenizer_config.json
[1,0]<stderr>:Retrying in 2s [Retry 2/5].
[1,0]<stderr>:[2025-09-03 15:21:45 DP0 TP1] Retrying in 2s [Retry 2/5].
[1,0]<stderr>:HTTP Error 429 thrown while requesting HEAD https://huggingface.co/deepseek-ai/DeepSeek-R1/resolve/main/tokenizer_config.json
[1,0]<stderr>:[2025-09-03 15:21:45 DP0 TP6] HTTP Error 429 thrown while requesting HEAD https://huggingface.co/deepseek-ai/DeepSeek-R1/resolve/main/tokenizer_config.json
[1,0]<stderr>:Retrying in 2s [Retry 2/5].
[1,0]<stderr>:[2025-09-03 15:21:45 DP0 TP6] Retrying in 2s [Retry 2/5].
[1,0]<stderr>:HTTP Error 429 thrown while requesting HEAD https://huggingface.co/deepseek-ai/DeepSeek-R1/resolve/main/tokenizer_config.json
[1,0]<stderr>:[2025-09-03 15:21:45 DP0 TP7] HTTP Error 429 thrown while requesting HEAD https://huggingface.co/deepseek-ai/DeepSeek-R1/resolve/main/tokenizer_config.json
[1,0]<stderr>:Retrying in 2s [Retry 2/5].
[1,0]<stderr>:[2025-09-03 15:21:45 DP0 TP7] Retrying in 2s [Retry 2/5].
[1,0]<stderr>:HTTP Error 429 thrown while requesting HEAD https://huggingface.co/deepseek-ai/DeepSeek-R1/resolve/main/tokenizer_config.json
[1,0]<stderr>:[2025-09-03 15:21:45 DP0 TP4] HTTP Error 429 thrown while requesting HEAD https://huggingface.co/deepseek-ai/DeepSeek-R1/resolve/main/tokenizer_config.json
[1,0]<stderr>:Retrying in 2s [Retry 2/5].
[1,0]<stderr>:[2025-09-03 15:21:45 DP0 TP4] Retrying in 2s [Retry 2/5].
[1,0]<stderr>:HTTP Error 429 thrown while requesting HEAD https://huggingface.co/deepseek-ai/DeepSeek-R1/resolve/main/tokenizer_config.json
[1,0]<stderr>:[2025-09-03 15:21:45 DP0 TP5] HTTP Error 429 thrown while requesting HEAD https://huggingface.co/deepseek-ai/DeepSeek-R1/resolve/main/tokenizer_config.json
[1,0]<stderr>:Retrying in 2s [Retry 2/5].
[1,0]<stderr>:[2025-09-03 15:21:45 DP0 TP5] Retrying in 2s [Retry 2/5].
[1,0]<stderr>:HTTP Error 429 thrown while requesting HEAD https://huggingface.co/deepseek-ai/DeepSeek-R1/resolve/main/tokenizer_config.json
[1,0]<stderr>:[2025-09-03 15:21:45 DP0 TP0] HTTP Error 429 thrown while requesting HEAD https://huggingface.co/deepseek-ai/DeepSeek-R1/resolve/main/tokenizer_config.json
[1,0]<stderr>:Retrying in 2s [Retry 2/5].
[1,0]<stderr>:[2025-09-03 15:21:45 DP0 TP0] Retrying in 2s [Retry 2/5].
[1,1]<stderr>:HTTP Error 429 thrown while requesting HEAD https://huggingface.co/deepseek-ai/DeepSeek-R1/resolve/main/tokenizer_config.json
[1,1]<stderr>:[2025-09-03 15:21:47 DP1 TP9] HTTP Error 429 thrown while requesting HEAD https://huggingface.co/deepseek-ai/DeepSeek-R1/resolve/main/tokenizer_config.json
[1,1]<stderr>:Retrying in 4s [Retry 3/5].
[1,1]<stderr>:[2025-09-03 15:21:47 DP1 TP9] Retrying in 4s [Retry 3/5].
[1,0]<stderr>:HTTP Error 429 thrown while requesting HEAD https://huggingface.co/deepseek-ai/DeepSeek-R1/resolve/main/tokenizer_config.json
[1,0]<stderr>:[2025-09-03 15:21:47 DP0 TP2] HTTP Error 429 thrown while requesting HEAD https://huggingface.co/deepseek-ai/DeepSeek-R1/resolve/main/tokenizer_config.json
[1,0]<stderr>:Retrying in 4s [Retry 3/5].
[1,0]<stderr>:[2025-09-03 15:21:47 DP0 TP2] Retrying in 4s [Retry 3/5].
[1,1]<stderr>:HTTP Error 429 thrown while requesting HEAD https://huggingface.co/deepseek-ai/DeepSeek-R1/resolve/main/tokenizer_config.json
[1,1]<stderr>:[2025-09-03 15:21:47 DP1 TP10] HTTP Error 429 thrown while requesting HEAD https://huggingface.co/deepseek-ai/DeepSeek-R1/resolve/main/tokenizer_config.json
[1,1]<stderr>:Retrying in 4s [Retry 3/5].
[1,1]<stderr>:[2025-09-03 15:21:47 DP1 TP10] Retrying in 4s [Retry 3/5].
[1,1]<stderr>:HTTP Error 429 thrown while requesting HEAD https://huggingface.co/deepseek-ai/DeepSeek-R1/resolve/main/tokenizer_config.json
[1,1]<stderr>:[2025-09-03 15:21:47 DP1 TP13] HTTP Error 429 thrown while requesting HEAD https://huggingface.co/deepseek-ai/DeepSeek-R1/resolve/main/tokenizer_config.json
[1,1]<stderr>:Retrying in 4s [Retry 3/5].
[1,1]<stderr>:[2025-09-03 15:21:47 DP1 TP13] Retrying in 4s [Retry 3/5].
[1,1]<stderr>:HTTP Error 429 thrown while requesting HEAD https://huggingface.co/deepseek-ai/DeepSeek-R1/resolve/main/tokenizer_config.json
[1,1]<stderr>:[2025-09-03 15:21:47 DP1 TP8] HTTP Error 429 thrown while requesting HEAD https://huggingface.co/deepseek-ai/DeepSeek-R1/resolve/main/tokenizer_config.json
[1,1]<stderr>:Retrying in 4s [Retry 3/5].
[1,1]<stderr>:[2025-09-03 15:21:47 DP1 TP8] Retrying in 4s [Retry 3/5].
[1,1]<stderr>:HTTP Error 429 thrown while requesting HEAD https://huggingface.co/deepseek-ai/DeepSeek-R1/resolve/main/tokenizer_config.json
[1,1]<stderr>:[2025-09-03 15:21:47 DP1 TP15] HTTP Error 429 thrown while requesting HEAD https://huggingface.co/deepseek-ai/DeepSeek-R1/resolve/main/tokenizer_config.json
[1,1]<stderr>:Retrying in 4s [Retry 3/5].
[1,1]<stderr>:[2025-09-03 15:21:47 DP1 TP15] Retrying in 4s [Retry 3/5].
[1,1]<stderr>:HTTP Error 429 thrown while requesting HEAD https://huggingface.co/deepseek-ai/DeepSeek-R1/resolve/main/tokenizer_config.json
[1,1]<stderr>:[2025-09-03 15:21:47 DP1 TP11] HTTP Error 429 thrown while requesting HEAD https://huggingface.co/deepseek-ai/DeepSeek-R1/resolve/main/tokenizer_config.json
[1,1]<stderr>:Retrying in 4s [Retry 3/5].
[1,1]<stderr>:[2025-09-03 15:21:47 DP1 TP11] Retrying in 4s [Retry 3/5].
[1,1]<stderr>:HTTP Error 429 thrown while requesting HEAD https://huggingface.co/deepseek-ai/DeepSeek-R1/resolve/main/tokenizer_config.json
[1,1]<stderr>:[2025-09-03 15:21:47 DP1 TP12] HTTP Error 429 thrown while requesting HEAD https://huggingface.co/deepseek-ai/DeepSeek-R1/resolve/main/tokenizer_config.json
[1,1]<stderr>:Retrying in 4s [Retry 3/5].
[1,1]<stderr>:[2025-09-03 15:21:47 DP1 TP12] Retrying in 4s [Retry 3/5].
[1,1]<stderr>:HTTP Error 429 thrown while requesting HEAD https://huggingface.co/deepseek-ai/DeepSeek-R1/resolve/main/tokenizer_config.json
[1,1]<stderr>:[2025-09-03 15:21:47 DP1 TP14] HTTP Error 429 thrown while requesting HEAD https://huggingface.co/deepseek-ai/DeepSeek-R1/resolve/main/tokenizer_config.json
[1,1]<stderr>:Retrying in 4s [Retry 3/5].
[1,1]<stderr>:[2025-09-03 15:21:47 DP1 TP14] Retrying in 4s [Retry 3/5].
[1,0]<stderr>:HTTP Error 429 thrown while requesting HEAD https://huggingface.co/deepseek-ai/DeepSeek-R1/resolve/main/tokenizer_config.json
[1,0]<stderr>:[2025-09-03 15:21:47 DP0 TP3] HTTP Error 429 thrown while requesting HEAD https://huggingface.co/deepseek-ai/DeepSeek-R1/resolve/main/tokenizer_config.json
[1,0]<stderr>:Retrying in 4s [Retry 3/5].
[1,0]<stderr>:[2025-09-03 15:21:47 DP0 TP3] Retrying in 4s [Retry 3/5].
[1,0]<stderr>:HTTP Error 429 thrown while requesting HEAD https://huggingface.co/deepseek-ai/DeepSeek-R1/resolve/main/tokenizer_config.json
[1,0]<stderr>:HTTP Error 429 thrown while requesting HEAD https://huggingface.co/deepseek-ai/DeepSeek-R1/resolve/main/tokenizer_config.json
[1,0]<stderr>:[2025-09-03 15:21:47 DP0 TP1] HTTP Error 429 thrown while requesting HEAD https://huggingface.co/deepseek-ai/DeepSeek-R1/resolve/main/tokenizer_config.json
[1,0]<stderr>:[2025-09-03 15:21:47 DP0 TP6] HTTP Error 429 thrown while requesting HEAD https://huggingface.co/deepseek-ai/DeepSeek-R1/resolve/main/tokenizer_config.json
[1,0]<stderr>:Retrying in 4s [Retry 3/5].
[1,0]<stderr>:[2025-09-03 15:21:47 DP0 TP1] Retrying in 4s [Retry 3/5].
[1,0]<stderr>:Retrying in 4s [Retry 3/5].
[1,0]<stderr>:[2025-09-03 15:21:47 DP0 TP6] Retrying in 4s [Retry 3/5].
[1,0]<stderr>:HTTP Error 429 thrown while requesting HEAD https://huggingface.co/deepseek-ai/DeepSeek-R1/resolve/main/tokenizer_config.json
[1,0]<stderr>:[2025-09-03 15:21:47 DP0 TP7] HTTP Error 429 thrown while requesting HEAD https://huggingface.co/deepseek-ai/DeepSeek-R1/resolve/main/tokenizer_config.json
[1,0]<stderr>:Retrying in 4s [Retry 3/5].
[1,0]<stderr>:[2025-09-03 15:21:47 DP0 TP7] Retrying in 4s [Retry 3/5].
[1,0]<stderr>:HTTP Error 429 thrown while requesting HEAD https://huggingface.co/deepseek-ai/DeepSeek-R1/resolve/main/tokenizer_config.json
[1,0]<stderr>:[2025-09-03 15:21:47 DP0 TP5] HTTP Error 429 thrown while requesting HEAD https://huggingface.co/deepseek-ai/DeepSeek-R1/resolve/main/tokenizer_config.json
[1,0]<stderr>:Retrying in 4s [Retry 3/5].
[1,0]<stderr>:[2025-09-03 15:21:47 DP0 TP5] Retrying in 4s [Retry 3/5].
[1,0]<stderr>:HTTP Error 429 thrown while requesting HEAD https://huggingface.co/deepseek-ai/DeepSeek-R1/resolve/main/tokenizer_config.json
[1,0]<stderr>:[2025-09-03 15:21:47 DP0 TP4] HTTP Error 429 thrown while requesting HEAD https://huggingface.co/deepseek-ai/DeepSeek-R1/resolve/main/tokenizer_config.json
[1,0]<stderr>:Retrying in 4s [Retry 3/5].
[1,0]<stderr>:[2025-09-03 15:21:47 DP0 TP4] Retrying in 4s [Retry 3/5].
[1,0]<stderr>:HTTP Error 429 thrown while requesting HEAD https://huggingface.co/deepseek-ai/DeepSeek-R1/resolve/main/tokenizer_config.json
[1,0]<stderr>:[2025-09-03 15:21:47 DP0 TP0] HTTP Error 429 thrown while requesting HEAD https://huggingface.co/deepseek-ai/DeepSeek-R1/resolve/main/tokenizer_config.json
[1,0]<stderr>:Retrying in 4s [Retry 3/5].
[1,0]<stderr>:[2025-09-03 15:21:47 DP0 TP0] Retrying in 4s [Retry 3/5].
[1,1]<stderr>:HTTP Error 429 thrown while requesting HEAD https://huggingface.co/deepseek-ai/DeepSeek-R1/resolve/main/tokenizer_config.json
[1,1]<stderr>:[2025-09-03 15:21:51 DP1 TP9] HTTP Error 429 thrown while requesting HEAD https://huggingface.co/deepseek-ai/DeepSeek-R1/resolve/main/tokenizer_config.json
[1,1]<stderr>:Retrying in 8s [Retry 4/5].
[1,1]<stderr>:[2025-09-03 15:21:51 DP1 TP9] Retrying in 8s [Retry 4/5].
[1,0]<stderr>:HTTP Error 429 thrown while requesting HEAD https://huggingface.co/deepseek-ai/DeepSeek-R1/resolve/main/tokenizer_config.json
[1,0]<stderr>:[2025-09-03 15:21:51 DP0 TP2] HTTP Error 429 thrown while requesting HEAD https://huggingface.co/deepseek-ai/DeepSeek-R1/resolve/main/tokenizer_config.json
[1,0]<stderr>:Retrying in 8s [Retry 4/5].
[1,0]<stderr>:[2025-09-03 15:21:51 DP0 TP2] Retrying in 8s [Retry 4/5].
[1,1]<stderr>:HTTP Error 429 thrown while requesting HEAD https://huggingface.co/deepseek-ai/DeepSeek-R1/resolve/main/tokenizer_config.json
[1,1]<stderr>:[2025-09-03 15:21:51 DP1 TP10] HTTP Error 429 thrown while requesting HEAD https://huggingface.co/deepseek-ai/DeepSeek-R1/resolve/main/tokenizer_config.json
[1,1]<stderr>:Retrying in 8s [Retry 4/5].
[1,1]<stderr>:[2025-09-03 15:21:51 DP1 TP10] Retrying in 8s [Retry 4/5].
[1,1]<stderr>:HTTP Error 429 thrown while requesting HEAD https://huggingface.co/deepseek-ai/DeepSeek-R1/resolve/main/tokenizer_config.json
[1,1]<stderr>:[2025-09-03 15:21:51 DP1 TP13] HTTP Error 429 thrown while requesting HEAD https://huggingface.co/deepseek-ai/DeepSeek-R1/resolve/main/tokenizer_config.json
[1,1]<stderr>:Retrying in 8s [Retry 4/5].
[1,1]<stderr>:[2025-09-03 15:21:51 DP1 TP13] Retrying in 8s [Retry 4/5].
[1,1]<stderr>:HTTP Error 429 thrown while requesting HEAD https://huggingface.co/deepseek-ai/DeepSeek-R1/resolve/main/tokenizer_config.json
[1,1]<stderr>:[2025-09-03 15:21:51 DP1 TP8] HTTP Error 429 thrown while requesting HEAD https://huggingface.co/deepseek-ai/DeepSeek-R1/resolve/main/tokenizer_config.json
[1,1]<stderr>:Retrying in 8s [Retry 4/5].
[1,1]<stderr>:[2025-09-03 15:21:51 DP1 TP8] Retrying in 8s [Retry 4/5].
[1,1]<stderr>:HTTP Error 429 thrown while requesting HEAD https://huggingface.co/deepseek-ai/DeepSeek-R1/resolve/main/tokenizer_config.json
[1,1]<stderr>:[2025-09-03 15:21:51 DP1 TP11] HTTP Error 429 thrown while requesting HEAD https://huggingface.co/deepseek-ai/DeepSeek-R1/resolve/main/tokenizer_config.json
[1,1]<stderr>:Retrying in 8s [Retry 4/5].
[1,1]<stderr>:[2025-09-03 15:21:51 DP1 TP11] Retrying in 8s [Retry 4/5].
[1,1]<stderr>:HTTP Error 429 thrown while requesting HEAD https://huggingface.co/deepseek-ai/DeepSeek-R1/resolve/main/tokenizer_config.json
[1,1]<stderr>:[2025-09-03 15:21:51 DP1 TP12] HTTP Error 429 thrown while requesting HEAD https://huggingface.co/deepseek-ai/DeepSeek-R1/resolve/main/tokenizer_config.json
[1,1]<stderr>:Retrying in 8s [Retry 4/5].
[1,1]<stderr>:[2025-09-03 15:21:51 DP1 TP12] Retrying in 8s [Retry 4/5].
[1,1]<stderr>:HTTP Error 429 thrown while requesting HEAD https://huggingface.co/deepseek-ai/DeepSeek-R1/resolve/main/tokenizer_config.json
[1,1]<stderr>:HTTP Error 429 thrown while requesting HEAD https://huggingface.co/deepseek-ai/DeepSeek-R1/resolve/main/tokenizer_config.json
[1,1]<stderr>:[2025-09-03 15:21:51 DP1 TP15] HTTP Error 429 thrown while requesting HEAD https://huggingface.co/deepseek-ai/DeepSeek-R1/resolve/main/tokenizer_config.json
[1,1]<stderr>:[2025-09-03 15:21:51 DP1 TP14] HTTP Error 429 thrown while requesting HEAD https://huggingface.co/deepseek-ai/DeepSeek-R1/resolve/main/tokenizer_config.json
[1,1]<stderr>:Retrying in 8s [Retry 4/5].
[1,1]<stderr>:Retrying in 8s [Retry 4/5].
[1,1]<stderr>:[2025-09-03 15:21:51 DP1 TP15] Retrying in 8s [Retry 4/5].
[1,1]<stderr>:[2025-09-03 15:21:51 DP1 TP14] Retrying in 8s [Retry 4/5].
[1,0]<stderr>:HTTP Error 429 thrown while requesting HEAD https://huggingface.co/deepseek-ai/DeepSeek-R1/resolve/main/tokenizer_config.json
[1,0]<stderr>:[2025-09-03 15:21:51 DP0 TP3] HTTP Error 429 thrown while requesting HEAD https://huggingface.co/deepseek-ai/DeepSeek-R1/resolve/main/tokenizer_config.json
[1,0]<stderr>:Retrying in 8s [Retry 4/5].
[1,0]<stderr>:[2025-09-03 15:21:51 DP0 TP3] Retrying in 8s [Retry 4/5].
[1,0]<stderr>:HTTP Error 429 thrown while requesting HEAD https://huggingface.co/deepseek-ai/DeepSeek-R1/resolve/main/tokenizer_config.json
[1,0]<stderr>:[2025-09-03 15:21:51 DP0 TP1] HTTP Error 429 thrown while requesting HEAD https://huggingface.co/deepseek-ai/DeepSeek-R1/resolve/main/tokenizer_config.json
[1,0]<stderr>:Retrying in 8s [Retry 4/5].
[1,0]<stderr>:[2025-09-03 15:21:51 DP0 TP1] Retrying in 8s [Retry 4/5].
[1,0]<stderr>:HTTP Error 429 thrown while requesting HEAD https://huggingface.co/deepseek-ai/DeepSeek-R1/resolve/main/tokenizer_config.json
[1,0]<stderr>:[2025-09-03 15:21:51 DP0 TP6] HTTP Error 429 thrown while requesting HEAD https://huggingface.co/deepseek-ai/DeepSeek-R1/resolve/main/tokenizer_config.json
[1,0]<stderr>:Retrying in 8s [Retry 4/5].
[1,0]<stderr>:[2025-09-03 15:21:51 DP0 TP6] Retrying in 8s [Retry 4/5].
[1,0]<stderr>:HTTP Error 429 thrown while requesting HEAD https://huggingface.co/deepseek-ai/DeepSeek-R1/resolve/main/tokenizer_config.json
[1,0]<stderr>:[2025-09-03 15:21:51 DP0 TP7] HTTP Error 429 thrown while requesting HEAD https://huggingface.co/deepseek-ai/DeepSeek-R1/resolve/main/tokenizer_config.json
[1,0]<stderr>:Retrying in 8s [Retry 4/5].
[1,0]<stderr>:[2025-09-03 15:21:51 DP0 TP7] Retrying in 8s [Retry 4/5].
[1,0]<stderr>:HTTP Error 429 thrown while requesting HEAD https://huggingface.co/deepseek-ai/DeepSeek-R1/resolve/main/tokenizer_config.json
[1,0]<stderr>:[2025-09-03 15:21:51 DP0 TP5] HTTP Error 429 thrown while requesting HEAD https://huggingface.co/deepseek-ai/DeepSeek-R1/resolve/main/tokenizer_config.json
[1,0]<stderr>:Retrying in 8s [Retry 4/5].
[1,0]<stderr>:[2025-09-03 15:21:51 DP0 TP5] Retrying in 8s [Retry 4/5].
[1,0]<stderr>:HTTP Error 429 thrown while requesting HEAD https://huggingface.co/deepseek-ai/DeepSeek-R1/resolve/main/tokenizer_config.json
[1,0]<stderr>:[2025-09-03 15:21:51 DP0 TP4] HTTP Error 429 thrown while requesting HEAD https://huggingface.co/deepseek-ai/DeepSeek-R1/resolve/main/tokenizer_config.json
[1,0]<stderr>:Retrying in 8s [Retry 4/5].
[1,0]<stderr>:[2025-09-03 15:21:51 DP0 TP4] Retrying in 8s [Retry 4/5].
[1,0]<stderr>:HTTP Error 429 thrown while requesting HEAD https://huggingface.co/deepseek-ai/DeepSeek-R1/resolve/main/tokenizer_config.json
[1,0]<stderr>:[2025-09-03 15:21:51 DP0 TP0] HTTP Error 429 thrown while requesting HEAD https://huggingface.co/deepseek-ai/DeepSeek-R1/resolve/main/tokenizer_config.json
[1,0]<stderr>:Retrying in 8s [Retry 4/5].
[1,0]<stderr>:[2025-09-03 15:21:51 DP0 TP0] Retrying in 8s [Retry 4/5].
[1,0]<stderr>:[2025-09-03 15:22:00 DP0 TP0] max_total_num_tokens=194986, chunked_prefill_size=1024, max_prefill_tokens=16384, max_running_requests=1024, context_len=163840, available_gpu_mem=17.11 GB
[1,1]<stderr>:[2025-09-03 15:22:00] Starting dummy health check server at 127.0.0.1:30000
[1,0]<stdout>:#Input tokens: 626729
[1,0]<stdout>:#Output tokens: 388685
[1,0]<stdout>:#Input tokens: 4096
[1,0]<stdout>:#Output tokens: 256
[1,0]<stderr>:[2025-09-03 15:22:15]
[1,0]<stderr>:Warmup...
[1,1]<stderr>:[2025-09-03 15:22:15 DP1 TP8] Prefill batch. #new-seq: 1, #new-token: 257, #cached-token: 0, token usage: 0.00, #running-req: 0, #queue-req: 0,
[1,0]<stderr>:[2025-09-03 15:22:15 DP0 TP0] Prefill batch. #new-seq: 1, #new-token: 257, #cached-token: 0, token usage: 0.00, #running-req: 0, #queue-req: 0,
[1,0]<stderr>:[2025-09-03 15:22:15 DP0 TP0] Prefill batch. #new-seq: 4, #new-token: 1024, #cached-token: 0, token usage: 0.00, #running-req: 1, #queue-req: 3,
[1,1]<stderr>:[2025-09-03 15:22:15 DP1 TP8] Prefill batch. #new-seq: 4, #new-token: 1024, #cached-token: 0, token usage: 0.00, #running-req: 1, #queue-req: 3,
[1,1]<stderr>:[2025-09-03 15:22:15 DP1 TP13] Try DeepGEMM JIT Compiling for <gemm_fp8_fp8_bf16_nt> N=4096, K=512, num_groups=1 with all Ms. It only takes a little time (typically 1 sec) if you have run `python3 -m sglang.compile_deep_gemm`.
[1,1]<stderr>:[2025-09-03 15:22:15 DP1 TP10] Try DeepGEMM JIT Compiling for <gemm_fp8_fp8_bf16_nt> N=4096, K=512, num_groups=1 with all Ms. It only takes a little time (typically 1 sec) if you have run `python3 -m sglang.compile_deep_gemm`.
[1,1]<stderr>:[2025-09-03 15:22:15 DP1 TP15] Try DeepGEMM JIT Compiling for <gemm_fp8_fp8_bf16_nt> N=4096, K=512, num_groups=1 with all Ms. It only takes a little time (typically 1 sec) if you have run `python3 -m sglang.compile_deep_gemm`.
[1,1]<stderr>:[2025-09-03 15:22:15 DP1 TP8] Entering DeepGEMM JIT Pre-Compile session. It may takes a long time (typically 10-20 mins) if you have not run `sglang.compile_deep_gemm`. It is recommended to run `sglang.compile_deep_gemm` with same args as `sglang.launch_server` for pre-compilation to reduce the overhead if you have not run it before. For example: `python3 -m sglang.compile_deep_gemm --model deepseek-ai/DeepSeek-V3 --tp 8 --trust-remote-code`
[1,1]<stderr>:[2025-09-03 15:22:15 DP1 TP8] Try DeepGEMM JIT Compiling for <gemm_fp8_fp8_bf16_nt> N=4096, K=512, num_groups=1 with all Ms. It only takes a little time (typically 1 sec) if you have run `python3 -m sglang.compile_deep_gemm`.
[1,1]<stderr>:[2025-09-03 15:22:15 DP1 TP11] Try DeepGEMM JIT Compiling for <gemm_fp8_fp8_bf16_nt> N=4096, K=512, num_groups=1 with all Ms. It only takes a little time (typically 1 sec) if you have run `python3 -m sglang.compile_deep_gemm`.
[1,1]<stderr>:[2025-09-03 15:22:15 DP1 TP12] Try DeepGEMM JIT Compiling for <gemm_fp8_fp8_bf16_nt> N=4096, K=512, num_groups=1 with all Ms. It only takes a little time (typically 1 sec) if you have run `python3 -m sglang.compile_deep_gemm`.
[1,1]<stderr>:[2025-09-03 15:22:15 DP1 TP14] Try DeepGEMM JIT Compiling for <gemm_fp8_fp8_bf16_nt> N=4096, K=512, num_groups=1 with all Ms. It only takes a little time (typically 1 sec) if you have run `python3 -m sglang.compile_deep_gemm`.
[1,1]<stderr>:[2025-09-03 15:22:15 DP1 TP9] Try DeepGEMM JIT Compiling for <gemm_fp8_fp8_bf16_nt> N=4096, K=512, num_groups=1 with all Ms. It only takes a little time (typically 1 sec) if you have run `python3 -m sglang.compile_deep_gemm`.
[1,0]<stderr>:[2025-09-03 15:22:15 DP0 TP2] Try DeepGEMM JIT Compiling for <gemm_fp8_fp8_bf16_nt> N=4096, K=512, num_groups=1 with all Ms. It only takes a little time (typically 1 sec) if you have run `python3 -m sglang.compile_deep_gemm`.
[1,0]<stderr>:[2025-09-03 15:22:15 DP0 TP4] Try DeepGEMM JIT Compiling for <gemm_fp8_fp8_bf16_nt> N=4096, K=512, num_groups=1 with all Ms. It only takes a little time (typically 1 sec) if you have run `python3 -m sglang.compile_deep_gemm`.
[1,0]<stderr>:[2025-09-03 15:22:15 DP0 TP7] Try DeepGEMM JIT Compiling for <gemm_fp8_fp8_bf16_nt> N=4096, K=512, num_groups=1 with all Ms. It only takes a little time (typically 1 sec) if you have run `python3 -m sglang.compile_deep_gemm`.
[1,0]<stderr>:[2025-09-03 15:22:15 DP0 TP5] Try DeepGEMM JIT Compiling for <gemm_fp8_fp8_bf16_nt> N=4096, K=512, num_groups=1 with all Ms. It only takes a little time (typically 1 sec) if you have run `python3 -m sglang.compile_deep_gemm`.
[1,0]<stderr>:[2025-09-03 15:22:15 DP0 TP6] Try DeepGEMM JIT Compiling for <gemm_fp8_fp8_bf16_nt> N=4096, K=512, num_groups=1 with all Ms. It only takes a little time (typically 1 sec) if you have run `python3 -m sglang.compile_deep_gemm`.
[1,0]<stderr>:[2025-09-03 15:22:15 DP0 TP1] Try DeepGEMM JIT Compiling for <gemm_fp8_fp8_bf16_nt> N=4096, K=512, num_groups=1 with all Ms. It only takes a little time (typically 1 sec) if you have run `python3 -m sglang.compile_deep_gemm`.
[1,0]<stderr>:[2025-09-03 15:22:15 DP0 TP0] Entering DeepGEMM JIT Pre-Compile session. It may takes a long time (typically 10-20 mins) if you have not run `sglang.compile_deep_gemm`. It is recommended to run `sglang.compile_deep_gemm` with same args as `sglang.launch_server` for pre-compilation to reduce the overhead if you have not run it before. For example: `python3 -m sglang.compile_deep_gemm --model deepseek-ai/DeepSeek-V3 --tp 8 --trust-remote-code`
[1,0]<stderr>:[2025-09-03 15:22:15 DP0 TP0] Try DeepGEMM JIT Compiling for <gemm_fp8_fp8_bf16_nt> N=4096, K=512, num_groups=1 with all Ms. It only takes a little time (typically 1 sec) if you have run `python3 -m sglang.compile_deep_gemm`.
[1,0]<stderr>:[2025-09-03 15:22:15 DP0 TP3] Try DeepGEMM JIT Compiling for <gemm_fp8_fp8_bf16_nt> N=4096, K=512, num_groups=1 with all Ms. It only takes a little time (typically 1 sec) if you have run `python3 -m sglang.compile_deep_gemm`.
100%|██████████| 24/24 [00:00<00:00, 897.31it/s]rr>:
100%|██████████| 24/24 [00:00<00:00, 898.04it/s]
100%|██████████| 24/24 [00:00<00:00, 938.89it/s][1,1]<stderr>:
100%|██████████| 24/24 [00:00<00:00, 1095.21it/s]
[1,1]<stderr>:
100%|██████████| 24/24 [00:00<00:00, 1389.53it/s]
100%|██████████| 24/24 [00:00<00:00, 975.48it/s][1,1]<stderr>:
100%|██████████| 24/24 [00:00<00:00, 1122.08it/s]
[1,1]<stderr>:
100%|██████████| 24/24 [00:00<00:00, 13905.69it/s]>:
100%|██████████| 24/24 [00:00<00:00, 13371.85it/s]>:
100%|██████████| 24/24 [00:00<00:00, 15069.36it/s]>:
100%|██████████| 24/24 [00:00<00:00, 14250.18it/s]>:
100%|██████████| 24/24 [00:00<00:00, 11711.84it/s]>:
100%|██████████| 24/24 [00:00<00:00, 11621.25it/s]>:
100%|██████████| 24/24 [00:00<00:00, 13787.60it/s]>:
[1,0]<stderr>:[2025-09-03 15:22:19 DP0 TP0] Prefill batch. #new-seq: 4, #new-token: 769, #cached-token: 6, token usage: 0.01, #running-req: 4, #queue-req: 0,
[1,1]<stderr>:[2025-09-03 15:22:19 DP1 TP8] Prefill batch. #new-seq: 4, #new-token: 769, #cached-token: 6, token usage: 0.01, #running-req: 4, #queue-req: 0,
[1,0]<stderr>:[2025-09-03 15:22:21]
[1,0]<stderr>:Benchmark...
[1,0]<stderr>:[2025-09-03 15:22:21 DP0 TP0] Prefill batch. #new-seq: 2, #new-token: 515, #cached-token: 2, token usage: 0.00, #running-req: 0, #queue-req: 0,
[1,1]<stderr>:[2025-09-03 15:22:21 DP1 TP8] Prefill batch. #new-seq: 3, #new-token: 240, #cached-token: 3, token usage: 0.00, #running-req: 0, #queue-req: 0,
[1,1]<stderr>:[2025-09-03 15:22:21 DP1 TP8] Prefill batch. #new-seq: 3, #new-token: 185, #cached-token: 3, token usage: 0.00, #running-req: 3, #queue-req: 0,
[1,0]<stderr>:[2025-09-03 15:22:21 DP0 TP0] Prefill batch. #new-seq: 4, #new-token: 1024, #cached-token: 4, token usage: 0.00, #running-req: 2, #queue-req: 1,
[1,1]<stderr>:[2025-09-03 15:22:22 DP1 TP8] Prefill batch. #new-seq: 6, #new-token: 1024, #cached-token: 6, token usage: 0.00, #running-req: 6, #queue-req: 164,
[1,0]<stderr>:[2025-09-03 15:22:22 DP0 TP0] Prefill batch. #new-seq: 10, #new-token: 1024, #cached-token: 12, token usage: 0.01, #running-req: 5, #queue-req: 171,
[1,1]<stderr>:[2025-09-03 15:22:22 DP1 TP8] Prefill batch. #new-seq: 2, #new-token: 1024, #cached-token: 1, token usage: 0.01, #running-req: 11, #queue-req: 258,
[1,0]<stderr>:[2025-09-03 15:22:22 DP0 TP0] Prefill batch. #new-seq: 2, #new-token: 1024, #cached-token: 1, token usage: 0.01, #running-req: 14, #queue-req: 260,
[1,1]<stderr>:[2025-09-03 15:22:22 DP1 TP8] Prefill batch. #new-seq: 1, #new-token: 1024, #cached-token: 0, token usage: 0.01, #running-req: 12, #queue-req: 341,
[1,0]<stderr>:[2025-09-03 15:22:22 DP0 TP0] Prefill batch. #new-seq: 1, #new-token: 1024, #cached-token: 0, token usage: 0.02, #running-req: 15, #queue-req: 343,
[1,1]<stderr>:[2025-09-03 15:22:22 DP1 TP8] Prefill batch. #new-seq: 4, #new-token: 1024, #cached-token: 3, token usage: 0.02, #running-req: 12, #queue-req: 410,
[1,0]<stderr>:[2025-09-03 15:22:22 DP0 TP0] Prefill batch. #new-seq: 5, #new-token: 1024, #cached-token: 6, token usage: 0.02, #running-req: 15, #queue-req: 413,
[1,1]<stderr>:[2025-09-03 15:22:22 DP1 TP8] Prefill batch. #new-seq: 5, #new-token: 1024, #cached-token: 5, token usage: 0.02, #running-req: 15, #queue-req: 492,
[1,0]<stderr>:[2025-09-03 15:22:22 DP0 TP0] Prefill batch. #new-seq: 5, #new-token: 1024, #cached-token: 4, token usage: 0.03, #running-req: 19, #queue-req: 496,
[1,1]<stderr>:[2025-09-03 15:22:23 DP1 TP8] Prefill batch. #new-seq: 2, #new-token: 1024, #cached-token: 1, token usage: 0.03, #running-req: 19, #queue-req: 572,
[1,0]<stderr>:[2025-09-03 15:22:23 DP0 TP0] Prefill batch. #new-seq: 2, #new-token: 1024, #cached-token: 1, token usage: 0.03, #running-req: 23, #queue-req: 575,
[1,1]<stderr>:[2025-09-03 15:22:23 DP1 TP8] Prefill batch. #new-seq: 6, #new-token: 1024, #cached-token: 5, token usage: 0.03, #running-req: 20, #queue-req: 655,
[1,0]<stderr>:[2025-09-03 15:22:23 DP0 TP0] Prefill batch. #new-seq: 1, #new-token: 1024, #cached-token: 0, token usage: 0.04, #running-req: 24, #queue-req: 659,
[1,1]<stderr>:[2025-09-03 15:22:23 DP1 TP8] Prefill batch. #new-seq: 2, #new-token: 1024, #cached-token: 2, token usage: 0.04, #running-req: 25, #queue-req: 762,
[1,0]<stderr>:[2025-09-03 15:22:23 DP0 TP0] Prefill batch. #new-seq: 10, #new-token: 1024, #cached-token: 14, token usage: 0.04, #running-req: 24, #queue-req: 755,
[1,1]<stderr>:[2025-09-03 15:22:23 DP1 TP8] Prefill batch. #new-seq: 9, #new-token: 1024, #cached-token: 13, token usage: 0.04, #running-req: 26, #queue-req: 830,
[1,0]<stderr>:[2025-09-03 15:22:23 DP0 TP0] Prefill batch. #new-seq: 4, #new-token: 1024, #cached-token: 8, token usage: 0.05, #running-req: 33, #queue-req: 834,
[1,1]<stderr>:[2025-09-03 15:22:23 DP1 TP8] Prefill batch. #new-seq: 6, #new-token: 1024, #cached-token: 7, token usage: 0.05, #running-req: 34, #queue-req: 898,
[1,0]<stderr>:[2025-09-03 15:22:23 DP0 TP0] Prefill batch. #new-seq: 4, #new-token: 1024, #cached-token: 8, token usage: 0.06, #running-req: 36, #queue-req: 899,
[1,1]<stderr>:[2025-09-03 15:22:23 DP1 TP8] Prefill batch. #new-seq: 2, #new-token: 1024, #cached-token: 1, token usage: 0.05, #running-req: 39, #queue-req: 959,
[1,0]<stderr>:[2025-09-03 15:22:23 DP0 TP0] Prefill batch. #new-seq: 3, #new-token: 1024, #cached-token: 4, token usage: 0.06, #running-req: 39, #queue-req: 958,
[1,0]<stderr>:[2025-09-03 15:22:23 DP0 TP0] Prefill batch. #new-seq: 3, #new-token: 1024, #cached-token: 2, token usage: 0.07, #running-req: 41, #queue-req: 956,
[1,1]<stderr>:[2025-09-03 15:22:23 DP1 TP8] Prefill batch. #new-seq: 1, #new-token: 1024, #cached-token: 0, token usage: 0.06, #running-req: 40, #queue-req: 959,
[1,0]<stderr>:[2025-09-03 15:22:24 DP0 TP0] Prefill batch. #new-seq: 3, #new-token: 1024, #cached-token: 6, token usage: 0.07, #running-req: 43, #queue-req: 954,
[1,1]<stderr>:[2025-09-03 15:22:24 DP1 TP8] Prefill batch. #new-seq: 1, #new-token: 1024, #cached-token: 0, token usage: 0.07, #running-req: 40, #queue-req: 959,
[1,0]<stderr>:[2025-09-03 15:22:24 DP0 TP0] Prefill batch. #new-seq: 5, #new-token: 1024, #cached-token: 4, token usage: 0.08, #running-req: 45, #queue-req: 950,
[1,1]<stderr>:[2025-09-03 15:22:24 DP1 TP8] Prefill batch. #new-seq: 2, #new-token: 1024, #cached-token: 4, token usage: 0.07, #running-req: 40, #queue-req: 958,
[1,0]<stderr>:[2025-09-03 15:22:24 DP0 TP0] Prefill batch. #new-seq: 9, #new-token: 1024, #cached-token: 22, token usage: 0.08, #running-req: 49, #queue-req: 942,
[1,1]<stderr>:[2025-09-03 15:22:24 DP1 TP8] Prefill batch. #new-seq: 8, #new-token: 1024, #cached-token: 10, token usage: 0.08, #running-req: 41, #queue-req: 951,
[1,0]<stderr>:[2025-09-03 15:22:24 DP0 TP0] Prefill batch. #new-seq: 9, #new-token: 1024, #cached-token: 15, token usage: 0.09, #running-req: 57, #queue-req: 934,
[1,1]<stderr>:[2025-09-03 15:22:24 DP1 TP8] Prefill batch. #new-seq: 8, #new-token: 1024, #cached-token: 16, token usage: 0.08, #running-req: 48, #queue-req: 944,
[1,1]<stderr>:[2025-09-03 15:22:24 DP1 TP8] Prefill batch. #new-seq: 1, #new-token: 1024, #cached-token: 0, token usage: 0.09, #running-req: 55, #queue-req: 944,
[1,0]<stderr>:[2025-09-03 15:22:24 DP0 TP0] Prefill batch. #new-seq: 6, #new-token: 1024, #cached-token: 8, token usage: 0.09, #running-req: 65, #queue-req: 929,
[1,1]<stderr>:[2025-09-03 15:22:24 DP1 TP8] Prefill batch. #new-seq: 1, #new-token: 1024, #cached-token: 0, token usage: 0.09, #running-req: 55, #queue-req: 944,
[1,0]<stderr>:[2025-09-03 15:22:24 DP0 TP0] Prefill batch. #new-seq: 4, #new-token: 1024, #cached-token: 3, token usage: 0.10, #running-req: 70, #queue-req: 926,
[1,1]<stderr>:[2025-09-03 15:22:24 DP1 TP8] Prefill batch. #new-seq: 7, #new-token: 1024, #cached-token: 10, token usage: 0.10, #running-req: 55, #queue-req: 938,
[1,0]<stderr>:[2025-09-03 15:22:24 DP0 TP0] Prefill batch. #new-seq: 2, #new-token: 1024, #cached-token: 1, token usage: 0.10, #running-req: 73, #queue-req: 925,
[1,1]<stderr>:[2025-09-03 15:22:24 DP1 TP8] Prefill batch. #new-seq: 2, #new-token: 1024, #cached-token: 1, token usage: 0.10, #running-req: 61, #queue-req: 937,
[1,0]<stderr>:[2025-09-03 15:22:24 DP0 TP0] Prefill batch. #new-seq: 3, #new-token: 1024, #cached-token: 4, token usage: 0.11, #running-req: 74, #queue-req: 923,
[1,0]<stderr>:[2025-09-03 15:22:25 DP0 TP0] Prefill batch. #new-seq: 7, #new-token: 1024, #cached-token: 12, token usage: 0.11, #running-req: 76, #queue-req: 917,
[1,1]<stderr>:[2025-09-03 15:22:25 DP1 TP8] Prefill batch. #new-seq: 3, #new-token: 1024, #cached-token: 4, token usage: 0.11, #running-req: 62, #queue-req: 935,
[1,0]<stderr>:[2025-09-03 15:22:25 DP0 TP0] Prefill batch. #new-seq: 5, #new-token: 1024, #cached-token: 8, token usage: 0.12, #running-req: 82, #queue-req: 913,
[1,1]<stderr>:[2025-09-03 15:22:25 DP1 TP8] Prefill batch. #new-seq: 4, #new-token: 1024, #cached-token: 5, token usage: 0.11, #running-req: 64, #queue-req: 932,
[1,0]<stderr>:[2025-09-03 15:22:25 DP0 TP0] Prefill batch. #new-seq: 3, #new-token: 1024, #cached-token: 4, token usage: 0.12, #running-req: 86, #queue-req: 911,
[1,1]<stderr>:[2025-09-03 15:22:25 DP1 TP8] Prefill batch. #new-seq: 1, #new-token: 1024, #cached-token: 0, token usage: 0.12, #running-req: 67, #queue-req: 932,
[1,0]<stderr>:[2025-09-03 15:22:25 DP0 TP0] Prefill batch. #new-seq: 3, #new-token: 1024, #cached-token: 4, token usage: 0.13, #running-req: 88, #queue-req: 909,
[1,1]<stderr>:[2025-09-03 15:22:25 DP1 TP8] Prefill batch. #new-seq: 8, #new-token: 1024, #cached-token: 14, token usage: 0.12, #running-req: 67, #queue-req: 925,
[1,0]<stderr>:[2025-09-03 15:22:25 DP0 TP0] Prefill batch. #new-seq: 5, #new-token: 1024, #cached-token: 7, token usage: 0.13, #running-req: 90, #queue-req: 905,
[1,1]<stderr>:[2025-09-03 15:22:25 DP1 TP8] Prefill batch. #new-seq: 5, #new-token: 1024, #cached-token: 9, token usage: 0.13, #running-req: 74, #queue-req: 921,
[1,0]<stderr>:[2025-09-03 15:22:25 DP0 TP0] Prefill batch. #new-seq: 4, #new-token: 1024, #cached-token: 4, token usage: 0.14, #running-req: 94, #queue-req: 902,
[1,1]<stderr>:[2025-09-03 15:22:25 DP1 TP8] Prefill batch. #new-seq: 3, #new-token: 1024, #cached-token: 4, token usage: 0.13, #running-req: 78, #queue-req: 919,
[1,0]<stderr>:[2025-09-03 15:22:25 DP0 TP0] Prefill batch. #new-seq: 7, #new-token: 1024, #cached-token: 15, token usage: 0.14, #running-req: 97, #queue-req: 896,
[1,1]<stderr>:[2025-09-03 15:22:25 DP1 TP8] Prefill batch. #new-seq: 5, #new-token: 1024, #cached-token: 10, token usage: 0.14, #running-req: 80, #queue-req: 915,
[1,0]<stderr>:[2025-09-03 15:22:25 DP0 TP0] Prefill batch. #new-seq: 3, #new-token: 1024, #cached-token: 8, token usage: 0.15, #running-req: 103, #queue-req: 894,
[1,1]<stderr>:[2025-09-03 15:22:25 DP1 TP8] Prefill batch. #new-seq: 4, #new-token: 1024, #cached-token: 10, token usage: 0.14, #running-req: 84, #queue-req: 912,
[1,0]<stderr>:[2025-09-03 15:22:26 DP0 TP0] Prefill batch. #new-seq: 3, #new-token: 1024, #cached-token: 4, token usage: 0.15, #running-req: 105, #queue-req: 892,
[1,1]<stderr>:[2025-09-03 15:22:26 DP1 TP8] Prefill batch. #new-seq: 5, #new-token: 1024, #cached-token: 4, token usage: 0.15, #running-req: 87, #queue-req: 908,
[1,0]<stderr>:[2025-09-03 15:22:26 DP0 TP0] Prefill batch. #new-seq: 5, #new-token: 1024, #cached-token: 13, token usage: 0.16, #running-req: 107, #queue-req: 888,
[1,1]<stderr>:[2025-09-03 15:22:26 DP1 TP8] Prefill batch. #new-seq: 2, #new-token: 1024, #cached-token: 2, token usage: 0.15, #running-req: 91, #queue-req: 907,
[1,0]<stderr>:[2025-09-03 15:22:26 DP0 TP0] Prefill batch. #new-seq: 4, #new-token: 1024, #cached-token: 10, token usage: 0.17, #running-req: 111, #queue-req: 885,
[1,1]<stderr>:[2025-09-03 15:22:26 DP1 TP8] Prefill batch. #new-seq: 5, #new-token: 1024, #cached-token: 10, token usage: 0.16, #running-req: 92, #queue-req: 903,
[1,0]<stderr>:[2025-09-03 15:22:26 DP0 TP0] Prefill batch. #new-seq: 5, #new-token: 1024, #cached-token: 10, token usage: 0.17, #running-req: 114, #queue-req: 881,
[1,1]<stderr>:[2025-09-03 15:22:26 DP1 TP8] Prefill batch. #new-seq: 11, #new-token: 1024, #cached-token: 21, token usage: 0.16, #running-req: 96, #queue-req: 893,
[1,1]<stderr>:[2025-09-03 15:22:26 DP1 TP8] Prefill batch. #new-seq: 6, #new-token: 1024, #cached-token: 10, token usage: 0.17, #running-req: 106, #queue-req: 888,
[1,0]<stderr>:[2025-09-03 15:22:26 DP0 TP0] Prefill batch. #new-seq: 7, #new-token: 1024, #cached-token: 14, token usage: 0.18, #running-req: 118, #queue-req: 875,
[1,0]<stderr>:[2025-09-03 15:22:26 DP0 TP0] Prefill batch. #new-seq: 4, #new-token: 1024, #cached-token: 5, token usage: 0.18, #running-req: 124, #queue-req: 872,
[1,1]<stderr>:[2025-09-03 15:22:26 DP1 TP8] Prefill batch. #new-seq: 5, #new-token: 1024, #cached-token: 10, token usage: 0.18, #running-req: 111, #queue-req: 884,
