[1,1]<stdout>:a2ap-dgx012:1490567:1490567 [3] NCCL INFO Channel 15/0 : 11[3] -> 12[4] via P2P/IPC
[1,1]<stdout>:a2ap-dgx012:1490565:1490565 [1] NCCL INFO Channel 01/0 : 9[1] -> 10[2] via P2P/IPC
[1,1]<stdout>:a2ap-dgx012:1490568:1490568 [4] NCCL INFO Channel 03/0 : 12[4] -> 13[5] via P2P/IPC
[1,1]<stdout>:a2ap-dgx012:1490592:1490592 [6] NCCL INFO Channel 06/0 : 14[6] -> 15[7] via P2P/IPC
[1,1]<stdout>:a2ap-dgx012:1490565:1490565 [1] NCCL INFO Channel 03/0 : 9[1] -> 10[2] via P2P/IPC
[1,1]<stdout>:a2ap-dgx012:1490568:1490568 [4] NCCL INFO Channel 04/0 : 12[4] -> 13[5] via P2P/IPC
[1,1]<stdout>:a2ap-dgx012:1490592:1490592 [6] NCCL INFO Channel 09/0 : 14[6] -> 15[7] via P2P/IPC
[1,1]<stdout>:a2ap-dgx012:1490568:1490568 [4] NCCL INFO Channel 07/0 : 12[4] -> 13[5] via P2P/IPC
[1,1]<stdout>:a2ap-dgx012:1490565:1490565 [1] NCCL INFO Channel 05/0 : 9[1] -> 10[2] via P2P/IPC
[1,1]<stdout>:a2ap-dgx012:1490592:1490592 [6] NCCL INFO Channel 11/0 : 14[6] -> 15[7] via P2P/IPC
[1,1]<stdout>:a2ap-dgx012:1490568:1490568 [4] NCCL INFO Channel 09/0 : 12[4] -> 13[5] via P2P/IPC
[1,1]<stdout>:a2ap-dgx012:1490565:1490565 [1] NCCL INFO Channel 07/0 : 9[1] -> 10[2] via P2P/IPC
[1,1]<stdout>:a2ap-dgx012:1490592:1490592 [6] NCCL INFO Channel 13/0 : 14[6] -> 15[7] via P2P/IPC
[1,1]<stdout>:a2ap-dgx012:1490568:1490568 [4] NCCL INFO Channel 11/0 : 12[4] -> 13[5] via P2P/IPC
[1,1]<stdout>:a2ap-dgx012:1490565:1490565 [1] NCCL INFO Channel 09/0 : 9[1] -> 10[2] via P2P/IPC
[1,1]<stdout>:a2ap-dgx012:1490592:1490592 [6] NCCL INFO Channel 14/0 : 14[6] -> 15[7] via P2P/IPC
[1,1]<stdout>:a2ap-dgx012:1490568:1490568 [4] NCCL INFO Channel 12/0 : 12[4] -> 13[5] via P2P/IPC
[1,1]<stdout>:a2ap-dgx012:1490565:1490565 [1] NCCL INFO Channel 11/0 : 9[1] -> 10[2] via P2P/IPC
[1,1]<stdout>:a2ap-dgx012:1490592:1490592 [6] NCCL INFO Channel 06/0 : 6[6] -> 14[6] [receive] via NET/IB/22/GDRDMA
[1,1]<stdout>:a2ap-dgx012:1490592:1490592 [6] NCCL INFO Channel 14/0 : 6[6] -> 14[6] [receive] via NET/IB/22/GDRDMA
[1,1]<stdout>:a2ap-dgx012:1490568:1490568 [4] NCCL INFO Channel 15/0 : 12[4] -> 13[5] via P2P/IPC
[1,1]<stdout>:a2ap-dgx012:1490565:1490565 [1] NCCL INFO Channel 13/0 : 9[1] -> 10[2] via P2P/IPC
[1,1]<stdout>:a2ap-dgx012:1490568:1490568 [4] NCCL INFO Channel 04/0 : 5[4] -> 12[4] [receive] via NET/IB/18/GDRDMA
[1,1]<stdout>:a2ap-dgx012:1490567:1490567 [3] NCCL INFO Channel 03/0 : 3[3] -> 11[3] [receive] via NET/IB/17/GDRDMA
[1,1]<stdout>:a2ap-dgx012:1490568:1490568 [4] NCCL INFO Channel 12/0 : 5[4] -> 12[4] [receive] via NET/IB/18/GDRDMA
[1,1]<stdout>:a2ap-dgx012:1490567:1490567 [3] NCCL INFO Channel 11/0 : 3[3] -> 11[3] [receive] via NET/IB/17/GDRDMA
[1,1]<stdout>:a2ap-dgx012:1490569:1490569 [5] NCCL INFO Channel 05/0 : 4[5] -> 13[5] [receive] via NET/IB/21/GDRDMA
[1,1]<stdout>:a2ap-dgx012:1490569:1490569 [5] NCCL INFO Channel 13/0 : 4[5] -> 13[5] [receive] via NET/IB/21/GDRDMA
[1,1]<stdout>:a2ap-dgx012:1490565:1490565 [1] NCCL INFO Channel 15/0 : 9[1] -> 10[2] via P2P/IPC
[1,1]<stdout>:a2ap-dgx012:1490565:1490565 [1] NCCL INFO Channel 01/0 : 0[1] -> 9[1] [receive] via NET/IB/15/GDRDMA
[1,1]<stdout>:a2ap-dgx012:1490565:1490565 [1] NCCL INFO Channel 09/0 : 0[1] -> 9[1] [receive] via NET/IB/15/GDRDMA
[1,1]<stdout>:a2ap-dgx012:1490564:1490564 [0] NCCL INFO Channel 00/0 : 1[0] -> 8[0] [receive] via NET/IB/12/GDRDMA
[1,1]<stdout>:a2ap-dgx012:1490564:1490564 [0] NCCL INFO Channel 08/0 : 1[0] -> 8[0] [receive] via NET/IB/12/GDRDMA
[1,1]<stdout>:a2ap-dgx012:1490564:1490564 [0] NCCL INFO Channel 02/0 : 8[0] -> 15[7] via P2P/IPC
[1,1]<stdout>:a2ap-dgx012:1490566:1490566 [2] NCCL INFO Channel 02/0 : 2[2] -> 10[2] [receive] via NET/IB/16/GDRDMA
[1,1]<stdout>:a2ap-dgx012:1490566:1490566 [2] NCCL INFO Channel 10/0 : 2[2] -> 10[2] [receive] via NET/IB/16/GDRDMA
[1,1]<stdout>:a2ap-dgx012:1490564:1490564 [0] NCCL INFO Channel 04/0 : 8[0] -> 15[7] via P2P/IPC
[1,1]<stdout>:a2ap-dgx012:1490564:1490564 [0] NCCL INFO Channel 06/0 : 8[0] -> 15[7] via P2P/IPC
[1,1]<stdout>:a2ap-dgx012:1490564:1490564 [0] NCCL INFO Channel 10/0 : 8[0] -> 15[7] via P2P/IPC
[1,1]<stdout>:a2ap-dgx012:1490567:1490567 [3] NCCL INFO Channel 00/0 : 11[3] -> 10[2] via P2P/IPC
[1,1]<stdout>:a2ap-dgx012:1490592:1490592 [6] NCCL INFO Channel 00/0 : 14[6] -> 13[5] via P2P/IPC
[1,1]<stdout>:a2ap-dgx012:1490564:1490564 [0] NCCL INFO Channel 12/0 : 8[0] -> 15[7] via P2P/IPC
[1,1]<stdout>:a2ap-dgx012:1490567:1490567 [3] NCCL INFO Channel 02/0 : 11[3] -> 10[2] via P2P/IPC
[1,1]<stdout>:a2ap-dgx012:1490569:1490569 [5] NCCL INFO Channel 00/0 : 13[5] -> 12[4] via P2P/IPC
[1,1]<stdout>:a2ap-dgx012:1490564:1490564 [0] NCCL INFO Channel 14/0 : 8[0] -> 15[7] via P2P/IPC
[1,1]<stdout>:a2ap-dgx012:1490592:1490592 [6] NCCL INFO Channel 02/0 : 14[6] -> 13[5] via P2P/IPC
[1,1]<stdout>:a2ap-dgx012:1490568:1490568 [4] NCCL INFO Channel 00/0 : 12[4] -> 11[3] via P2P/IPC
[1,1]<stdout>:a2ap-dgx012:1490592:1490592 [6] NCCL INFO Channel 04/0 : 14[6] -> 13[5] via P2P/IPC
[1,1]<stdout>:a2ap-dgx012:1490565:1490565 [1] NCCL INFO Channel 00/0 : 9[1] -> 8[0] via P2P/IPC
[1,1]<stdout>:a2ap-dgx012:1490569:1490569 [5] NCCL INFO Channel 02/0 : 13[5] -> 12[4] via P2P/IPC
[1,1]<stdout>:a2ap-dgx012:1490568:1490568 [4] NCCL INFO Channel 02/0 : 12[4] -> 11[3] via P2P/IPC
[1,1]<stdout>:a2ap-dgx012:1490592:1490592 [6] NCCL INFO Channel 08/0 : 14[6] -> 13[5] via P2P/IPC
[1,1]<stdout>:a2ap-dgx012:1490565:1490565 [1] NCCL INFO Channel 02/0 : 9[1] -> 8[0] via P2P/IPC
[1,1]<stdout>:a2ap-dgx012:1490593:1490593 [7] NCCL INFO Channel 07/0 : 7[7] -> 15[7] [receive] via NET/IB/23/GDRDMA
[1,1]<stdout>:a2ap-dgx012:1490593:1490593 [7] NCCL INFO Channel 15/0 : 7[7] -> 15[7] [receive] via NET/IB/23/GDRDMA
[1,1]<stdout>:a2ap-dgx012:1490568:1490568 [4] NCCL INFO Channel 06/0 : 12[4] -> 11[3] via P2P/IPC
[1,1]<stdout>:a2ap-dgx012:1490569:1490569 [5] NCCL INFO Channel 04/0 : 13[5] -> 12[4] via P2P/IPC
[1,1]<stdout>:a2ap-dgx012:1490593:1490593 [7] NCCL INFO Channel 01/0 : 15[7] -> 8[0] via P2P/IPC
[1,1]<stdout>:a2ap-dgx012:1490592:1490592 [6] NCCL INFO Channel 10/0 : 14[6] -> 13[5] via P2P/IPC
[1,1]<stdout>:a2ap-dgx012:1490565:1490565 [1] NCCL INFO Channel 04/0 : 9[1] -> 8[0] via P2P/IPC
[1,1]<stdout>:a2ap-dgx012:1490568:1490568 [4] NCCL INFO Channel 08/0 : 12[4] -> 11[3] via P2P/IPC
[1,1]<stdout>:a2ap-dgx012:1490565:1490565 [1] NCCL INFO Channel 06/0 : 9[1] -> 8[0] via P2P/IPC
[1,1]<stdout>:a2ap-dgx012:1490569:1490569 [5] NCCL INFO Channel 06/0 : 13[5] -> 12[4] via P2P/IPC
[1,1]<stdout>:a2ap-dgx012:1490592:1490592 [6] NCCL INFO Channel 12/0 : 14[6] -> 13[5] via P2P/IPC
[1,1]<stdout>:a2ap-dgx012:1490593:1490593 [7] NCCL INFO Channel 03/0 : 15[7] -> 8[0] via P2P/IPC
[1,1]<stdout>:a2ap-dgx012:1490566:1490566 [2] NCCL INFO Channel 00/0 : 10[2] -> 9[1] via P2P/IPC
[1,1]<stdout>:a2ap-dgx012:1490565:1490565 [1] NCCL INFO Channel 08/0 : 9[1] -> 8[0] via P2P/IPC
[1,1]<stdout>:a2ap-dgx012:1490568:1490568 [4] NCCL INFO Channel 10/0 : 12[4] -> 11[3] via P2P/IPC
[1,1]<stdout>:a2ap-dgx012:1490569:1490569 [5] NCCL INFO Channel 08/0 : 13[5] -> 12[4] via P2P/IPC
[1,1]<stdout>:a2ap-dgx012:1490593:1490593 [7] NCCL INFO Channel 05/0 : 15[7] -> 8[0] via P2P/IPC
[1,1]<stdout>:a2ap-dgx012:1490566:1490566 [2] NCCL INFO Channel 04/0 : 10[2] -> 9[1] via P2P/IPC
[1,1]<stdout>:a2ap-dgx012:1490565:1490565 [1] NCCL INFO Channel 10/0 : 9[1] -> 8[0] via P2P/IPC
[1,1]<stdout>:a2ap-dgx012:1490568:1490568 [4] NCCL INFO Channel 14/0 : 12[4] -> 11[3] via P2P/IPC
[1,1]<stdout>:a2ap-dgx012:1490569:1490569 [5] NCCL INFO Channel 10/0 : 13[5] -> 12[4] via P2P/IPC
[1,1]<stdout>:a2ap-dgx012:1490593:1490593 [7] NCCL INFO Channel 07/0 : 15[7] -> 8[0] via P2P/IPC
[1,1]<stdout>:a2ap-dgx012:1490566:1490566 [2] NCCL INFO Channel 06/0 : 10[2] -> 9[1] via P2P/IPC
[1,1]<stdout>:a2ap-dgx012:1490565:1490565 [1] NCCL INFO Channel 12/0 : 9[1] -> 8[0] via P2P/IPC
[1,1]<stdout>:a2ap-dgx012:1490569:1490569 [5] NCCL INFO Channel 12/0 : 13[5] -> 12[4] via P2P/IPC
[1,1]<stdout>:a2ap-dgx012:1490593:1490593 [7] NCCL INFO Channel 09/0 : 15[7] -> 8[0] via P2P/IPC
[1,1]<stdout>:a2ap-dgx012:1490566:1490566 [2] NCCL INFO Channel 08/0 : 10[2] -> 9[1] via P2P/IPC
[1,1]<stdout>:a2ap-dgx012:1490565:1490565 [1] NCCL INFO Channel 14/0 : 9[1] -> 8[0] via P2P/IPC
[1,1]<stdout>:a2ap-dgx012:1490566:1490566 [2] NCCL INFO Channel 12/0 : 10[2] -> 9[1] via P2P/IPC
[1,1]<stdout>:a2ap-dgx012:1490593:1490593 [7] NCCL INFO Channel 11/0 : 15[7] -> 8[0] via P2P/IPC
[1,1]<stdout>:a2ap-dgx012:1490567:1490567 [3] NCCL INFO Channel 04/0 : 11[3] -> 10[2] via P2P/IPC
[1,1]<stdout>:a2ap-dgx012:1490569:1490569 [5] NCCL INFO Channel 14/0 : 13[5] -> 12[4] via P2P/IPC
[1,1]<stdout>:a2ap-dgx012:1490566:1490566 [2] NCCL INFO Channel 14/0 : 10[2] -> 9[1] via P2P/IPC
[1,1]<stdout>:a2ap-dgx012:1490567:1490567 [3] NCCL INFO Channel 06/0 : 11[3] -> 10[2] via P2P/IPC
[1,1]<stdout>:a2ap-dgx012:1490593:1490593 [7] NCCL INFO Channel 13/0 : 15[7] -> 8[0] via P2P/IPC
[1,1]<stdout>:a2ap-dgx012:1490567:1490567 [3] NCCL INFO Channel 08/0 : 11[3] -> 10[2] via P2P/IPC
[1,1]<stdout>:a2ap-dgx012:1490593:1490593 [7] NCCL INFO Channel 15/0 : 15[7] -> 8[0] via P2P/IPC
[1,1]<stdout>:a2ap-dgx012:1490567:1490567 [3] NCCL INFO Channel 10/0 : 11[3] -> 10[2] via P2P/IPC
[1,1]<stdout>:a2ap-dgx012:1490593:1490593 [7] NCCL INFO Channel 00/0 : 15[7] -> 14[6] via P2P/IPC
[1,1]<stdout>:a2ap-dgx012:1490567:1490567 [3] NCCL INFO Channel 12/0 : 11[3] -> 10[2] via P2P/IPC
[1,1]<stdout>:a2ap-dgx012:1490593:1490593 [7] NCCL INFO Channel 02/0 : 15[7] -> 14[6] via P2P/IPC
[1,1]<stdout>:a2ap-dgx012:1490593:1490593 [7] NCCL INFO Channel 04/0 : 15[7] -> 14[6] via P2P/IPC
[1,1]<stdout>:a2ap-dgx012:1490593:1490593 [7] NCCL INFO Channel 06/0 : 15[7] -> 14[6] via P2P/IPC
[1,1]<stdout>:a2ap-dgx012:1490567:1490567 [3] NCCL INFO Channel 14/0 : 11[3] -> 10[2] via P2P/IPC
[1,1]<stdout>:a2ap-dgx012:1490593:1490593 [7] NCCL INFO Channel 08/0 : 15[7] -> 14[6] via P2P/IPC
[1,1]<stdout>:a2ap-dgx012:1490593:1490593 [7] NCCL INFO Channel 10/0 : 15[7] -> 14[6] via P2P/IPC
[1,1]<stdout>:a2ap-dgx012:1490593:1490593 [7] NCCL INFO Channel 12/0 : 15[7] -> 14[6] via P2P/IPC
[1,1]<stdout>:a2ap-dgx012:1490593:1490593 [7] NCCL INFO Channel 14/0 : 15[7] -> 14[6] via P2P/IPC
[1,1]<stdout>:a2ap-dgx012:1490593:1490593 [7] NCCL INFO Connected all trees
[1,1]<stdout>:a2ap-dgx012:1490592:1490592 [6] NCCL INFO Connected all trees
[1,1]<stdout>:a2ap-dgx012:1490569:1490569 [5] NCCL INFO Connected all trees
[1,1]<stdout>:a2ap-dgx012:1490568:1490568 [4] NCCL INFO Connected all trees
[1,1]<stdout>:a2ap-dgx012:1490564:1490564 [0] NCCL INFO Connected all trees
[1,1]<stdout>:a2ap-dgx012:1490566:1490566 [2] NCCL INFO Connected all trees
[1,1]<stdout>:a2ap-dgx012:1490567:1490567 [3] NCCL INFO Connected all trees
[1,1]<stdout>:a2ap-dgx012:1490565:1490565 [1] NCCL INFO Connected all trees
[1,1]<stdout>:a2ap-dgx012:1490593:1490593 [7] NCCL INFO threadThresholds 8/8/64 | 128/8/64 | 512 | 512
[1,1]<stdout>:a2ap-dgx012:1490593:1490593 [7] NCCL INFO 16 coll channels, 16 collnet channels, 0 nvls channels, 16 p2p channels, 2 p2p channels per peer
[1,1]<stdout>:a2ap-dgx012:1490564:1490564 [0] NCCL INFO threadThresholds 8/8/64 | 128/8/64 | 512 | 512
[1,1]<stdout>:a2ap-dgx012:1490564:1490564 [0] NCCL INFO 16 coll channels, 16 collnet channels, 0 nvls channels, 16 p2p channels, 2 p2p channels per peer
[1,1]<stdout>:a2ap-dgx012:1490592:1490592 [6] NCCL INFO threadThresholds 8/8/64 | 128/8/64 | 512 | 512
[1,1]<stdout>:a2ap-dgx012:1490592:1490592 [6] NCCL INFO 16 coll channels, 16 collnet channels, 0 nvls channels, 16 p2p channels, 2 p2p channels per peer
[1,1]<stdout>:a2ap-dgx012:1490565:1490565 [1] NCCL INFO threadThresholds 8/8/64 | 128/8/64 | 512 | 512
[1,1]<stdout>:a2ap-dgx012:1490565:1490565 [1] NCCL INFO 16 coll channels, 16 collnet channels, 0 nvls channels, 16 p2p channels, 2 p2p channels per peer
[1,1]<stdout>:a2ap-dgx012:1490567:1490567 [3] NCCL INFO threadThresholds 8/8/64 | 128/8/64 | 512 | 512
[1,1]<stdout>:a2ap-dgx012:1490567:1490567 [3] NCCL INFO 16 coll channels, 16 collnet channels, 0 nvls channels, 16 p2p channels, 2 p2p channels per peer
[1,1]<stdout>:a2ap-dgx012:1490568:1490568 [4] NCCL INFO threadThresholds 8/8/64 | 128/8/64 | 512 | 512
[1,1]<stdout>:a2ap-dgx012:1490568:1490568 [4] NCCL INFO 16 coll channels, 16 collnet channels, 0 nvls channels, 16 p2p channels, 2 p2p channels per peer
[1,1]<stdout>:a2ap-dgx012:1490569:1490569 [5] NCCL INFO threadThresholds 8/8/64 | 128/8/64 | 512 | 512
[1,1]<stdout>:a2ap-dgx012:1490569:1490569 [5] NCCL INFO 16 coll channels, 16 collnet channels, 0 nvls channels, 16 p2p channels, 2 p2p channels per peer
[1,1]<stdout>:a2ap-dgx012:1490566:1490566 [2] NCCL INFO threadThresholds 8/8/64 | 128/8/64 | 512 | 512
[1,1]<stdout>:a2ap-dgx012:1490566:1490566 [2] NCCL INFO 16 coll channels, 16 collnet channels, 0 nvls channels, 16 p2p channels, 2 p2p channels per peer
[1,1]<stdout>:a2ap-dgx012:1490593:1490593 [7] NCCL INFO TUNER/Plugin: Could not find: libnccl-tuner.so. Using internal tuner plugin.
[1,1]<stdout>:a2ap-dgx012:1490566:1490566 [2] NCCL INFO TUNER/Plugin: Could not find: libnccl-tuner.so. Using internal tuner plugin.
[1,1]<stdout>:a2ap-dgx012:1490568:1490568 [4] NCCL INFO TUNER/Plugin: Could not find: libnccl-tuner.so. Using internal tuner plugin.
[1,1]<stdout>:a2ap-dgx012:1490592:1490592 [6] NCCL INFO TUNER/Plugin: Could not find: libnccl-tuner.so. Using internal tuner plugin.
[1,1]<stdout>:a2ap-dgx012:1490567:1490567 [3] NCCL INFO TUNER/Plugin: Could not find: libnccl-tuner.so. Using internal tuner plugin.
[1,1]<stdout>:a2ap-dgx012:1490593:1490593 [7] NCCL INFO ncclCommInitRank comm 0x555561796160 rank 15 nranks 16 cudaDev 7 nvmlDev 7 busId df000 commId 0x6f1483de9f0e1dbd - Init COMPLETE
[1,1]<stdout>:a2ap-dgx012:1490564:1490564 [0] NCCL INFO TUNER/Plugin: Could not find: libnccl-tuner.so. Using internal tuner plugin.
[1,1]<stdout>:a2ap-dgx012:1490566:1490566 [2] NCCL INFO ncclCommInitRank comm 0x555561796270 rank 10 nranks 16 cudaDev 2 nvmlDev 2 busId 52000 commId 0x6f1483de9f0e1dbd - Init COMPLETE
[1,1]<stdout>:a2ap-dgx012:1490592:1490592 [6] NCCL INFO ncclCommInitRank comm 0x55556181d400 rank 14 nranks 16 cudaDev 6 nvmlDev 6 busId d1000 commId 0x6f1483de9f0e1dbd - Init COMPLETE
[1,1]<stdout>:a2ap-dgx012:1490567:1490567 [3] NCCL INFO ncclCommInitRank comm 0x555561795310 rank 11 nranks 16 cudaDev 3 nvmlDev 3 busId 61000 commId 0x6f1483de9f0e1dbd - Init COMPLETE
[1,1]<stdout>:a2ap-dgx012:1490568:1490568 [4] NCCL INFO ncclCommInitRank comm 0x5555617962b0 rank 12 nranks 16 cudaDev 4 nvmlDev 4 busId 9d000 commId 0x6f1483de9f0e1dbd - Init COMPLETE
[1,1]<stdout>:a2ap-dgx012:1490564:1490564 [0] NCCL INFO ncclCommInitRank comm 0x555561841d90 rank 8 nranks 16 cudaDev 0 nvmlDev 0 busId 1b000 commId 0x6f1483de9f0e1dbd - Init COMPLETE
[1,1]<stdout>:a2ap-dgx012:1490593:1490593 [7] NCCL INFO Init timings - ncclCommInitRank: rank 15 nranks 16 total 6.79 (kernels 1.22, alloc 2.56, bootstrap 0.19, allgathers 0.01, topo 1.58, graphs 0.01, connections 1.15, rest 0.05)
[1,1]<stdout>:a2ap-dgx012:1490568:1490568 [4] NCCL INFO Init timings - ncclCommInitRank: rank 12 nranks 16 total 6.77 (kernels 1.25, alloc 2.62, bootstrap 0.09, allgathers 0.01, topo 1.59, graphs 0.01, connections 1.19, rest 0.02)
[1,1]<stdout>:a2ap-dgx012:1490592:1490592 [6] NCCL INFO Init timings - ncclCommInitRank: rank 14 nranks 16 total 6.77 (kernels 1.20, alloc 2.66, bootstrap 0.09, allgathers 0.02, topo 1.58, graphs 0.01, connections 1.18, rest 0.03)
[1,1]<stdout>:a2ap-dgx012:1490566:1490566 [2] NCCL INFO Init timings - ncclCommInitRank: rank 10 nranks 16 total 6.77 (kernels 1.25, alloc 2.62, bootstrap 0.09, allgathers 0.02, topo 1.58, graphs 0.01, connections 1.20, rest 0.00)
[1,1]<stdout>:a2ap-dgx012:1490567:1490567 [3] NCCL INFO Init timings - ncclCommInitRank: rank 11 nranks 16 total 6.79 (kernels 1.20, alloc 2.68, bootstrap 0.09, allgathers 0.01, topo 1.59, graphs 0.01, connections 1.19, rest 0.02)
[1,1]<stdout>:a2ap-dgx012:1490564:1490564 [0] NCCL INFO Init timings - ncclCommInitRank: rank 8 nranks 16 total 6.77 (kernels 1.17, alloc 2.69, bootstrap 0.09, allgathers 0.02, topo 1.58, graphs 0.01, connections 1.17, rest 0.03)
[1,1]<stdout>:a2ap-dgx012:1490565:1490565 [1] NCCL INFO TUNER/Plugin: Could not find: libnccl-tuner.so. Using internal tuner plugin.
[1,1]<stdout>:a2ap-dgx012:1490565:1490565 [1] NCCL INFO ncclCommInitRank comm 0x555561794490 rank 9 nranks 16 cudaDev 1 nvmlDev 1 busId 43000 commId 0x6f1483de9f0e1dbd - Init COMPLETE
[1,1]<stdout>:a2ap-dgx012:1490565:1490565 [1] NCCL INFO Init timings - ncclCommInitRank: rank 9 nranks 16 total 6.77 (kernels 1.18, alloc 2.69, bootstrap 0.09, allgathers 0.02, topo 1.58, graphs 0.01, connections 1.18, rest 0.02)
[1,1]<stdout>:a2ap-dgx012:1490569:1490569 [5] NCCL INFO TUNER/Plugin: Could not find: libnccl-tuner.so. Using internal tuner plugin.
[1,1]<stdout>:a2ap-dgx012:1490569:1490569 [5] NCCL INFO ncclCommInitRank comm 0x5555617956b0 rank 13 nranks 16 cudaDev 5 nvmlDev 5 busId c3000 commId 0x6f1483de9f0e1dbd - Init COMPLETE
[1,1]<stdout>:a2ap-dgx012:1490569:1490569 [5] NCCL INFO Init timings - ncclCommInitRank: rank 13 nranks 16 total 6.77 (kernels 1.18, alloc 2.47, bootstrap 0.31, allgathers 0.01, topo 1.58, graphs 0.01, connections 1.19, rest 0.01)
[1,1]<stdout>:a2ap-dgx012:1490566:1490566 [2] NCCL INFO Using network IB
[1,1]<stdout>:a2ap-dgx012:1490566:1490566 [2] NCCL INFO ncclCommInitRank comm 0x55556dd367d0 rank 10 nranks 16 cudaDev 2 nvmlDev 2 busId 52000 commId 0x625fe66c1b5a7349 - Init START
[1,1]<stdout>:a2ap-dgx012:1490592:1490592 [6] NCCL INFO Using network IB
[1,1]<stdout>:a2ap-dgx012:1490592:1490592 [6] NCCL INFO ncclCommInitRank comm 0x55556dd38620 rank 14 nranks 16 cudaDev 6 nvmlDev 6 busId d1000 commId 0x625fe66c1b5a7349 - Init START
[1,1]<stdout>:a2ap-dgx012:1490569:1490569 [5] NCCL INFO Using network IB
[1,1]<stdout>:a2ap-dgx012:1490564:1490564 [0] NCCL INFO Using network IB
[1,1]<stdout>:a2ap-dgx012:1490569:1490569 [5] NCCL INFO ncclCommInitRank comm 0x55556dd37670 rank 13 nranks 16 cudaDev 5 nvmlDev 5 busId c3000 commId 0x625fe66c1b5a7349 - Init START
[1,1]<stdout>:a2ap-dgx012:1490564:1490564 [0] NCCL INFO ncclCommInitRank comm 0x55556dd370c0 rank 8 nranks 16 cudaDev 0 nvmlDev 0 busId 1b000 commId 0x625fe66c1b5a7349 - Init START
[1,1]<stdout>:a2ap-dgx012:1490565:1490565 [1] NCCL INFO Using network IB
[1,1]<stdout>:a2ap-dgx012:1490565:1490565 [1] NCCL INFO ncclCommInitRank comm 0x55556dd37150 rank 9 nranks 16 cudaDev 1 nvmlDev 1 busId 43000 commId 0x625fe66c1b5a7349 - Init START
[1,1]<stdout>:a2ap-dgx012:1490568:1490568 [4] NCCL INFO Using network IB
[1,1]<stdout>:a2ap-dgx012:1490567:1490567 [3] NCCL INFO Using network IB
[1,1]<stdout>:a2ap-dgx012:1490568:1490568 [4] NCCL INFO ncclCommInitRank comm 0x55556dd38b80 rank 12 nranks 16 cudaDev 4 nvmlDev 4 busId 9d000 commId 0x625fe66c1b5a7349 - Init START
[1,1]<stdout>:a2ap-dgx012:1490567:1490567 [3] NCCL INFO ncclCommInitRank comm 0x55556dd36870 rank 11 nranks 16 cudaDev 3 nvmlDev 3 busId 61000 commId 0x625fe66c1b5a7349 - Init START
[1,1]<stdout>:a2ap-dgx012:1490593:1490593 [7] NCCL INFO Using network IB
[1,1]<stdout>:a2ap-dgx012:1490593:1490593 [7] NCCL INFO ncclCommInitRank comm 0x55556dd3ab30 rank 15 nranks 16 cudaDev 7 nvmlDev 7 busId df000 commId 0x625fe66c1b5a7349 - Init START
[1,1]<stdout>:a2ap-dgx012:1490567:1490567 [3] NCCL INFO Bootstrap timings total 0.001568 (create 0.000023, send 0.000127, recv 0.000308, ring 0.000993, delay 0.000000)
[1,1]<stdout>:a2ap-dgx012:1490568:1490568 [4] NCCL INFO Bootstrap timings total 0.001643 (create 0.000022, send 0.000118, recv 0.000188, ring 0.000999, delay 0.000000)
[1,1]<stdout>:a2ap-dgx012:1490593:1490593 [7] NCCL INFO Bootstrap timings total 0.001114 (create 0.000026, send 0.000128, recv 0.000441, ring 0.000361, delay 0.000000)
[1,1]<stdout>:a2ap-dgx012:1490569:1490569 [5] NCCL INFO Bootstrap timings total 0.026134 (create 0.000022, send 0.000124, recv 0.000293, ring 0.001205, delay 0.000000)
[1,1]<stdout>:a2ap-dgx012:1490592:1490592 [6] NCCL INFO Bootstrap timings total 0.026380 (create 0.000023, send 0.000129, recv 0.025659, ring 0.000436, delay 0.000000)
[1,1]<stdout>:a2ap-dgx012:1490565:1490565 [1] NCCL INFO Bootstrap timings total 0.002248 (create 0.000020, send 0.000111, recv 0.000422, ring 0.001582, delay 0.000000)
[1,1]<stdout>:a2ap-dgx012:1490567:1490567 [3] NCCL INFO MNNVL busId 0x61000 fabric UUID 0.0 cliqueId 0x0 state 3 healthMask 0x0
[1,1]<stdout>:a2ap-dgx012:1490568:1490568 [4] NCCL INFO MNNVL busId 0x9d000 fabric UUID 0.0 cliqueId 0x0 state 3 healthMask 0x0
[1,1]<stdout>:a2ap-dgx012:1490566:1490566 [2] NCCL INFO Bootstrap timings total 0.030067 (create 0.000023, send 0.000155, recv 0.028747, ring 0.001026, delay 0.000000)
[1,1]<stdout>:a2ap-dgx012:1490564:1490564 [0] NCCL INFO Bootstrap timings total 0.026058 (create 0.000023, send 0.000111, recv 0.023971, ring 0.000346, delay 0.000000)
[1,1]<stdout>:a2ap-dgx012:1490593:1490593 [7] NCCL INFO MNNVL busId 0xdf000 fabric UUID 0.0 cliqueId 0x0 state 3 healthMask 0x0
[1,1]<stdout>:a2ap-dgx012:1490569:1490569 [5] NCCL INFO MNNVL busId 0xc3000 fabric UUID 0.0 cliqueId 0x0 state 3 healthMask 0x0
[1,1]<stdout>:a2ap-dgx012:1490565:1490565 [1] NCCL INFO MNNVL busId 0x43000 fabric UUID 0.0 cliqueId 0x0 state 3 healthMask 0x0
[1,1]<stdout>:a2ap-dgx012:1490592:1490592 [6] NCCL INFO MNNVL busId 0xd1000 fabric UUID 0.0 cliqueId 0x0 state 3 healthMask 0x0
[1,1]<stdout>:a2ap-dgx012:1490566:1490566 [2] NCCL INFO MNNVL busId 0x52000 fabric UUID 0.0 cliqueId 0x0 state 3 healthMask 0x0
[1,1]<stdout>:a2ap-dgx012:1490564:1490564 [0] NCCL INFO MNNVL busId 0x1b000 fabric UUID 0.0 cliqueId 0x0 state 3 healthMask 0x0
[1,1]<stdout>:a2ap-dgx012:1490569:1490569 [5] NCCL INFO Setting affinity for GPU 5 to ffffffff,ffffff00,00000000,0000ffff,ffffffff,ff000000,00000000
[1,1]<stdout>:a2ap-dgx012:1490568:1490568 [4] NCCL INFO Setting affinity for GPU 4 to ffffffff,ffffff00,00000000,0000ffff,ffffffff,ff000000,00000000
[1,1]<stdout>:a2ap-dgx012:1490567:1490567 [3] NCCL INFO Setting affinity for GPU 3 to ff,ffffffff,ffff0000,00000000,00ffffff,ffffffff
[1,1]<stdout>:a2ap-dgx012:1490566:1490566 [2] NCCL INFO Setting affinity for GPU 2 to ff,ffffffff,ffff0000,00000000,00ffffff,ffffffff
[1,1]<stdout>:a2ap-dgx012:1490593:1490593 [7] NCCL INFO Setting affinity for GPU 7 to ffffffff,ffffff00,00000000,0000ffff,ffffffff,ff000000,00000000
[1,1]<stdout>:a2ap-dgx012:1490565:1490565 [1] NCCL INFO Setting affinity for GPU 1 to ff,ffffffff,ffff0000,00000000,00ffffff,ffffffff
[1,1]<stdout>:a2ap-dgx012:1490592:1490592 [6] NCCL INFO Setting affinity for GPU 6 to ffffffff,ffffff00,00000000,0000ffff,ffffffff,ff000000,00000000
[1,1]<stdout>:a2ap-dgx012:1490564:1490564 [0] NCCL INFO Setting affinity for GPU 0 to ff,ffffffff,ffff0000,00000000,00ffffff,ffffffff
[1,1]<stdout>:a2ap-dgx012:1490593:1490593 [7] NCCL INFO comm 0x55556dd3ab30 rank 15 nRanks 16 nNodes 2 localRanks 8 localRank 7 MNNVL 0
[1,1]<stdout>:a2ap-dgx012:1490592:1490592 [6] NCCL INFO comm 0x55556dd38620 rank 14 nRanks 16 nNodes 2 localRanks 8 localRank 6 MNNVL 0
[1,1]<stdout>:a2ap-dgx012:1490593:1490593 [7] NCCL INFO Trees [0] -1/-1/-1->15->14 [1] 8/-1/-1->15->14 [2] 8/-1/-1->15->14 [3] 8/-1/-1->15->14 [4] 8/-1/-1->15->14 [5] 8/-1/-1->15->14 [6] 8/-1/-1->15->14 [7] 8/-1/-1->15->7 [8] -1/-1/-1->15->14 [9] 8/-1/-1->15->14 [10] 8/-1/-1->15->14 [11] 8/-1/-1->15->14 [12] 8/-1/-1->15->14 [13] 8/-1/-1->15->14 [14] 8/-1/-1->15->14 [15] 8/7/-1->15->-1
[1,1]<stdout>:a2ap-dgx012:1490564:1490564 [0] NCCL INFO comm 0x55556dd370c0 rank 8 nRanks 16 nNodes 2 localRanks 8 localRank 0 MNNVL 0
[1,1]<stdout>:a2ap-dgx012:1490593:1490593 [7] NCCL INFO P2P Chunksize set to 131072
[1,1]<stdout>:a2ap-dgx012:1490565:1490565 [1] NCCL INFO comm 0x55556dd37150 rank 9 nRanks 16 nNodes 2 localRanks 8 localRank 1 MNNVL 0
[1,1]<stdout>:a2ap-dgx012:1490592:1490592 [6] NCCL INFO Trees [0] 15/-1/-1->14->13 [1] 15/-1/-1->14->13 [2] 15/-1/-1->14->13 [3] 15/-1/-1->14->13 [4] 15/-1/-1->14->13 [5] 15/-1/-1->14->13 [6] 15/-1/-1->14->6 [7] -1/-1/-1->14->13 [8] 15/-1/-1->14->13 [9] 15/-1/-1->14->13 [10] 15/-1/-1->14->13 [11] 15/-1/-1->14->13 [12] 15/-1/-1->14->13 [13] 15/-1/-1->14->13 [14] 15/6/-1->14->-1 [15] -1/-1/-1->14->13
[1,1]<stdout>:a2ap-dgx012:1490567:1490567 [3] NCCL INFO comm 0x55556dd36870 rank 11 nRanks 16 nNodes 2 localRanks 8 localRank 3 MNNVL 0
[1,1]<stdout>:a2ap-dgx012:1490592:1490592 [6] NCCL INFO P2P Chunksize set to 131072
[1,1]<stdout>:a2ap-dgx012:1490566:1490566 [2] NCCL INFO comm 0x55556dd367d0 rank 10 nRanks 16 nNodes 2 localRanks 8 localRank 2 MNNVL 0
[1,1]<stdout>:a2ap-dgx012:1490569:1490569 [5] NCCL INFO comm 0x55556dd37670 rank 13 nRanks 16 nNodes 2 localRanks 8 localRank 5 MNNVL 0
[1,1]<stdout>:a2ap-dgx012:1490568:1490568 [4] NCCL INFO comm 0x55556dd38b80 rank 12 nRanks 16 nNodes 2 localRanks 8 localRank 4 MNNVL 0
[1,1]<stdout>:a2ap-dgx012:1490564:1490564 [0] NCCL INFO Trees [0] 9/-1/-1->8->1 [1] -1/-1/-1->8->15 [2] 9/-1/-1->8->15 [3] 9/-1/-1->8->15 [4] 9/-1/-1->8->15 [5] 9/-1/-1->8->15 [6] 9/-1/-1->8->15 [7] 9/-1/-1->8->15 [8] 9/1/-1->8->-1 [9] -1/-1/-1->8->15 [10] 9/-1/-1->8->15 [11] 9/-1/-1->8->15 [12] 9/-1/-1->8->15 [13] 9/-1/-1->8->15 [14] 9/-1/-1->8->15 [15] 9/-1/-1->8->15
[1,1]<stdout>:a2ap-dgx012:1490565:1490565 [1] NCCL INFO Trees [0] 10/-1/-1->9->8 [1] 10/-1/-1->9->0 [2] -1/-1/-1->9->8 [3] 10/-1/-1->9->8 [4] 10/-1/-1->9->8 [5] 10/-1/-1->9->8 [6] 10/-1/-1->9->8 [7] 10/-1/-1->9->8 [8] 10/-1/-1->9->8 [9] 10/0/-1->9->-1 [10] -1/-1/-1->9->8 [11] 10/-1/-1->9->8 [12] 10/-1/-1->9->8 [13] 10/-1/-1->9->8 [14] 10/-1/-1->9->8 [15] 10/-1/-1->9->8
[1,1]<stdout>:a2ap-dgx012:1490564:1490564 [0] NCCL INFO P2P Chunksize set to 131072
[1,1]<stdout>:a2ap-dgx012:1490565:1490565 [1] NCCL INFO P2P Chunksize set to 131072
[1,1]<stdout>:a2ap-dgx012:1490567:1490567 [3] NCCL INFO Trees [0] 12/-1/-1->11->10 [1] 12/-1/-1->11->10 [2] 12/-1/-1->11->10 [3] 12/-1/-1->11->3 [4] -1/-1/-1->11->10 [5] 12/-1/-1->11->10 [6] 12/-1/-1->11->10 [7] 12/-1/-1->11->10 [8] 12/-1/-1->11->10 [9] 12/-1/-1->11->10 [10] 12/-1/-1->11->10 [11] 12/3/-1->11->-1 [12] -1/-1/-1->11->10 [13] 12/-1/-1->11->10 [14] 12/-1/-1->11->10 [15] 12/-1/-1->11->10
[1,1]<stdout>:a2ap-dgx012:1490567:1490567 [3] NCCL INFO P2P Chunksize set to 131072
[1,1]<stdout>:a2ap-dgx012:1490566:1490566 [2] NCCL INFO Trees [0] 11/-1/-1->10->9 [1] 11/-1/-1->10->9 [2] 11/-1/-1->10->2 [3] -1/-1/-1->10->9 [4] 11/-1/-1->10->9 [5] 11/-1/-1->10->9 [6] 11/-1/-1->10->9 [7] 11/-1/-1->10->9 [8] 11/-1/-1->10->9 [9] 11/-1/-1->10->9 [10] 11/2/-1->10->-1 [11] -1/-1/-1->10->9 [12] 11/-1/-1->10->9 [13] 11/-1/-1->10->9 [14] 11/-1/-1->10->9 [15] 11/-1/-1->10->9
[1,1]<stdout>:a2ap-dgx012:1490566:1490566 [2] NCCL INFO P2P Chunksize set to 131072
[1,1]<stdout>:a2ap-dgx012:1490569:1490569 [5] NCCL INFO Trees [0] 14/-1/-1->13->12 [1] 14/-1/-1->13->12 [2] 14/-1/-1->13->12 [3] 14/-1/-1->13->12 [4] 14/-1/-1->13->12 [5] 14/-1/-1->13->4 [6] -1/-1/-1->13->12 [7] 14/-1/-1->13->12 [8] 14/-1/-1->13->12 [9] 14/-1/-1->13->12 [10] 14/-1/-1->13->12 [11] 14/-1/-1->13->12 [12] 14/-1/-1->13->12 [13] 14/4/-1->13->-1 [14] -1/-1/-1->13->12 [15] 14/-1/-1->13->12
[1,1]<stdout>:a2ap-dgx012:1490568:1490568 [4] NCCL INFO Trees [0] 13/-1/-1->12->11 [1] [1,1]<stdout>:13/-1/-1->12->11 [2] 13/-1/-1->12->11 [3] 13/-1/-1->12->11 [4] 13/-1/-1->12->5 [5] -1/-1/-1->12->11 [6] 13/-1/-1->12->11 [7] 13/-1/-1->12->11 [8] 13/-1/-1->12->11 [9] 13/-1/-1->12->11 [10] 13/-1/-1->12->11 [11] 13/-1/-1->12->11 [12] 13/5/-1->12->-1 [13] -1/-1/-1->12->11 [14] 13/-1/-1->12->11 [15] 13/-1/-1->12->11
[1,1]<stdout>:a2ap-dgx012:1490569:1490569 [5] NCCL INFO P2P Chunksize set to 131072
[1,1]<stdout>:a2ap-dgx012:1490568:1490568 [4] NCCL INFO P2P Chunksize set to 131072
[1,1]<stdout>:a2ap-dgx012:1490592:1494265 [6] NCCL INFO [Proxy Service] Device 6 CPU core 102
[1,1]<stdout>:a2ap-dgx012:1490567:1494270 [3] NCCL INFO [Proxy Service] Device 3 CPU core 4
[1,1]<stdout>:a2ap-dgx012:1490566:1494273 [2] NCCL INFO [Proxy Service UDS] Device 2 CPU core 21
[1,1]<stdout>:a2ap-dgx012:1490593:1494266 [7] NCCL INFO [Proxy Service] Device 7 CPU core 109
[1,1]<stdout>:a2ap-dgx012:1490592:1494269 [6] NCCL INFO [Proxy Service UDS] Device 6 CPU core 111
[1,1]<stdout>:a2ap-dgx012:1490593:1494272 [7] NCCL INFO [Proxy Service UDS] Device 7 CPU core 57
[1,1]<stdout>:a2ap-dgx012:1490564:1494276 [0] NCCL INFO [Proxy Service UDS] Device 0 CPU core 9
[1,1]<stdout>:a2ap-dgx012:1490566:1494267 [2] NCCL INFO [Proxy Service] Device 2 CPU core 131
[1,1]<stdout>:a2ap-dgx012:1490567:1494274 [3] NCCL INFO [Proxy Service UDS] Device 3 CPU core 5
[1,1]<stdout>:a2ap-dgx012:1490564:1494271 [0] NCCL INFO [Proxy Service] Device 0 CPU core 120
[1,1]<stdout>:a2ap-dgx012:1490569:1494279 [5] NCCL INFO [Proxy Service UDS] Device 5 CPU core 170
[1,1]<stdout>:a2ap-dgx012:1490568:1494280 [4] NCCL INFO [Proxy Service UDS] Device 4 CPU core 58
[1,1]<stdout>:a2ap-dgx012:1490569:1494278 [5] NCCL INFO [Proxy Service] Device 5 CPU core 59
[1,1]<stdout>:a2ap-dgx012:1490568:1494277 [4] NCCL INFO [Proxy Service] Device 4 CPU core 60
[1,1]<stdout>:a2ap-dgx012:1490565:1494275 [1] NCCL INFO [Proxy Service UDS] Device 1 CPU core 10
[1,1]<stdout>:a2ap-dgx012:1490565:1494268 [1] NCCL INFO [Proxy Service] Device 1 CPU core 3
[1,1]<stdout>:a2ap-dgx012:1490564:1490564 [0] NCCL INFO Channel 02/0 : 8[0] -> 9[1] via P2P/IPC
[1,1]<stdout>:a2ap-dgx012:1490564:1490564 [0] NCCL INFO Channel 04/0 : 8[0] -> 9[1] via P2P/IPC
[1,1]<stdout>:a2ap-dgx012:1490564:1490564 [0] NCCL INFO Channel 06/0 : 8[0] -> 9[1] via P2P/IPC
[1,1]<stdout>:a2ap-dgx012:1490564:1490564 [0] NCCL INFO Channel 10/0 : 8[0] -> 9[1] via P2P/IPC
[1,1]<stdout>:a2ap-dgx012:1490569:1490569 [5] NCCL INFO Channel 00/0 : 13[5] -> 14[6] via P2P/IPC
[1,1]<stdout>:a2ap-dgx012:1490592:1490592 [6] NCCL INFO Channel 00/0 : 14[6] -> 15[7] via P2P/IPC
[1,1]<stdout>:a2ap-dgx012:1490565:1490565 [1] NCCL INFO Channel 00/0 : 9[1] -> 10[2] via P2P/IPC
[1,1]<stdout>:a2ap-dgx012:1490569:1490569 [5] NCCL INFO Channel 02/0 : 13[5] -> 14[6] via P2P/IPC
[1,1]<stdout>:a2ap-dgx012:1490592:1490592 [6] NCCL INFO Channel 02/0 : 14[6] -> 15[7] via P2P/IPC
[1,1]<stdout>:a2ap-dgx012:1490565:1490565 [1] NCCL INFO Channel 02/0 : 9[1] -> 10[2] via P2P/IPC
[1,1]<stdout>:a2ap-dgx012:1490568:1490568 [4] NCCL INFO Channel 00/0 : 12[4] -> 13[5] via P2P/IPC
[1,1]<stdout>:a2ap-dgx012:1490569:1490569 [5] NCCL INFO Channel 04/0 : 13[5] -> 14[6] via P2P/IPC
[1,1]<stdout>:a2ap-dgx012:1490592:1490592 [6] NCCL INFO Channel 04/0 : 14[6] -> 15[7] via P2P/IPC
[1,1]<stdout>:a2ap-dgx012:1490565:1490565 [1] NCCL INFO Channel 04/0 : 9[1] -> 10[2] via P2P/IPC
[1,1]<stdout>:a2ap-dgx012:1490568:1490568 [4] NCCL INFO Channel 02/0 : 12[4] -> 13[5] via P2P/IPC
[1,1]<stdout>:a2ap-dgx012:1490569:1490569 [5] NCCL INFO Channel 06/0 : 13[5] -> 14[6] via P2P/IPC
[1,1]<stdout>:a2ap-dgx012:1490592:1490592 [6] NCCL INFO Channel 08/0 : 14[6] -> 15[7] via P2P/IPC
[1,1]<stdout>:a2ap-dgx012:1490565:1490565 [1] NCCL INFO Channel 06/0 : 9[1] -> 10[2] via P2P/IPC
[1,1]<stdout>:a2ap-dgx012:1490568:1490568 [4] NCCL INFO Channel 06/0 : 12[4] -> 13[5] via P2P/IPC
[1,1]<stdout>:a2ap-dgx012:1490569:1490569 [5] NCCL INFO Channel 08/0 : 13[5] -> 14[6] via P2P/IPC
[1,1]<stdout>:a2ap-dgx012:1490592:1490592 [6] NCCL INFO Channel 10/0 : 14[6] -> 15[7] via P2P/IPC
[1,1]<stdout>:a2ap-dgx012:1490565:1490565 [1] NCCL INFO Channel 08/0 : 9[1] -> 10[2] via P2P/IPC
[1,1]<stdout>:a2ap-dgx012:1490568:1490568 [4] NCCL INFO Channel 08/0 : 12[4] -> 13[5] via P2P/IPC
[1,1]<stdout>:a2ap-dgx012:1490569:1490569 [5] NCCL INFO Channel 10/0 : 13[5] -> 14[6] via P2P/IPC
[1,1]<stdout>:a2ap-dgx012:1490592:1490592 [6] NCCL INFO Channel 12/0 : 14[6] -> 15[7] via P2P/IPC
[1,1]<stdout>:a2ap-dgx012:1490565:1490565 [1] NCCL INFO Channel 10/0 : 9[1] -> 10[2] via P2P/IPC
[1,1]<stdout>:a2ap-dgx012:1490568:1490568 [4] NCCL INFO Channel 10/0 : 12[4] -> 13[5] via P2P/IPC
[1,1]<stdout>:a2ap-dgx012:1490569:1490569 [5] NCCL INFO Channel 12/0 : 13[5] -> 14[6] via P2P/IPC
[1,1]<stdout>:a2ap-dgx012:1490565:1490565 [1] NCCL INFO Channel 12/0 : 9[1] -> 10[2] via P2P/IPC
[1,1]<stdout>:a2ap-dgx012:1490568:1490568 [4] NCCL INFO Channel 14/0 : 12[4] -> 13[5] via P2P/IPC
[1,1]<stdout>:a2ap-dgx012:1490569:1490569 [5] NCCL INFO Channel 14/0 : 13[5] -> 14[6] via P2P/IPC
[1,1]<stdout>:a2ap-dgx012:1490565:1490565 [1] NCCL INFO Channel 14/0 : 9[1] -> 10[2] via P2P/IPC
[1,1]<stdout>:a2ap-dgx012:1490564:1490564 [0] NCCL INFO Channel 12/0 : 8[0] -> 9[1] via P2P/IPC
[1,1]<stdout>:a2ap-dgx012:1490564:1490564 [0] NCCL INFO Channel 14/0 : 8[0] -> 9[1] via P2P/IPC
[1,1]<stdout>:a2ap-dgx012:1490592:1490592 [6] NCCL INFO Channel 07/0 : 6[6] -> 14[6] [receive] via NET/IB/22/GDRDMA
[1,1]<stdout>:a2ap-dgx012:1490592:1490592 [6] NCCL INFO Channel 15/0 : 6[6] -> 14[6] [receive] via NET/IB/22/GDRDMA
[1,1]<stdout>:a2ap-dgx012:1490592:1490592 [6] NCCL INFO Channel 06/0 : 14[6] -> 6[6] [send] via NET/IB/22/GDRDMA
[1,1]<stdout>:a2ap-dgx012:1490592:1494282 [6] NCCL INFO [Proxy Progress] Device 6 CPU core 174
[1,1]<stdout>:a2ap-dgx012:1490592:1490592 [6] NCCL INFO Channel 14/0 : 14[6] -> 6[6] [send] via NET/IB/22/GDRDMA
[1,1]<stdout>:a2ap-dgx012:1490569:1490569 [5] NCCL INFO Channel 05/0 : 13[5] -> 4[5] [send] via NET/IB/21/GDRDMA
[1,1]<stdout>:a2ap-dgx012:1490569:1490569 [5] NCCL INFO Channel 13/0 : 13[5] -> 4[5] [send] via NET/IB/21/GDRDMA
[1,1]<stdout>:a2ap-dgx012:1490569:1494283 [5] NCCL INFO [Proxy Progress] Device 5 CPU core 175
[1,1]<stdout>:a2ap-dgx012:1490566:1490566 [2] NCCL INFO Channel 00/0 : 10[2] -> 11[3] via P2P/IPC
[1,1]<stdout>:a2ap-dgx012:1490566:1490566 [2] NCCL INFO Channel 04/0 : 10[2] -> 11[3] via P2P/IPC
[1,1]<stdout>:a2ap-dgx012:1490566:1490566 [2] NCCL INFO Channel 06/0 : 10[2] -> 11[3] via P2P/IPC
[1,1]<stdout>:a2ap-dgx012:1490564:1490564 [0] NCCL INFO Channel 01/0 : 1[0] -> 8[0] [receive] via NET/IB/12/GDRDMA
[1,1]<stdout>:a2ap-dgx012:1490564:1490564 [0] NCCL INFO Channel 09/0 : 1[0] -> 8[0] [receive] via NET/IB/12/GDRDMA
[1,1]<stdout>:a2ap-dgx012:1490564:1490564 [0] NCCL INFO Channel 01/0 : 8[0] -> 15[7] via P2P/IPC
[1,1]<stdout>:a2ap-dgx012:1490564:1494284 [0] NCCL INFO [Proxy Progress] Device 0 CPU core 124
[1,1]<stdout>:a2ap-dgx012:1490567:1490567 [3] NCCL INFO Channel 00/0 : 11[3] -> 12[4] via P2P/IPC
[1,1]<stdout>:a2ap-dgx012:1490566:1490566 [2] NCCL INFO Channel 08/0 : 10[2] -> 11[3] via P2P/IPC
[1,1]<stdout>:a2ap-dgx012:1490567:1490567 [3] NCCL INFO Channel 02/0 : 11[3] -> 12[4] via P2P/IPC
[1,1]<stdout>:a2ap-dgx012:1490566:1490566 [2] NCCL INFO Channel 12/0 : 10[2] -> 11[3] via P2P/IPC
[1,1]<stdout>:a2ap-dgx012:1490564:1490564 [0] NCCL INFO Channel 03/0 : 8[0] -> 15[7] via P2P/IPC
[1,1]<stdout>:a2ap-dgx012:1490567:1490567 [3] NCCL INFO Channel 04/0 : 11[3] -> 12[4] via P2P/IPC
[1,1]<stdout>:a2ap-dgx012:1490564:1490564 [0] NCCL INFO Channel 05/0 : 8[0] -> 15[7] via P2P/IPC
[1,1]<stdout>:a2ap-dgx012:1490566:1490566 [2] NCCL INFO Channel 14/0 : 10[2] -> 11[3] via P2P/IPC
[1,1]<stdout>:a2ap-dgx012:1490567:1490567 [3] NCCL INFO Channel 06/0 : 11[3] -> 12[4] via P2P/IPC
[1,1]<stdout>:a2ap-dgx012:1490564:1490564 [0] NCCL INFO Channel 07/0 : 8[0] -> 15[7] via P2P/IPC
[1,1]<stdout>:a2ap-dgx012:1490567:1490567 [3] NCCL INFO Channel 08/0 : 11[3] -> 12[4] via P2P/IPC
[1,1]<stdout>:a2ap-dgx012:1490564:1490564 [0] NCCL INFO Channel 09/0 : 8[0] -> 15[7] via P2P/IPC
[1,1]<stdout>:a2ap-dgx012:1490567:1490567 [3] NCCL INFO Channel 10/0 : 11[3] -> 12[4] via P2P/IPC
[1,1]<stdout>:a2ap-dgx012:1490565:1490565 [1] NCCL INFO Channel 01/0 : 9[1] -> 0[1] [send] via NET/IB/15/GDRDMA
[1,1]<stdout>:a2ap-dgx012:1490565:1494287 [1] NCCL INFO [Proxy Progress] Device 1 CPU core 13
[1,1]<stdout>:a2ap-dgx012:1490564:1490564 [0] NCCL INFO Channel 11/0 : 8[0] -> 15[7] via P2P/IPC
[1,1]<stdout>:a2ap-dgx012:1490565:1490565 [1] NCCL INFO Channel 09/0 : 9[1] -> 0[1] [send] via NET/IB/15/GDRDMA
[1,1]<stdout>:a2ap-dgx012:1490567:1490567 [3] NCCL INFO Channel 12/0 : 11[3] -> 12[4] via P2P/IPC
[1,1]<stdout>:a2ap-dgx012:1490567:1490567 [3] NCCL INFO Channel 14/0 : 11[3] -> 12[4] via P2P/IPC
[1,1]<stdout>:a2ap-dgx012:1490564:1490564 [0] NCCL INFO Channel 13/0 : 8[0] -> 15[7] via P2P/IPC
[1,1]<stdout>:a2ap-dgx012:1490564:1490564 [0] NCCL INFO Channel 15/0 : 8[0] -> 15[7] via P2P/IPC
[1,1]<stdout>:a2ap-dgx012:1490569:1490569 [5] NCCL INFO Channel 04/0 : 4[5] -> 13[5] [receive] via NET/IB/21/GDRDMA
[1,1]<stdout>:a2ap-dgx012:1490569:1490569 [5] NCCL INFO Channel 12/0 : 4[5] -> 13[5] [receive] via NET/IB/21/GDRDMA
[1,1]<stdout>:a2ap-dgx012:1490565:1490565 [1] NCCL INFO Channel 00/0 : 0[1] -> 9[1] [receive] via NET/IB/15/GDRDMA
[1,1]<stdout>:a2ap-dgx012:1490565:1490565 [1] NCCL INFO Channel 08/0 : 0[1] -> 9[1] [receive] via NET/IB/15/GDRDMA
[1,1]<stdout>:a2ap-dgx012:1490568:1494289 [4] NCCL INFO [Proxy Progress] Device 4 CPU core 176
[1,1]<stdout>:a2ap-dgx012:1490568:1490568 [4] NCCL INFO Channel 05/0 : 5[4] -> 12[4] [receive] via NET/IB/18/GDRDMA
[1,1]<stdout>:a2ap-dgx012:1490568:1490568 [4] NCCL INFO Channel 13/0 : 5[4] -> 12[4] [receive] via NET/IB/18/GDRDMA
[1,1]<stdout>:a2ap-dgx012:1490566:1494291 [2] NCCL INFO [Proxy Progress] Device 2 CPU core 22
[1,1]<stdout>:a2ap-dgx012:1490566:1490566 [2] NCCL INFO Channel 03/0 : 2[2] -> 10[2] [receive] via NET/IB/16/GDRDMA
[1,1]<stdout>:a2ap-dgx012:1490568:1490568 [4] NCCL INFO Channel 04/0 : 12[4] -> 5[4] [send] via NET/IB/18/GDRDMA
[1,1]<stdout>:a2ap-dgx012:1490568:1490568 [4] NCCL INFO Channel 12/0 : 12[4] -> 5[4] [send] via NET/IB/18/GDRDMA
[1,1]<stdout>:a2ap-dgx012:1490566:1490566 [2] NCCL INFO Channel 11/0 : 2[2] -> 10[2] [receive] via NET/IB/16/GDRDMA
[1,1]<stdout>:a2ap-dgx012:1490566:1490566 [2] NCCL INFO Channel 02/0 : 10[2] -> 2[2] [send] via NET/IB/16/GDRDMA
[1,1]<stdout>:a2ap-dgx012:1490566:1490566 [2] NCCL INFO Channel 10/0 : 10[2] -> 2[2] [send] via NET/IB/16/GDRDMA
[1,1]<stdout>:a2ap-dgx012:1490567:1490567 [3] NCCL INFO Channel 02/0 : 3[3] -> 11[3] [receive] via NET/IB/17/GDRDMA
[1,1]<stdout>:a2ap-dgx012:1490567:1494292 [3] NCCL INFO [Proxy Progress] Device 3 CPU core 126
[1,1]<stdout>:a2ap-dgx012:1490567:1490567 [3] NCCL INFO Channel 10/0 : 3[3] -> 11[3] [receive] via NET/IB/17/GDRDMA
[1,1]<stdout>:a2ap-dgx012:1490567:1490567 [3] NCCL INFO Channel 03/0 : 11[3] -> 3[3] [send] via NET/IB/17/GDRDMA
[1,1]<stdout>:a2ap-dgx012:1490567:1490567 [3] NCCL INFO Channel 11/0 : 11[3] -> 3[3] [send] via NET/IB/17/GDRDMA
[1,1]<stdout>:a2ap-dgx012:1490592:1490592 [6] NCCL INFO Channel 01/0 : 14[6] -> 13[5] via P2P/IPC
[1,1]<stdout>:a2ap-dgx012:1490593:1490593 [7] NCCL INFO Channel 06/0 : 7[7] -> 15[7] [receive] via NET/IB/23/GDRDMA
[1,1]<stdout>:a2ap-dgx012:1490593:1494293 [7] NCCL INFO [Proxy Progress] Device 7 CPU core 68
[1,1]<stdout>:a2ap-dgx012:1490593:1490593 [7] NCCL INFO Channel 14/0 : 7[7] -> 15[7] [receive] via NET/IB/23/GDRDMA
[1,1]<stdout>:a2ap-dgx012:1490593:1490593 [7] NCCL INFO Channel 07/0 : 15[7] -> 7[7] [send] via NET/IB/23/GDRDMA
[1,1]<stdout>:a2ap-dgx012:1490593:1490593 [7] NCCL INFO Channel 15/0 : 15[7] -> 7[7] [send] via NET/IB/23/GDRDMA
[1,1]<stdout>:a2ap-dgx012:1490593:1490593 [7] NCCL INFO Channel 00/0 : 15[7] -> 8[0] via P2P/IPC
[1,1]<stdout>:a2ap-dgx012:1490592:1490592 [6] NCCL INFO Channel 03/0 : 14[6] -> 13[5] via P2P/IPC
[1,1]<stdout>:a2ap-dgx012:1490593:1490593 [7] NCCL INFO Channel 02/0 : 15[7] -> 8[0] via P2P/IPC
[1,1]<stdout>:a2ap-dgx012:1490592:1490592 [6] NCCL INFO Channel 05/0 : 14[6] -> 13[5] via P2P/IPC
[1,1]<stdout>:a2ap-dgx012:1490593:1490593 [7] NCCL INFO Channel 04/0 : 15[7] -> 8[0] via P2P/IPC
[1,1]<stdout>:a2ap-dgx012:1490568:1490568 [4] NCCL INFO Channel 01/0 : 12[4] -> 11[3] via P2P/IPC
[1,1]<stdout>:a2ap-dgx012:1490592:1490592 [6] NCCL INFO Channel 07/0 : 14[6] -> 13[5] via P2P/IPC
[1,1]<stdout>:a2ap-dgx012:1490593:1490593 [7] NCCL INFO Channel 06/0 : 15[7] -> 8[0] via P2P/IPC
[1,1]<stdout>:a2ap-dgx012:1490568:1490568 [4] NCCL INFO Channel 03/0 : 12[4] -> 11[3] via P2P/IPC
[1,1]<stdout>:a2ap-dgx012:1490592:1490592 [6] NCCL INFO Channel 09/0 : 14[6] -> 13[5] via P2P/IPC
[1,1]<stdout>:a2ap-dgx012:1490566:1490566 [2] NCCL INFO Channel 01/0 : 10[2] -> 9[1] via P2P/IPC
[1,1]<stdout>:a2ap-dgx012:1490592:1490592 [6] NCCL INFO Channel 11/0 : 14[6] -> 13[5] via P2P/IPC
[1,1]<stdout>:a2ap-dgx012:1490569:1490569 [5] NCCL INFO Channel 01/0 : 13[5] -> 12[4] via P2P/IPC
[1,1]<stdout>:a2ap-dgx012:1490566:1490566 [2] NCCL INFO Channel 03/0 : 10[2] -> 9[1] via P2P/IPC
[1,1]<stdout>:a2ap-dgx012:1490568:1490568 [4] NCCL INFO Channel 05/0 : 12[4] -> 11[3] via P2P/IPC
[1,1]<stdout>:a2ap-dgx012:1490592:1490592 [6] NCCL INFO Channel 13/0 : 14[6] -> 13[5] via P2P/IPC
[1,1]<stdout>:a2ap-dgx012:1490569:1490569 [5] NCCL INFO Channel 03/0 : 13[5] -> 12[4] via P2P/IPC
[1,1]<stdout>:a2ap-dgx012:1490568:1490568 [4] NCCL INFO Channel 07/0 : 12[4] -> 11[3] via P2P/IPC
[1,1]<stdout>:a2ap-dgx012:1490566:1490566 [2] NCCL INFO Channel 05/0 : 10[2] -> 9[1] via P2P/IPC
[1,1]<stdout>:a2ap-dgx012:1490592:1490592 [6] NCCL INFO Channel 15/0 : 14[6] -> 13[5] via P2P/IPC
[1,1]<stdout>:a2ap-dgx012:1490567:1490567 [3] NCCL INFO Channel 01/0 : 11[3] -> 10[2] via P2P/IPC
[1,1]<stdout>:a2ap-dgx012:1490569:1490569 [5] NCCL INFO Channel 07/0 : 13[5] -> 12[4] via P2P/IPC
[1,1]<stdout>:a2ap-dgx012:1490568:1490568 [4] NCCL INFO Channel 09/0 : 12[4] -> 11[3] via P2P/IPC
[1,1]<stdout>:a2ap-dgx012:1490566:1490566 [2] NCCL INFO Channel 07/0 : 10[2] -> 9[1] via P2P/IPC
[1,1]<stdout>:a2ap-dgx012:1490565:1490565 [1] NCCL INFO Channel 03/0 : 9[1] -> 8[0] via P2P/IPC
[1,1]<stdout>:a2ap-dgx012:1490567:1490567 [3] NCCL INFO Channel 05/0 : 11[3] -> 10[2] via P2P/IPC
[1,1]<stdout>:a2ap-dgx012:1490569:1490569 [5] NCCL INFO Channel 09/0 : 13[5] -> 12[4] via P2P/IPC
[1,1]<stdout>:a2ap-dgx012:1490568:1490568 [4] NCCL INFO Channel 11/0 : 12[4] -> 11[3] via P2P/IPC
[1,1]<stdout>:a2ap-dgx012:1490566:1490566 [2] NCCL INFO Channel 09/0 : 10[2] -> 9[1] via P2P/IPC
[1,1]<stdout>:a2ap-dgx012:1490565:1490565 [1] NCCL INFO Channel 05/0 : 9[1] -> 8[0] via P2P/IPC
[1,1]<stdout>:a2ap-dgx012:1490567:1490567 [3] NCCL INFO Channel 07/0 : 11[3] -> 10[2] via P2P/IPC
[1,1]<stdout>:a2ap-dgx012:1490569:1490569 [5] NCCL INFO Channel 11/0 : 13[5] -> 12[4] via P2P/IPC
[1,1]<stdout>:a2ap-dgx012:1490566:1490566 [2] NCCL INFO Channel 11/0 : 10[2] -> 9[1] via P2P/IPC
[1,1]<stdout>:a2ap-dgx012:1490568:1490568 [4] NCCL INFO Channel 13/0 : 12[4] -> 11[3] via P2P/IPC
[1,1]<stdout>:a2ap-dgx012:1490565:1490565 [1] NCCL INFO Channel 07/0 : 9[1] -> 8[0] via P2P/IPC
[1,1]<stdout>:a2ap-dgx012:1490567:1490567 [3] NCCL INFO Channel 09/0 : 11[3] -> 10[2] via P2P/IPC
[1,1]<stdout>:a2ap-dgx012:1490569:1490569 [5] NCCL INFO Channel 15/0 : 13[5] -> 12[4] via P2P/IPC
[1,1]<stdout>:a2ap-dgx012:1490566:1490566 [2] NCCL INFO Channel 13/0 : 10[2] -> 9[1] via P2P/IPC
[1,1]<stdout>:a2ap-dgx012:1490568:1490568 [4] NCCL INFO Channel 15/0 : 12[4] -> 11[3] via P2P/IPC
[1,1]<stdout>:a2ap-dgx012:1490565:1490565 [1] NCCL INFO Channel 11/0 : 9[1] -> 8[0] via P2P/IPC
[1,1]<stdout>:a2ap-dgx012:1490567:1490567 [3] NCCL INFO Channel 13/0 : 11[3] -> 10[2] via P2P/IPC
[1,1]<stdout>:a2ap-dgx012:1490593:1490593 [7] NCCL INFO Channel 08/0 : 15[7] -> 8[0] via P2P/IPC
[1,1]<stdout>:a2ap-dgx012:1490566:1490566 [2] NCCL INFO Channel 15/0 : 10[2] -> 9[1] via P2P/IPC
[1,1]<stdout>:a2ap-dgx012:1490593:1490593 [7] NCCL INFO Channel 10/0 : 15[7] -> 8[0] via P2P/IPC
[1,1]<stdout>:a2ap-dgx012:1490565:1490565 [1] NCCL INFO Channel 13/0 : 9[1] -> 8[0] via P2P/IPC
[1,1]<stdout>:a2ap-dgx012:1490567:1490567 [3] NCCL INFO Channel 15/0 : 11[3] -> 10[2] via P2P/IPC
[1,1]<stdout>:a2ap-dgx012:1490593:1490593 [7] NCCL INFO Channel 12/0 : 15[7] -> 8[0] via P2P/IPC
[1,1]<stdout>:a2ap-dgx012:1490565:1490565 [1] NCCL INFO Channel 15/0 : 9[1] -> 8[0] via P2P/IPC
[1,1]<stdout>:a2ap-dgx012:1490593:1490593 [7] NCCL INFO Channel 14/0 : 15[7] -> 8[0] via P2P/IPC
[1,1]<stdout>:a2ap-dgx012:1490564:1490564 [0] NCCL INFO Channel 00/0 : 8[0] -> 1[0] [send] via NET/IB/12/GDRDMA
[1,1]<stdout>:a2ap-dgx012:1490564:1490564 [0] NCCL INFO Channel 08/0 : 8[0] -> 1[0] [send] via NET/IB/12/GDRDMA
[1,1]<stdout>:a2ap-dgx012:1490593:1490593 [7] NCCL INFO Channel 01/0 : 15[7] -> 14[6] via P2P/IPC
[1,1]<stdout>:a2ap-dgx012:1490593:1490593 [7] NCCL INFO Channel 03/0 : 15[7] -> 14[6] via P2P/IPC
[1,1]<stdout>:a2ap-dgx012:1490593:1490593 [7] NCCL INFO Channel 05/0 : 15[7] -> 14[6] via P2P/IPC
[1,1]<stdout>:a2ap-dgx012:1490593:1490593 [7] NCCL INFO Channel 09/0 : 15[7] -> 14[6] via P2P/IPC
[1,1]<stdout>:a2ap-dgx012:1490593:1490593 [7] NCCL INFO Channel 11/0 : 15[7] -> 14[6] via P2P/IPC
[1,1]<stdout>:a2ap-dgx012:1490593:1490593 [7] NCCL INFO Channel 13/0 : 15[7] -> 14[6] via P2P/IPC
[1,1]<stdout>:a2ap-dgx012:1490564:1490564 [0] NCCL INFO Connected all rings, use ring PXN 0 GDR 1
[1,1]<stdout>:a2ap-dgx012:1490565:1490565 [1] NCCL INFO Connected all rings, use ring PXN 0 GDR 1
[1,1]<stdout>:a2ap-dgx012:1490566:1490566 [2] NCCL INFO Connected all rings, use ring PXN 0 GDR 1
[1,1]<stdout>:a2ap-dgx012:1490593:1490593 [7] NCCL INFO Connected all rings, use ring PXN 0 GDR 1
[1,1]<stdout>:a2ap-dgx012:1490567:1490567 [3] NCCL INFO Connected all rings, use ring PXN 0 GDR 1
[1,1]<stdout>:a2ap-dgx012:1490569:1490569 [5] NCCL INFO Connected all rings, use ring PXN 0 GDR 1
[1,1]<stdout>:a2ap-dgx012:1490592:1490592 [6] NCCL INFO Connected all rings, use ring PXN 0 GDR 1
[1,1]<stdout>:a2ap-dgx012:1490568:1490568 [4] NCCL INFO Connected all rings, use ring PXN 0 GDR 1
[1,1]<stdout>:a2ap-dgx012:1490564:1490564 [0] NCCL INFO Channel 00/0 : 8[0] -> 9[1] via P2P/IPC
[1,1]<stdout>:a2ap-dgx012:1490564:1490564 [0] NCCL INFO Channel 03/0 : 8[0] -> 9[1] via P2P/IPC
[1,1]<stdout>:a2ap-dgx012:1490564:1490564 [0] NCCL INFO Channel 05/0 : 8[0] -> 9[1] via P2P/IPC
[1,1]<stdout>:a2ap-dgx012:1490564:1490564 [0] NCCL INFO Channel 07/0 : 8[0] -> 9[1] via P2P/IPC
[1,1]<stdout>:a2ap-dgx012:1490564:1490564 [0] NCCL INFO Channel 08/0 : 8[0] -> 9[1] via P2P/IPC
[1,1]<stdout>:a2ap-dgx012:1490564:1490564 [0] NCCL INFO Channel 11/0 : 8[0] -> 9[1] via P2P/IPC
[1,1]<stdout>:a2ap-dgx012:1490564:1490564 [0] NCCL INFO Channel 13/0 : 8[0] -> 9[1] via P2P/IPC
[1,1]<stdout>:a2ap-dgx012:1490592:1490592 [6] NCCL INFO Channel 01/0 : 14[6] -> 15[7] via P2P/IPC
[1,1]<stdout>:a2ap-dgx012:1490564:1490564 [0] NCCL INFO Channel 15/0 : 8[0] -> 9[1] via P2P/IPC
[1,1]<stdout>:a2ap-dgx012:1490592:1490592 [6] NCCL INFO Channel 03/0 : 14[6] -> 15[7] via P2P/IPC
[1,1]<stdout>:a2ap-dgx012:1490592:1490592 [6] NCCL INFO Channel 05/0 : 14[6] -> 15[7] via P2P/IPC
[1,1]<stdout>:a2ap-dgx012:1490592:1490592 [6] NCCL INFO Channel 06/0 : 14[6] -> 15[7] via P2P/IPC
[1,1]<stdout>:a2ap-dgx012:1490569:1490569 [5] NCCL INFO Channel 01/0 : 13[5] -> 14[6] via P2P/IPC
[1,1]<stdout>:a2ap-dgx012:1490567:1490567 [3] NCCL INFO Channel 01/0 : 11[3] -> 12[4] via P2P/IPC
[1,1]<stdout>:a2ap-dgx012:1490592:1490592 [6] NCCL INFO Channel 09/0 : 14[6] -> 15[7] via P2P/IPC
[1,1]<stdout>:a2ap-dgx012:1490569:1490569 [5] NCCL INFO Channel 03/0 : 13[5] -> 14[6] via P2P/IPC
[1,1]<stdout>:a2ap-dgx012:1490567:1490567 [3] NCCL INFO Channel 03/0 : 11[3] -> 12[4] via P2P/IPC
[1,1]<stdout>:a2ap-dgx012:1490592:1490592 [6] NCCL INFO Channel 11/0 : 14[6] -> 15[7] via P2P/IPC
[1,1]<stdout>:a2ap-dgx012:1490569:1490569 [5] NCCL INFO Channel 05/0 : 13[5] -> 14[6] via P2P/IPC
[1,1]<stdout>:a2ap-dgx012:1490592:1490592 [6] NCCL INFO Channel 13/0 : 14[6] -> 15[7] via P2P/IPC
[1,1]<stdout>:a2ap-dgx012:1490567:1490567 [3] NCCL INFO Channel 05/0 : 11[3] -> 12[4] via P2P/IPC
[1,1]<stdout>:a2ap-dgx012:1490569:1490569 [5] NCCL INFO Channel 07/0 : 13[5] -> 14[6] via P2P/IPC
[1,1]<stdout>:a2ap-dgx012:1490592:1490592 [6] NCCL INFO Channel 14/0 : 14[6] -> 15[7] via P2P/IPC
[1,1]<stdout>:a2ap-dgx012:1490565:1490565 [1] NCCL INFO Channel 01/0 : 9[1] -> 10[2] via P2P/IPC
[1,1]<stdout>:a2ap-dgx012:1490567:1490567 [3] NCCL INFO Channel 07/0 : 11[3] -> 12[4] via P2P/IPC
[1,1]<stdout>:a2ap-dgx012:1490569:1490569 [5] NCCL INFO Channel 09/0 : 13[5] -> 14[6] via P2P/IPC
[1,1]<stdout>:a2ap-dgx012:1490565:1490565 [1] NCCL INFO Channel 03/0 : 9[1] -> 10[2] via P2P/IPC
[1,1]<stdout>:a2ap-dgx012:1490565:1490565 [1] NCCL INFO Channel 05/0 : 9[1] -> 10[2] via P2P/IPC
[1,1]<stdout>:a2ap-dgx012:1490567:1490567 [3] NCCL INFO Channel 09/0 : 11[3] -> 12[4] via P2P/IPC
[1,1]<stdout>:a2ap-dgx012:1490569:1490569 [5] NCCL INFO Channel 11/0 : 13[5] -> 14[6] via P2P/IPC
[1,1]<stdout>:a2ap-dgx012:1490565:1490565 [1] NCCL INFO Channel 07/0 : 9[1] -> 10[2] via P2P/IPC
[1,1]<stdout>:a2ap-dgx012:1490567:1490567 [3] NCCL INFO Channel 11/0 : 11[3] -> 12[4] via P2P/IPC
[1,1]<stdout>:a2ap-dgx012:1490566:1490566 [2] NCCL INFO Channel 01/0 : 10[2] -> 11[3] via P2P/IPC
[1,1]<stdout>:a2ap-dgx012:1490567:1490567 [3] NCCL INFO Channel 13/0 : 11[3] -> 12[4] via P2P/IPC
[1,1]<stdout>:a2ap-dgx012:1490566:1490566 [2] NCCL INFO Channel 02/0 : 10[2] -> 11[3] via P2P/IPC
[1,1]<stdout>:a2ap-dgx012:1490567:1490567 [3] NCCL INFO Channel 15/0 : 11[3] -> 12[4] via P2P/IPC
[1,1]<stdout>:a2ap-dgx012:1490566:1490566 [2] NCCL INFO Channel 05/0 : 10[2] -> 11[3] via P2P/IPC
[1,1]<stdout>:a2ap-dgx012:1490566:1490566 [2] NCCL INFO Channel 07/0 : 10[2] -> 11[3] via P2P/IPC
[1,1]<stdout>:a2ap-dgx012:1490569:1490569 [5] NCCL INFO Channel 13/0 : 13[5] -> 14[6] via P2P/IPC
[1,1]<stdout>:a2ap-dgx012:1490566:1490566 [2] NCCL INFO Channel 09/0 : 10[2] -> 11[3] via P2P/IPC
[1,1]<stdout>:a2ap-dgx012:1490569:1490569 [5] NCCL INFO Channel 15/0 : 13[5] -> 14[6] via P2P/IPC
[1,1]<stdout>:a2ap-dgx012:1490565:1490565 [1] NCCL INFO Channel 09/0 : 9[1] -> 10[2] via P2P/IPC
[1,1]<stdout>:a2ap-dgx012:1490566:1490566 [2] NCCL INFO Channel 10/0 : 10[2] -> 11[3] via P2P/IPC
[1,1]<stdout>:a2ap-dgx012:1490592:1490592 [6] NCCL INFO Channel 06/0 : 6[6] -> 14[6] [receive] via NET/IB/22/GDRDMA
[1,1]<stdout>:a2ap-dgx012:1490592:1490592 [6] NCCL INFO Channel 14/0 : 6[6] -> 14[6] [receive] via NET/IB/22/GDRDMA
[1,1]<stdout>:a2ap-dgx012:1490566:1490566 [2] NCCL INFO Channel 13/0 : 10[2] -> 11[3] via P2P/IPC
[1,1]<stdout>:a2ap-dgx012:1490565:1490565 [1] NCCL INFO Channel 11/0 : 9[1] -> 10[2] via P2P/IPC
[1,1]<stdout>:a2ap-dgx012:1490568:1490568 [4] NCCL INFO Channel 01/0 : 12[4] -> 13[5] via P2P/IPC
